The CJS build of Vite's Node API is deprecated. See https://vite.dev/guide/troubleshooting.html#vite-cjs-node-api-deprecated for more details.

[7m[1m[36m RUN [39m[22m[27m [36mv1.6.1[39m [90mD:/repos/shortcuts/packages/coc[39m

 [33mΓ¥»[39m test/spa/react/repos/ActivityListPane.test.tsx [2m ([22m[2m179 tests[22m [2m|[22m [31m134 failed[39m[2m)[22m[33m 378[2mms[22m[39m
[31m   [33mΓ¥»[31m test/spa/react/repos/ActivityListPane.test.tsx[2m > [22mActivityListPane[2m > [22mEmpty state[2m > [22mshows "Queue Task" button when not paused[39m
[31m     ΓåÆ Unable to find an element by: [data-testid="repo-queue-task-btn-empty"]

Ignored nodes: comments, script, style
[36m<body>[31m
  [36m<div>[31m
    [36m<div[31m
      [33mclass[31m=[32m"relative flex-1 flex flex-col overflow-hidden"[31m
    [36m>[31m
      [36m<div[31m
        [33mclass[31m=[32m"p-4 text-center text-sm text-[#848484] flex-1"[31m
        [33mdata-testid[31m=[32m"queue-empty-state"[31m
      [36m>[31m
        [36m<div>[31m
          [0mNo tasks in queue[0m
        [36m</div>[31m
      [36m</div>[31m
    [36m</div>[31m
  [36m</div>[31m
[36m</body>[31m[39m
[31m   [33mΓ¥»[31m test/spa/react/repos/ActivityListPane.test.tsx[2m > [22mActivityListPane[2m > [22mBanners[2m > [22mshows queue paused banner when isPaused[39m
[31m     ΓåÆ Unable to find an element by: [data-testid="queue-paused-banner"]

Ignored nodes: comments, script, style
[36m<body>[31m
  [36m<div>[31m
    [36m<div[31m
      [33mclass[31m=[32m"relative flex-1 flex flex-col overflow-hidden"[31m
    [36m>[31m
      [36m<div[31m
        [33mclass[31m=[32m"p-4 text-center text-sm text-[#848484] flex-1"[31m
        [33mdata-testid[31m=[32m"queue-empty-state"[31m
      [36m>[31m
        [36m<div[31m
          [33mclass[31m=[32m"mb-2"[31m
        [36m>[31m
          [0mQueue is paused[0m
        [36m</div>[31m
        [36m<button[31m
          [33mclass[31m=[32m"inline-flex items-center gap-1.5 font-medium transition-colors focus-visible:outline focus-visible:outline-2 focus-visible:outline-[#0078d4] disabled:opacity-50 disabled:cursor-not-allowed bg-transparent text-[#0078d4] hover:bg-[#0078d4]/10 dark:hover:bg-[#0078d4]/20 px-2 py-1 text-xs rounded       min-h-[44px] md:min-h-0"[31m
          [33mdata-testid[31m=[32m"repo-pause-resume-btn-empty"[31m
          [33mtype[31m=[32m"button"[31m
        [36m>[31m
          [0mΓû╢ Resume[0m
        [36m</button>[31m
      [36m</div>[31m
    [36m</div>[31m
  [36m</div>[31m
[36m</body>[31m[39m
[31m   [33mΓ¥»[31m test/spa/react/repos/ActivityListPane.test.tsx[2m > [22mActivityListPane[2m > [22mBanners[2m > [22mbanner shows pause reason with task name[39m
[31m     ΓåÆ Unable to find an element with the text: My Task. This could be because the text is broken up by multiple elements. In this case, you can provide a function for your text matcher to make your matcher more flexible.

Ignored nodes: comments, script, style
[36m<body>[31m
  [36m<div>[31m
    [36m<div[31m
      [33mclass[31m=[32m"relative flex-1 flex flex-col overflow-hidden"[31m
    [36m>[31m
      [36m<div[31m
        [33mclass[31m=[32m"p-4 text-center text-sm text-[#848484] flex-1"[31m
        [33mdata-testid[31m=[32m"queue-empty-state"[31m
      [36m>[31m
        [36m<div[31m
          [33mclass[31m=[32m"mb-2"[31m
        [36m>[31m
          [0mQueue is paused[0m
        [36m</div>[31m
        [36m<button[31m
          [33mclass[31m=[32m"inline-flex items-center gap-1.5 font-medium transition-colors focus-visible:outline focus-visible:outline-2 focus-visible:outline-[#0078d4] disabled:opacity-50 disabled:cursor-not-allowed bg-transparent text-[#0078d4] hover:bg-[#0078d4]/10 dark:hover:bg-[#0078d4]/20 px-2 py-1 text-xs rounded       min-h-[44px] md:min-h-0"[31m
          [33mdata-testid[31m=[32m"repo-pause-resume-btn-empty"[31m
          [33mtype[31m=[32m"button"[31m
        [36m>[31m
          [0mΓû╢ Resume[0m
        [36m</button>[31m
      [36m</div>[31m
    [36m</div>[31m
  [36m</div>[31m
[36m</body>[31m[39m
[31m   [33mΓ¥»[31m test/spa/react/repos/ActivityListPane.test.tsx[2m > [22mActivityListPane[2m > [22mBanners[2m > [22mshows View Task button when pauseReason present[39m
[31m     ΓåÆ Unable to find an element by: [data-testid="queue-banner-view-task-btn"]

Ignored nodes: comments, script, style
[36m<body>[31m
  [36m<div>[31m
    [36m<div[31m
      [33mclass[31m=[32m"relative flex-1 flex flex-col overflow-hidden"[31m
    [36m>[31m
      [36m<div[31m
        [33mclass[31m=[32m"p-4 text-center text-sm text-[#848484] flex-1"[31m
        [33mdata-testid[31m=[32m"queue-empty-state"[31m
      [36m>[31m
        [36m<div[31m
          [33mclass[31m=[32m"mb-2"[31m
        [36m>[31m
          [0mQueue is paused[0m
        [36m</div>[31m
        [36m<button[31m
          [33mclass[31m=[32m"inline-flex items-center gap-1.5 font-medium transition-colors focus-visible:outline focus-visible:outline-2 focus-visible:outline-[#0078d4] disabled:opacity-50 disabled:cursor-not-allowed bg-transparent text-[#0078d4] hover:bg-[#0078d4]/10 dark:hover:bg-[#0078d4]/20 px-2 py-1 text-xs rounded       min-h-[44px] md:min-h-0"[31m
          [33mdata-testid[31m=[32m"repo-pause-resume-btn-empty"[31m
          [33mtype[31m=[32m"button"[31m
        [36m>[31m
          [0mΓû╢ Resume[0m
        [36m</button>[31m
      [36m</div>[31m
    [36m</div>[31m
  [36m</div>[31m
[36m</body>[31m[39m
[31m   [33mΓ¥»[31m test/spa/react/repos/ActivityListPane.test.tsx[2m > [22mActivityListPane[2m > [22mBanners[2m > [22mdoes not render a redundant Paused badge when paused (banner is sufficient)[39m
[31m     ΓåÆ Unable to find an element by: [data-testid="queue-paused-banner"]

Ignored nodes: comments, script, style
[36m<body>[31m
  [36m<div>[31m
    [36m<div[31m
      [33mclass[31m=[32m"relative flex-1 flex flex-col overflow-hidden"[31m
    [36m>[31m
      [36m<div[31m
        [33mclass[31m=[32m"p-4 text-center text-sm text-[#848484] flex-1"[31m
        [33mdata-testid[31m=[32m"queue-empty-state"[31m
      [36m>[31m
        [36m<div[31m
          [33mclass[31m=[32m"mb-2"[31m
        [36m>[31m
          [0mQueue is paused[0m
        [36m</div>[31m
        [36m<button[31m
          [33mclass[31m=[32m"inline-flex items-center gap-1.5 font-medium transition-colors focus-visible:outline focus-visible:outline-2 focus-visible:outline-[#0078d4] disabled:opacity-50 disabled:cursor-not-allowed bg-transparent text-[#0078d4] hover:bg-[#0078d4]/10 dark:hover:bg-[#0078d4]/20 px-2 py-1 text-xs rounded       min-h-[44px] md:min-h-0"[31m
          [33mdata-testid[31m=[32m"repo-pause-resume-btn-empty"[31m
          [33mtype[31m=[32m"button"[31m
        [36m>[31m
          [0mΓû╢ Resume[0m
        [36m</button>[31m
      [36m</div>[31m
    [36m</div>[31m
  [36m</div>[31m
[36m</body>[31m[39m
[31m   [33mΓ¥»[31m test/spa/react/repos/ActivityListPane.test.tsx[2m > [22mActivityListPane[2m > [22mBanners[2m > [22mshows autopilot paused banner[39m
[31m     ΓåÆ Unable to find an element by: [data-testid="autopilot-paused-banner"]

Ignored nodes: comments, script, style
[36m<body>[31m
  [36m<div>[31m
    [36m<div[31m
      [33mclass[31m=[32m"relative flex-1 flex flex-col overflow-hidden"[31m
    [36m>[31m
      [36m<div[31m
        [33mclass[31m=[32m"p-4 text-center text-sm text-[#848484] flex-1"[31m
        [33mdata-testid[31m=[32m"queue-empty-state"[31m
      [36m>[31m
        [36m<div>[31m
          [0mNo tasks in queue[0m
        [36m</div>[31m
      [36m</div>[31m
    [36m</div>[31m
  [36m</div>[31m
[36m</body>[31m[39m
[31m   [33mΓ¥»[31m test/spa/react/repos/ActivityListPane.test.tsx[2m > [22mActivityListPane[2m > [22mToolbar[2m > [22mrenders refresh button[39m
[31m     ΓåÆ Unable to find an element by: [data-testid="queue-refresh-btn"]

Ignored nodes: comments, script, style
[36m<body>[31m
  [36m<div>[31m
    [36m<div[31m
      [33mclass[31m=[32m"relative flex-1 flex flex-col overflow-hidden"[31m
    [36m>[31m
      [36m<div[31m
        [33mclass[31m=[32m"p-4 text-center text-sm text-[#848484] flex-1"[31m
        [33mdata-testid[31m=[32m"queue-empty-state"[31m
      [36m>[31m
        [36m<div>[31m
          [0mNo tasks in queue[0m
        [36m</div>[31m
      [36m</div>[31m
    [36m</div>[31m
  [36m</div>[31m
[36m</body>[31m[39m
[31m   [33mΓ¥»[31m test/spa/react/repos/ActivityListPane.test.tsx[2m > [22mActivityListPane[2m > [22mToolbar[2m > [22mpause button shows ΓÅ╕ when not paused[39m
[31m     ΓåÆ Unable to find an element by: [data-testid="repo-pause-resume-btn"]

Ignored nodes: comments, script, style
[36m<body>[31m
  [36m<div>[31m
    [36m<div[31m
      [33mclass[31m=[32m"relative flex-1 flex flex-col overflow-hidden"[31m
    [36m>[31m
      [36m<div[31m
        [33mclass[31m=[32m"p-4 text-center text-sm text-[#848484] flex-1"[31m
        [33mdata-testid[31m=[32m"queue-empty-state"[31m
      [36m>[31m
        [36m<div>[31m
          [0mNo tasks in queue[0m
        [36m</div>[31m
      [36m</div>[31m
    [36m</div>[31m
  [36m</div>[31m
[36m</body>[31m[39m
[31m   [33mΓ¥»[31m test/spa/react/repos/ActivityListPane.test.tsx[2m > [22mActivityListPane[2m > [22mToolbar[2m > [22mpause button shows Γû╢ when paused[39m
[31m     ΓåÆ Unable to find an element by: [data-testid="repo-pause-resume-btn"]

Ignored nodes: comments, script, style
[36m<body>[31m
  [36m<div>[31m
    [36m<div[31m
      [33mclass[31m=[32m"relative flex-1 flex flex-col overflow-hidden"[31m
    [36m>[31m
      [36m<div[31m
        [33mclass[31m=[32m"p-4 text-center text-sm text-[#848484] flex-1"[31m
        [33mdata-testid[31m=[32m"queue-empty-state"[31m
      [36m>[31m
        [36m<div[31m
          [33mclass[31m=[32m"mb-2"[31m
        [36m>[31m
          [0mQueue is paused[0m
        [36m</div>[31m
        [36m<button[31m
          [33mclass[31m=[32m"inline-flex items-center gap-1.5 font-medium transition-colors focus-visible:outline focus-visible:outline-2 focus-visible:outline-[#0078d4] disabled:opacity-50 disabled:cursor-not-allowed bg-transparent text-[#0078d4] hover:bg-[#0078d4]/10 dark:hover:bg-[#0078d4]/20 px-2 py-1 text-xs rounded       min-h-[44px] md:min-h-0"[31m
          [33mdata-testid[31m=[32m"repo-pause-resume-btn-empty"[31m
          [33mtype[31m=[32m"button"[31m
        [36m>[31m
          [0mΓû╢ Resume[0m
        [36m</button>[31m
      [36m</div>[31m
    [36m</div>[31m
  [36m</div>[31m
[36m</body>[31m[39m
[31m   [33mΓ¥»[31m test/spa/react/repos/ActivityListPane.test.tsx[2m > [22mActivityListPane[2m > [22mRunning Tasks section[2m > [22mshows section header with count[39m
[31m     ΓåÆ Unable to find an element by: [data-testid="running-tasks-section-toggle"]

Ignored nodes: comments, script, style
[36m<body>[31m
  [36m<div>[31m
    [36m<div[31m
      [33mclass[31m=[32m"relative flex-1 flex flex-col overflow-hidden"[31m
    [36m>[31m
      [36m<div[31m
        [33mclass[31m=[32m"p-4 text-center text-sm text-[#848484] flex-1"[31m
        [33mdata-testid[31m=[32m"queue-empty-state"[31m
      [36m>[31m
        [36m<div>[31m
          [0mNo tasks in queue[0m
        [36m</div>[31m
      [36m</div>[31m
    [36m</div>[31m
  [36m</div>[31m
[36m</body>[31m[39m
[31m   [33mΓ¥»[31m test/spa/react/repos/ActivityListPane.test.tsx[2m > [22mActivityListPane[2m > [22mRunning Tasks section[2m > [22mshows task display name[39m
[31m     ΓåÆ Unable to find an element with the text: Build App. This could be because the text is broken up by multiple elements. In this case, you can provide a function for your text matcher to make your matcher more flexible.

Ignored nodes: comments, script, style
[36m<body>[31m
  [36m<div>[31m
    [36m<div[31m
      [33mclass[31m=[32m"relative flex-1 flex flex-col overflow-hidden"[31m
    [36m>[31m
      [36m<div[31m
        [33mclass[31m=[32m"p-4 text-center text-sm text-[#848484] flex-1"[31m
        [33mdata-testid[31m=[32m"queue-empty-state"[31m
      [36m>[31m
        [36m<div>[31m
          [0mNo tasks in queue[0m
        [36m</div>[31m
      [36m</div>[31m
    [36m</div>[31m
  [36m</div>[31m
[36m</body>[31m[39m
[31m   [33mΓ¥»[31m test/spa/react/repos/ActivityListPane.test.tsx[2m > [22mActivityListPane[2m > [22mRunning Tasks section[2m > [22mshows type icon for ask mode[39m
[31m     ΓåÆ expected 'No tasks in queue' to contain '≡ƒÆí'[39m
[31m   [33mΓ¥»[31m test/spa/react/repos/ActivityListPane.test.tsx[2m > [22mActivityListPane[2m > [22mRunning Tasks section[2m > [22mclicking task calls onSelectTask[39m
[31m     ΓåÆ Unable to fire a "click" event - please provide a DOM element.[39m
[31m   [33mΓ¥»[31m test/spa/react/repos/ActivityListPane.test.tsx[2m > [22mActivityListPane[2m > [22mRunning Tasks section[2m > [22mcollapsing section hides task cards[39m
[31m     ΓåÆ expected null to be truthy[39m
[31m   [33mΓ¥»[31m test/spa/react/repos/ActivityListPane.test.tsx[2m > [22mActivityListPane[2m > [22mQueued Tasks section[2m > [22mshows section header with count[39m
[31m     ΓåÆ Unable to find an element by: [data-testid="queued-tasks-section-toggle"]

Ignored nodes: comments, script, style
[36m<body>[31m
  [36m<div>[31m
    [36m<div[31m
      [33mclass[31m=[32m"relative flex-1 flex flex-col overflow-hidden"[31m
    [36m>[31m
      [36m<div[31m
        [33mclass[31m=[32m"p-4 text-center text-sm text-[#848484] flex-1"[31m
        [33mdata-testid[31m=[32m"queue-empty-state"[31m
      [36m>[31m
        [36m<div>[31m
          [0mNo tasks in queue[0m
        [36m</div>[31m
      [36m</div>[31m
    [36m</div>[31m
  [36m</div>[31m
[36m</body>[31m[39m
[31m   [33mΓ¥»[31m test/spa/react/repos/ActivityListPane.test.tsx[2m > [22mActivityListPane[2m > [22mQueued Tasks section[2m > [22mshows task display name[39m
[31m     ΓåÆ Unable to find an element with the text: Queued Work. This could be because the text is broken up by multiple elements. In this case, you can provide a function for your text matcher to make your matcher more flexible.

Ignored nodes: comments, script, style
[36m<body>[31m
  [36m<div>[31m
    [36m<div[31m
      [33mclass[31m=[32m"relative flex-1 flex flex-col overflow-hidden"[31m
    [36m>[31m
      [36m<div[31m
        [33mclass[31m=[32m"p-4 text-center text-sm text-[#848484] flex-1"[31m
        [33mdata-testid[31m=[32m"queue-empty-state"[31m
      [36m>[31m
        [36m<div>[31m
          [0mNo tasks in queue[0m
        [36m</div>[31m
      [36m</div>[31m
    [36m</div>[31m
  [36m</div>[31m
[36m</body>[31m[39m
[31m   [33mΓ¥»[31m test/spa/react/repos/ActivityListPane.test.tsx[2m > [22mActivityListPane[2m > [22mQueued Tasks section[2m > [22mclicking task calls onSelectTask[39m
[31m     ΓåÆ Unable to fire a "click" event - please provide a DOM element.[39m
[31m   [33mΓ¥»[31m test/spa/react/repos/ActivityListPane.test.tsx[2m > [22mActivityListPane[2m > [22mQueued Tasks section[2m > [22mrenders pause marker for pause-marker items[39m
[31m     ΓåÆ Unable to find an element by: [data-testid="pause-marker-row"]

Ignored nodes: comments, script, style
[36m<body>[31m
  [36m<div>[31m
    [36m<div[31m
      [33mclass[31m=[32m"relative flex-1 flex flex-col overflow-hidden"[31m
    [36m>[31m
      [36m<div[31m
        [33mclass[31m=[32m"p-4 flex flex-col gap-3 overflow-y-auto flex-1"[31m
      [36m>[31m
        [36m<div[31m
          [33mclass[31m=[32m"flex items-center gap-1.5 px-1 py-1 rounded border border-[#e0e0e0] dark:border-[#474749] bg-[#fafafa] dark:bg-[#1e1e1e] text-xs"[31m
        [36m>[31m
          [36m<span[31m
            [33mclass[31m=[32m"text-[#848484]"[31m
          [36m>[31m
            [0m≡ƒöì[0m
          [36m</span>[31m
          [36m<input[31m
            [33mclass[31m=[32m"flex-1 bg-transparent outline-none text-xs placeholder:text-[#848484]"[31m
            [33mdata-testid[31m=[32m"queue-search-input"[31m
            [33mplaceholder[31m=[32m"Search title, promptΓÇª"[31m
            [33mtype[31m=[32m"text"[31m
            [33mvalue[31m=[32m""[31m
          [36m/>[31m
          [36m<button[31m
            [33mclass[31m=[32m"text-[#848484] hover:text-[#333] dark:hover:text-[#ccc] leading-none"[31m
            [33mdata-testid[31m=[32m"queue-search-close"[31m
          [36m>[31m
            [0mΓ£ò[0m
          [36m</button>[31m
        [36m</div>[31m
      [36m</div>[31m
    [36m</div>[31m
  [36m</div>[31m
[36m</body>[31m[39m
[31m   [33mΓ¥»[31m test/spa/react/repos/ActivityListPane.test.tsx[2m > [22mActivityListPane[2m > [22mQueued Tasks section[2m > [22mcollapsing section hides task cards[39m
[31m     ΓåÆ expected null to be truthy[39m
[31m   [33mΓ¥»[31m test/spa/react/repos/ActivityListPane.test.tsx[2m > [22mActivityListPane[2m > [22mPinned section[2m > [22mshows section header with count[39m
[31m     ΓåÆ Unable to find an element by: [data-testid="pinned-chats-section-toggle"]

Ignored nodes: comments, script, style
[36m<body>[31m
  [36m<div>[31m
    [36m<div[31m
      [33mclass[31m=[32m"relative flex-1 flex flex-col overflow-hidden"[31m
    [36m>[31m
      [36m<div[31m
        [33mclass[31m=[32m"p-4 text-center text-sm text-[#848484] flex-1"[31m
        [33mdata-testid[31m=[32m"queue-empty-state"[31m
      [36m>[31m
        [36m<div>[31m
          [0mNo tasks in queue[0m
        [36m</div>[31m
      [36m</div>[31m
    [36m</div>[31m
  [36m</div>[31m
[36m</body>[31m[39m
[31m   [33mΓ¥»[31m test/spa/react/repos/ActivityListPane.test.tsx[2m > [22mActivityListPane[2m > [22mPinned section[2m > [22mshows pinned section when history tasks are pinned[39m
[31m     ΓåÆ Unable to find an element by: [data-testid="pinned-chats-section-toggle"]

Ignored nodes: comments, script, style
[36m<body>[31m
  [36m<div>[31m
    [36m<div[31m
      [33mclass[31m=[32m"relative flex-1 flex flex-col overflow-hidden"[31m
    [36m>[31m
      [36m<div[31m
        [33mclass[31m=[32m"p-4 text-center text-sm text-[#848484] flex-1"[31m
        [33mdata-testid[31m=[32m"queue-empty-state"[31m
      [36m>[31m
        [36m<div>[31m
          [0mNo tasks in queue[0m
        [36m</div>[31m
      [36m</div>[31m
    [36m</div>[31m
  [36m</div>[31m
[36m</body>[31m[39m
[31m   [33mΓ¥»[31m test/spa/react/repos/ActivityListPane.test.tsx[2m > [22mActivityListPane[2m > [22mPinned section[2m > [22mpinned cards have amber left border[39m
[31m     ΓåÆ expected null to be truthy[39m
[31m   [33mΓ¥»[31m test/spa/react/repos/ActivityListPane.test.tsx[2m > [22mActivityListPane[2m > [22mPinned section[2m > [22mpinned cards render inside pinned section[39m
[31m     ΓåÆ Unable to find an element by: [data-testid="pinned-chats-section-toggle"]

Ignored nodes: comments, script, style
[36m<body>[31m
  [36m<div>[31m
    [36m<div[31m
      [33mclass[31m=[32m"relative flex-1 flex flex-col overflow-hidden"[31m
    [36m>[31m
      [36m<div[31m
        [33mclass[31m=[32m"p-4 text-center text-sm text-[#848484] flex-1"[31m
        [33mdata-testid[31m=[32m"queue-empty-state"[31m
      [36m>[31m
        [36m<div>[31m
          [0mNo tasks in queue[0m
        [36m</div>[31m
      [36m</div>[31m
    [36m</div>[31m
  [36m</div>[31m
[36m</body>[31m[39m
[31m   [33mΓ¥»[31m test/spa/react/repos/ActivityListPane.test.tsx[2m > [22mActivityListPane[2m > [22mPinned section[2m > [22mpinned section count includes pinned running tasks[39m
[31m     ΓåÆ Unable to find an element by: [data-testid="pinned-chats-section-toggle"]

Ignored nodes: comments, script, style
[36m<body>[31m
  [36m<div>[31m
    [36m<div[31m
      [33mclass[31m=[32m"relative flex-1 flex flex-col overflow-hidden"[31m
    [36m>[31m
      [36m<div[31m
        [33mclass[31m=[32m"p-4 text-center text-sm text-[#848484] flex-1"[31m
        [33mdata-testid[31m=[32m"queue-empty-state"[31m
      [36m>[31m
        [36m<div>[31m
          [0mNo tasks in queue[0m
        [36m</div>[31m
      [36m</div>[31m
    [36m</div>[31m
  [36m</div>[31m
[36m</body>[31m[39m
[31m   [33mΓ¥»[31m test/spa/react/repos/ActivityListPane.test.tsx[2m > [22mActivityListPane[2m > [22mCompleted Tasks section[2m > [22mshows section header with count[39m
[31m     ΓåÆ expected 'No tasks in queue' to contain 'Completed Tasks'[39m
[31m   [33mΓ¥»[31m test/spa/react/repos/ActivityListPane.test.tsx[2m > [22mActivityListPane[2m > [22mCompleted Tasks section[2m > [22mcompleted task shows name[39m
[31m     ΓåÆ Unable to find an element with the text: Done Job. This could be because the text is broken up by multiple elements. In this case, you can provide a function for your text matcher to make your matcher more flexible.

Ignored nodes: comments, script, style
[36m<body>[31m
  [36m<div>[31m
    [36m<div[31m
      [33mclass[31m=[32m"relative flex-1 flex flex-col overflow-hidden"[31m
    [36m>[31m
      [36m<div[31m
        [33mclass[31m=[32m"p-4 text-center text-sm text-[#848484] flex-1"[31m
        [33mdata-testid[31m=[32m"queue-empty-state"[31m
      [36m>[31m
        [36m<div>[31m
          [0mNo tasks in queue[0m
        [36m</div>[31m
      [36m</div>[31m
    [36m</div>[31m
  [36m</div>[31m
[36m</body>[31m[39m
[31m   [33mΓ¥»[31m test/spa/react/repos/ActivityListPane.test.tsx[2m > [22mActivityListPane[2m > [22mCompleted Tasks section[2m > [22mselected task has ring highlight[39m
[31m     ΓåÆ Cannot read properties of null (reading 'className')[39m
[31m   [33mΓ¥»[31m test/spa/react/repos/ActivityListPane.test.tsx[2m > [22mActivityListPane[2m > [22mCompleted Tasks section[2m > [22mcollapse hides task cards[39m
[31m     ΓåÆ expected null to be truthy[39m
[31m   [33mΓ¥»[31m test/spa/react/repos/ActivityListPane.test.tsx[2m > [22mActivityListPane[2m > [22mArchived section[2m > [22mshows section header with count[39m
[31m     ΓåÆ Unable to find an element by: [data-testid="archived-chats-section-toggle"]

Ignored nodes: comments, script, style
[36m<body>[31m
  [36m<div>[31m
    [36m<div[31m
      [33mclass[31m=[32m"relative flex-1 flex flex-col overflow-hidden"[31m
    [36m>[31m
      [36m<div[31m
        [33mclass[31m=[32m"p-4 text-center text-sm text-[#848484] flex-1"[31m
        [33mdata-testid[31m=[32m"queue-empty-state"[31m
      [36m>[31m
        [36m<div>[31m
          [0mNo tasks in queue[0m
        [36m</div>[31m
      [36m</div>[31m
    [36m</div>[31m
  [36m</div>[31m
[36m</body>[31m[39m
[31m   [33mΓ¥»[31m test/spa/react/repos/ActivityListPane.test.tsx[2m > [22mActivityListPane[2m > [22mArchived section[2m > [22mstarts collapsed by default[39m
[31m     ΓåÆ Unable to find an element by: [data-testid="archived-chats-section-toggle"]

Ignored nodes: comments, script, style
[36m<body>[31m
  [36m<div>[31m
    [36m<div[31m
      [33mclass[31m=[32m"relative flex-1 flex flex-col overflow-hidden"[31m
    [36m>[31m
      [36m<div[31m
        [33mclass[31m=[32m"p-4 text-center text-sm text-[#848484] flex-1"[31m
        [33mdata-testid[31m=[32m"queue-empty-state"[31m
      [36m>[31m
        [36m<div>[31m
          [0mNo tasks in queue[0m
        [36m</div>[31m
      [36m</div>[31m
    [36m</div>[31m
  [36m</div>[31m
[36m</body>[31m[39m
[31m   [33mΓ¥»[31m test/spa/react/repos/ActivityListPane.test.tsx[2m > [22mActivityListPane[2m > [22mArchived section[2m > [22mexpands on click[39m
[31m     ΓåÆ Unable to find an element by: [data-testid="archived-chats-section-toggle"]

Ignored nodes: comments, script, style
[36m<body>[31m
  [36m<div>[31m
    [36m<div[31m
      [33mclass[31m=[32m"relative flex-1 flex flex-col overflow-hidden"[31m
    [36m>[31m
      [36m<div[31m
        [33mclass[31m=[32m"p-4 text-center text-sm text-[#848484] flex-1"[31m
        [33mdata-testid[31m=[32m"queue-empty-state"[31m
      [36m>[31m
        [36m<div>[31m
          [0mNo tasks in queue[0m
        [36m</div>[31m
      [36m</div>[31m
    [36m</div>[31m
  [36m</div>[31m
[36m</body>[31m[39m
[31m   [33mΓ¥»[31m test/spa/react/repos/ActivityListPane.test.tsx[2m > [22mActivityListPane[2m > [22mArchived section[2m > [22marchived cards have opacity-70[39m
[31m     ΓåÆ Unable to find an element by: [data-testid="archived-chats-section-toggle"]

Ignored nodes: comments, script, style
[36m<body>[31m
  [36m<div>[31m
    [36m<div[31m
      [33mclass[31m=[32m"relative flex-1 flex flex-col overflow-hidden"[31m
    [36m>[31m
      [36m<div[31m
        [33mclass[31m=[32m"p-4 text-center text-sm text-[#848484] flex-1"[31m
        [33mdata-testid[31m=[32m"queue-empty-state"[31m
      [36m>[31m
        [36m<div>[31m
          [0mNo tasks in queue[0m
        [36m</div>[31m
      [36m</div>[31m
    [36m</div>[31m
  [36m</div>[31m
[36m</body>[31m[39m
[31m   [33mΓ¥»[31m test/spa/react/repos/ActivityListPane.test.tsx[2m > [22mActivityListPane[2m > [22mArchived section[2m > [22marchived cards are inside the archived section[39m
[31m     ΓåÆ Unable to find an element by: [data-testid="archived-chats-section-toggle"]

Ignored nodes: comments, script, style
[36m<body>[31m
  [36m<div>[31m
    [36m<div[31m
      [33mclass[31m=[32m"relative flex-1 flex flex-col overflow-hidden"[31m
    [36m>[31m
      [36m<div[31m
        [33mclass[31m=[32m"p-4 text-center text-sm text-[#848484] flex-1"[31m
        [33mdata-testid[31m=[32m"queue-empty-state"[31m
      [36m>[31m
        [36m<div>[31m
          [0mNo tasks in queue[0m
        [36m</div>[31m
      [36m</div>[31m
    [36m</div>[31m
  [36m</div>[31m
[36m</body>[31m[39m
[31m   [33mΓ¥»[31m test/spa/react/repos/ActivityListPane.test.tsx[2m > [22mActivityListPane[2m > [22mContext menus[2m > [22mRunning task menu[2m > [22mright-click opens context menu[39m
[31m     ΓåÆ Unable to fire a "contextmenu" event - please provide a DOM element.[39m
[31m   [33mΓ¥»[31m test/spa/react/repos/ActivityListPane.test.tsx[2m > [22mActivityListPane[2m > [22mContext menus[2m > [22mRunning task menu[2m > [22m"Pin to top" shown for unpinned task[39m
[31m     ΓåÆ Unable to fire a "contextmenu" event - please provide a DOM element.[39m
[31m   [33mΓ¥»[31m test/spa/react/repos/ActivityListPane.test.tsx[2m > [22mActivityListPane[2m > [22mContext menus[2m > [22mRunning task menu[2m > [22mclicking "Pin to top" calls pinChat[39m
[31m     ΓåÆ Unable to fire a "contextmenu" event - please provide a DOM element.[39m
[31m   [33mΓ¥»[31m test/spa/react/repos/ActivityListPane.test.tsx[2m > [22mActivityListPane[2m > [22mContext menus[2m > [22mRunning task menu[2m > [22m"Unpin" shown for pinned running task[39m
[31m     ΓåÆ Unable to fire a "contextmenu" event - please provide a DOM element.[39m
[31m   [33mΓ¥»[31m test/spa/react/repos/ActivityListPane.test.tsx[2m > [22mActivityListPane[2m > [22mContext menus[2m > [22mRunning task menu[2m > [22m"Cancel" menu item present[39m
[31m     ΓåÆ Unable to fire a "contextmenu" event - please provide a DOM element.[39m
[31m   [33mΓ¥»[31m test/spa/react/repos/ActivityListPane.test.tsx[2m > [22mActivityListPane[2m > [22mContext menus[2m > [22mQueued task menu[2m > [22mright-click opens context menu[39m
[31m     ΓåÆ Unable to fire a "contextmenu" event - please provide a DOM element.[39m
[31m   [33mΓ¥»[31m test/spa/react/repos/ActivityListPane.test.tsx[2m > [22mActivityListPane[2m > [22mContext menus[2m > [22mQueued task menu[2m > [22m"Move Up" shown when not first[39m
[31m     ΓåÆ Unable to fire a "contextmenu" event - please provide a DOM element.[39m
[31m   [33mΓ¥»[31m test/spa/react/repos/ActivityListPane.test.tsx[2m > [22mActivityListPane[2m > [22mContext menus[2m > [22mQueued task menu[2m > [22m"Move Up" hidden for first item[39m
[31m     ΓåÆ Unable to fire a "contextmenu" event - please provide a DOM element.[39m
[31m   [33mΓ¥»[31m test/spa/react/repos/ActivityListPane.test.tsx[2m > [22mActivityListPane[2m > [22mContext menus[2m > [22mQueued task menu[2m > [22m"Freeze" shown for unfrozen task[39m
[31m     ΓåÆ Unable to fire a "contextmenu" event - please provide a DOM element.[39m
[31m   [33mΓ¥»[31m test/spa/react/repos/ActivityListPane.test.tsx[2m > [22mActivityListPane[2m > [22mContext menus[2m > [22mQueued task menu[2m > [22m"Unfreeze" shown for frozen task[39m
[31m     ΓåÆ Unable to fire a "contextmenu" event - please provide a DOM element.[39m
[31m   [33mΓ¥»[31m test/spa/react/repos/ActivityListPane.test.tsx[2m > [22mActivityListPane[2m > [22mContext menus[2m > [22mCompleted task menu[2m > [22mright-click opens context menu[39m
[31m     ΓåÆ Unable to fire a "contextmenu" event - please provide a DOM element.[39m
[31m   [33mΓ¥»[31m test/spa/react/repos/ActivityListPane.test.tsx[2m > [22mActivityListPane[2m > [22mContext menus[2m > [22mCompleted task menu[2m > [22m"Pin to top" shown for unpinned task[39m
[31m     ΓåÆ Unable to fire a "contextmenu" event - please provide a DOM element.[39m
[31m   [33mΓ¥»[31m test/spa/react/repos/ActivityListPane.test.tsx[2m > [22mActivityListPane[2m > [22mContext menus[2m > [22mCompleted task menu[2m > [22m"Mark as Read" shown for unseen task[39m
[31m     ΓåÆ Unable to fire a "contextmenu" event - please provide a DOM element.[39m
[31m   [33mΓ¥»[31m test/spa/react/repos/ActivityListPane.test.tsx[2m > [22mActivityListPane[2m > [22mContext menus[2m > [22mCompleted task menu[2m > [22m"Mark as Unread" shown for seen task[39m
[31m     ΓåÆ Unable to fire a "contextmenu" event - please provide a DOM element.[39m
[31m   [33mΓ¥»[31m test/spa/react/repos/ActivityListPane.test.tsx[2m > [22mActivityListPane[2m > [22mContext menus[2m > [22mCompleted task menu[2m > [22m"Archive" shown for non-archived task[39m
[31m     ΓåÆ Unable to fire a "contextmenu" event - please provide a DOM element.[39m
[31m   [33mΓ¥»[31m test/spa/react/repos/ActivityListPane.test.tsx[2m > [22mActivityListPane[2m > [22mContext menus[2m > [22mCompleted task menu[2m > [22m"Delete" present[39m
[31m     ΓåÆ Unable to fire a "contextmenu" event - please provide a DOM element.[39m
[31m   [33mΓ¥»[31m test/spa/react/repos/ActivityListPane.test.tsx[2m > [22mActivityListPane[2m > [22mContext menus[2m > [22mCompleted task menu[2m > [22m"Rename" shown for completed task[39m
[31m     ΓåÆ Unable to fire a "contextmenu" event - please provide a DOM element.[39m
[31m   [33mΓ¥»[31m test/spa/react/repos/ActivityListPane.test.tsx[2m > [22mActivityListPane[2m > [22mContext menus[2m > [22mCompleted task menu[2m > [22mclicking Rename opens the RenameDialog[39m
[31m     ΓåÆ Unable to fire a "contextmenu" event - please provide a DOM element.[39m
[31m   [33mΓ¥»[31m test/spa/react/repos/ActivityListPane.test.tsx[2m > [22mActivityListPane[2m > [22mContext menus[2m > [22mCompleted task menu[2m > [22mcalls PATCH /api/processes/queue_<taskId> on rename confirm[39m
[31m     ΓåÆ Unable to fire a "contextmenu" event - please provide a DOM element.[39m
[31m   [33mΓ¥»[31m test/spa/react/repos/ActivityListPane.test.tsx[2m > [22mActivityListPane[2m > [22mContext menus[2m > [22mBulk context menu[2m > [22mshift+click selects range[39m
[31m     ΓåÆ Unable to fire a "click" event - please provide a DOM element.[39m
[31m   [33mΓ¥»[31m test/spa/react/repos/ActivityListPane.test.tsx[2m > [22mActivityListPane[2m > [22mContext menus[2m > [22mBulk context menu[2m > [22mctrl+click toggles individual selection[39m
[31m     ΓåÆ Unable to fire a "click" event - please provide a DOM element.[39m
[31m   [33mΓ¥»[31m test/spa/react/repos/ActivityListPane.test.tsx[2m > [22mActivityListPane[2m > [22mContext menus[2m > [22mBulk context menu[2m > [22mright-click selected item shows bulk menu[39m
[31m     ΓåÆ Unable to fire a "click" event - please provide a DOM element.[39m
[31m   [33mΓ¥»[31m test/spa/react/repos/ActivityListPane.test.tsx[2m > [22mActivityListPane[2m > [22mContext menus[2m > [22mBulk context menu[2m > [22mbulk menu shows count header[39m
[31m     ΓåÆ Unable to fire a "click" event - please provide a DOM element.[39m
[31m   [33mΓ¥»[31m test/spa/react/repos/ActivityListPane.test.tsx[2m > [22mActivityListPane[2m > [22mContext menus[2m > [22mBulk context menu[2m > [22mbulk "Mark as Read" shown when any unseen[39m
[31m     ΓåÆ Unable to fire a "click" event - please provide a DOM element.[39m
[31m   [33mΓ¥»[31m test/spa/react/repos/ActivityListPane.test.tsx[2m > [22mActivityListPane[2m > [22mContext menus[2m > [22mBulk context menu[2m > [22mbulk "Summarize" shown for Γëñ20[39m
[31m     ΓåÆ Unable to fire a "click" event - please provide a DOM element.[39m
[31m   [33mΓ¥»[31m test/spa/react/repos/ActivityListPane.test.tsx[2m > [22mActivityListPane[2m > [22mContext menus[2m > [22mBulk context menu[2m > [22mbulk "Delete" present[39m
[31m     ΓåÆ Unable to fire a "click" event - please provide a DOM element.[39m
[31m   [33mΓ¥»[31m test/spa/react/repos/ActivityListPane.test.tsx[2m > [22mActivityListPane[2m > [22mMulti-select[2m > [22mEscape clears selection when search is toggled to re-bind handler[39m
[31m     ΓåÆ Unable to fire a "click" event - please provide a DOM element.[39m
[31m   [33mΓ¥»[31m test/spa/react/repos/ActivityListPane.test.tsx[2m > [22mActivityListPane[2m > [22mMulti-select[2m > [22mselection clear button clears selection[39m
[31m     ΓåÆ Unable to fire a "click" event - please provide a DOM element.[39m
[31m   [33mΓ¥»[31m test/spa/react/repos/ActivityListPane.test.tsx[2m > [22mActivityListPane[2m > [22mMulti-select[2m > [22mselected cards show checkbox Γÿæ[39m
[31m     ΓåÆ Unable to fire a "click" event - please provide a DOM element.[39m
[31m   [33mΓ¥»[31m test/spa/react/repos/ActivityListPane.test.tsx[2m > [22mActivityListPane[2m > [22mMulti-select[2m > [22mselected cards have blue tint[39m
[31m     ΓåÆ Unable to fire a "click" event - please provide a DOM element.[39m
[31m   [33mΓ¥»[31m test/spa/react/repos/ActivityListPane.test.tsx[2m > [22mActivityListPane[2m > [22mMulti-select[2m > [22mselected cards have outline class[39m
[31m     ΓåÆ Unable to fire a "click" event - please provide a DOM element.[39m
[31m   [33mΓ¥»[31m test/spa/react/repos/ActivityListPane.test.tsx[2m > [22mActivityListPane[2m > [22mMulti-select[2m > [22mplain click clears selection and opens task[39m
[31m     ΓåÆ Unable to fire a "click" event - please provide a DOM element.[39m
[31m   [33mΓ¥»[31m test/spa/react/repos/ActivityListPane.test.tsx[2m > [22mActivityListPane[2m > [22mSearch[2m > [22mCtrl+F opens search bar[39m
[31m     ΓåÆ Unable to find an element by: [data-testid="queue-search-input"]

Ignored nodes: comments, script, style
[36m<body>[31m
  [36m<div>[31m
    [36m<div[31m
      [33mclass[31m=[32m"relative flex-1 flex flex-col overflow-hidden"[31m
    [36m>[31m
      [36m<div[31m
        [33mclass[31m=[32m"p-4 text-center text-sm text-[#848484] flex-1"[31m
        [33mdata-testid[31m=[32m"queue-empty-state"[31m
      [36m>[31m
        [36m<div>[31m
          [0mNo tasks in queue[0m
        [36m</div>[31m
      [36m</div>[31m
    [36m</div>[31m
  [36m</div>[31m
[36m</body>[31m[39m
[31m   [33mΓ¥»[31m test/spa/react/repos/ActivityListPane.test.tsx[2m > [22mActivityListPane[2m > [22mSearch[2m > [22msearch input has placeholder[39m
[31m     ΓåÆ Unable to find an element by: [data-testid="queue-search-input"]

Ignored nodes: comments, script, style
[36m<body>[31m
  [36m<div>[31m
    [36m<div[31m
      [33mclass[31m=[32m"relative flex-1 flex flex-col overflow-hidden"[31m
    [36m>[31m
      [36m<div[31m
        [33mclass[31m=[32m"p-4 text-center text-sm text-[#848484] flex-1"[31m
        [33mdata-testid[31m=[32m"queue-empty-state"[31m
      [36m>[31m
        [36m<div>[31m
          [0mNo tasks in queue[0m
        [36m</div>[31m
      [36m</div>[31m
    [36m</div>[31m
  [36m</div>[31m
[36m</body>[31m[39m
[31m   [33mΓ¥»[31m test/spa/react/repos/ActivityListPane.test.tsx[2m > [22mActivityListPane[2m > [22mSearch[2m > [22mtyping filters running tasks[39m
[31m     ΓåÆ Unable to find an element by: [data-testid="queue-search-input"]

Ignored nodes: comments, script, style
[36m<body>[31m
  [36m<div>[31m
    [36m<div[31m
      [33mclass[31m=[32m"relative flex-1 flex flex-col overflow-hidden"[31m
    [36m>[31m
      [36m<div[31m
        [33mclass[31m=[32m"p-4 text-center text-sm text-[#848484] flex-1"[31m
        [33mdata-testid[31m=[32m"queue-empty-state"[31m
      [36m>[31m
        [36m<div>[31m
          [0mNo tasks in queue[0m
        [36m</div>[31m
      [36m</div>[31m
    [36m</div>[31m
  [36m</div>[31m
[36m</body>[31m[39m
[31m   [33mΓ¥»[31m test/spa/react/repos/ActivityListPane.test.tsx[2m > [22mActivityListPane[2m > [22mSearch[2m > [22mtyping filters history tasks[39m
[31m     ΓåÆ Unable to find an element by: [data-testid="queue-search-input"]

Ignored nodes: comments, script, style
[36m<body>[31m
  [36m<div>[31m
    [36m<div[31m
      [33mclass[31m=[32m"relative flex-1 flex flex-col overflow-hidden"[31m
    [36m>[31m
      [36m<div[31m
        [33mclass[31m=[32m"p-4 text-center text-sm text-[#848484] flex-1"[31m
        [33mdata-testid[31m=[32m"queue-empty-state"[31m
      [36m>[31m
        [36m<div>[31m
          [0mNo tasks in queue[0m
        [36m</div>[31m
      [36m</div>[31m
    [36m</div>[31m
  [36m</div>[31m
[36m</body>[31m[39m
[31m   [33mΓ¥»[31m test/spa/react/repos/ActivityListPane.test.tsx[2m > [22mActivityListPane[2m > [22mSearch[2m > [22mmatch count shown when query non-empty[39m
[31m     ΓåÆ Unable to find an element by: [data-testid="queue-search-input"]

Ignored nodes: comments, script, style
[36m<body>[31m
  [36m<div>[31m
    [36m<div[31m
      [33mclass[31m=[32m"relative flex-1 flex flex-col overflow-hidden"[31m
    [36m>[31m
      [36m<div[31m
        [33mclass[31m=[32m"p-4 text-center text-sm text-[#848484] flex-1"[31m
        [33mdata-testid[31m=[32m"queue-empty-state"[31m
      [36m>[31m
        [36m<div>[31m
          [0mNo tasks in queue[0m
        [36m</div>[31m
      [36m</div>[31m
    [36m</div>[31m
  [36m</div>[31m
[36m</body>[31m[39m
[31m   [33mΓ¥»[31m test/spa/react/repos/ActivityListPane.test.tsx[2m > [22mActivityListPane[2m > [22mSearch[2m > [22mclose button clears and hides[39m
[31m     ΓåÆ Unable to find an element by: [data-testid="queue-search-input"]

Ignored nodes: comments, script, style
[36m<body>[31m
  [36m<div>[31m
    [36m<div[31m
      [33mclass[31m=[32m"relative flex-1 flex flex-col overflow-hidden"[31m
    [36m>[31m
      [36m<div[31m
        [33mclass[31m=[32m"p-4 text-center text-sm text-[#848484] flex-1"[31m
        [33mdata-testid[31m=[32m"queue-empty-state"[31m
      [36m>[31m
        [36m<div>[31m
          [0mNo tasks in queue[0m
        [36m</div>[31m
      [36m</div>[31m
    [36m</div>[31m
  [36m</div>[31m
[36m</body>[31m[39m
[31m   [33mΓ¥»[31m test/spa/react/repos/ActivityListPane.test.tsx[2m > [22mActivityListPane[2m > [22mSearch[2m > [22mEscape closes search[39m
[31m     ΓåÆ Unable to find an element by: [data-testid="queue-search-input"]

Ignored nodes: comments, script, style
[36m<body>[31m
  [36m<div>[31m
    [36m<div[31m
      [33mclass[31m=[32m"relative flex-1 flex flex-col overflow-hidden"[31m
    [36m>[31m
      [36m<div[31m
        [33mclass[31m=[32m"p-4 text-center text-sm text-[#848484] flex-1"[31m
        [33mdata-testid[31m=[32m"queue-empty-state"[31m
      [36m>[31m
        [36m<div>[31m
          [0mNo tasks in queue[0m
        [36m</div>[31m
      [36m</div>[31m
    [36m</div>[31m
  [36m</div>[31m
[36m</body>[31m[39m
[31m   [33mΓ¥»[31m test/spa/react/repos/ActivityListPane.test.tsx[2m > [22mActivityListPane[2m > [22mFrozen task visual[2m > [22mfrozen queued task shows Γ¥ä∩╕Å icon[39m
[31m     ΓåÆ expected 'No tasks in queue' to contain 'Γ¥ä∩╕Å'[39m
[31m   [33mΓ¥»[31m test/spa/react/repos/ActivityListPane.test.tsx[2m > [22mActivityListPane[2m > [22mFrozen task visual[2m > [22mfrozen task card has task-frozen class[39m
[31m     ΓåÆ Cannot read properties of null (reading 'className')[39m
[31m   [33mΓ¥»[31m test/spa/react/repos/ActivityListPane.test.tsx[2m > [22mActivityListPane[2m > [22mDraft badge[2m > [22mdraft badge shown on running task when draft exists[39m
[31m     ΓåÆ Unable to find an element by: [data-testid="draft-badge"]

Ignored nodes: comments, script, style
[36m<body>[31m
  [36m<div>[31m
    [36m<div[31m
      [33mclass[31m=[32m"relative flex-1 flex flex-col overflow-hidden"[31m
    [36m>[31m
      [36m<div[31m
        [33mclass[31m=[32m"p-4 text-center text-sm text-[#848484] flex-1"[31m
        [33mdata-testid[31m=[32m"queue-empty-state"[31m
      [36m>[31m
        [36m<div>[31m
          [0mNo tasks in queue[0m
        [36m</div>[31m
      [36m</div>[31m
    [36m</div>[31m
  [36m</div>[31m
[36m</body>[31m[39m
[31m   [33mΓ¥»[31m test/spa/react/repos/ActivityListPane.test.tsx[2m > [22mActivityListPane[2m > [22mUnseen dot[2m > [22munseen dot shown on completed task[39m
[31m     ΓåÆ Unable to find an element by: [data-testid="unseen-dot"]

Ignored nodes: comments, script, style
[36m<body>[31m
  [36m<div>[31m
    [36m<div[31m
      [33mclass[31m=[32m"relative flex-1 flex flex-col overflow-hidden"[31m
    [36m>[31m
      [36m<div[31m
        [33mclass[31m=[32m"p-4 text-center text-sm text-[#848484] flex-1"[31m
        [33mdata-testid[31m=[32m"queue-empty-state"[31m
      [36m>[31m
        [36m<div>[31m
          [0mNo tasks in queue[0m
        [36m</div>[31m
      [36m</div>[31m
    [36m</div>[31m
  [36m</div>[31m
[36m</body>[31m[39m
[31m   [33mΓ¥»[31m test/spa/react/repos/ActivityListPane.test.tsx[2m > [22mActivityListPane[2m > [22mUnseen dot[2m > [22munseen dot shown on pinned task[39m
[31m     ΓåÆ Unable to find an element by: [data-testid="unseen-dot"]

Ignored nodes: comments, script, style
[36m<body>[31m
  [36m<div>[31m
    [36m<div[31m
      [33mclass[31m=[32m"relative flex-1 flex flex-col overflow-hidden"[31m
    [36m>[31m
      [36m<div[31m
        [33mclass[31m=[32m"p-4 text-center text-sm text-[#848484] flex-1"[31m
        [33mdata-testid[31m=[32m"queue-empty-state"[31m
      [36m>[31m
        [36m<div>[31m
          [0mNo tasks in queue[0m
        [36m</div>[31m
      [36m</div>[31m
    [36m</div>[31m
  [36m</div>[31m
[36m</body>[31m[39m
[31m   [33mΓ¥»[31m test/spa/react/repos/ActivityListPane.test.tsx[2m > [22mActivityListPane[2m > [22mUnseen dot[2m > [22munseen task title is bold[39m
[31m     ΓåÆ Cannot read properties of null (reading 'querySelector')[39m
[31m   [33mΓ¥»[31m test/spa/react/repos/ActivityListPane.test.tsx[2m > [22mActivityListPane[2m > [22mUnseen dot[2m > [22munseen count badge in header[39m
[31m     ΓåÆ Unable to find an element by: [data-testid="unseen-count-badge"]

Ignored nodes: comments, script, style
[36m<body>[31m
  [36m<div>[31m
    [36m<div[31m
      [33mclass[31m=[32m"relative flex-1 flex flex-col overflow-hidden"[31m
    [36m>[31m
      [36m<div[31m
        [33mclass[31m=[32m"p-4 text-center text-sm text-[#848484] flex-1"[31m
        [33mdata-testid[31m=[32m"queue-empty-state"[31m
      [36m>[31m
        [36m<div>[31m
          [0mNo tasks in queue[0m
        [36m</div>[31m
      [36m</div>[31m
    [36m</div>[31m
  [36m</div>[31m
[36m</body>[31m[39m
[31m   [33mΓ¥»[31m test/spa/react/repos/ActivityListPane.test.tsx[2m > [22mActivityListPane[2m > [22mUnseen dot[2m > [22mmark all read button shown[39m
[31m     ΓåÆ Unable to find an element by: [data-testid="mark-all-read-btn"]

Ignored nodes: comments, script, style
[36m<body>[31m
  [36m<div>[31m
    [36m<div[31m
      [33mclass[31m=[32m"relative flex-1 flex flex-col overflow-hidden"[31m
    [36m>[31m
      [36m<div[31m
        [33mclass[31m=[32m"p-4 text-center text-sm text-[#848484] flex-1"[31m
        [33mdata-testid[31m=[32m"queue-empty-state"[31m
      [36m>[31m
        [36m<div>[31m
          [0mNo tasks in queue[0m
        [36m</div>[31m
      [36m</div>[31m
    [36m</div>[31m
  [36m</div>[31m
[36m</body>[31m[39m
[31m   [33mΓ¥»[31m test/spa/react/repos/ActivityListPane.test.tsx[2m > [22mActivityListPane[2m > [22mUnseen dot[2m > [22munseen dot shown on archived task[39m
[31m     ΓåÆ Unable to find an element by: [data-testid="archived-chats-section-toggle"]

Ignored nodes: comments, script, style
[36m<body>[31m
  [36m<div>[31m
    [36m<div[31m
      [33mclass[31m=[32m"relative flex-1 flex flex-col overflow-hidden"[31m
    [36m>[31m
      [36m<div[31m
        [33mclass[31m=[32m"p-4 text-center text-sm text-[#848484] flex-1"[31m
        [33mdata-testid[31m=[32m"queue-empty-state"[31m
      [36m>[31m
        [36m<div>[31m
          [0mNo tasks in queue[0m
        [36m</div>[31m
      [36m</div>[31m
    [36m</div>[31m
  [36m</div>[31m
[36m</body>[31m[39m
[31m   [33mΓ¥»[31m test/spa/react/repos/ActivityListPane.test.tsx[2m > [22mActivityListPane[2m > [22mPinned section mark all read[2m > [22mmark all read button appears when unseen pinned items exist[39m
[31m     ΓåÆ Unable to find an element by: [data-testid="mark-all-read-pinned-btn"]

Ignored nodes: comments, script, style
[36m<body>[31m
  [36m<div>[31m
    [36m<div[31m
      [33mclass[31m=[32m"relative flex-1 flex flex-col overflow-hidden"[31m
    [36m>[31m
      [36m<div[31m
        [33mclass[31m=[32m"p-4 text-center text-sm text-[#848484] flex-1"[31m
        [33mdata-testid[31m=[32m"queue-empty-state"[31m
      [36m>[31m
        [36m<div>[31m
          [0mNo tasks in queue[0m
        [36m</div>[31m
      [36m</div>[31m
    [36m</div>[31m
  [36m</div>[31m
[36m</body>[31m[39m
[31m   [33mΓ¥»[31m test/spa/react/repos/ActivityListPane.test.tsx[2m > [22mActivityListPane[2m > [22mPinned section mark all read[2m > [22mclicking mark all read calls onMarkAllRead with pinned tasks[39m
[31m     ΓåÆ Unable to find an element by: [data-testid="mark-all-read-pinned-btn"]

Ignored nodes: comments, script, style
[36m<body>[31m
  [36m<div>[31m
    [36m<div[31m
      [33mclass[31m=[32m"relative flex-1 flex flex-col overflow-hidden"[31m
    [36m>[31m
      [36m<div[31m
        [33mclass[31m=[32m"p-4 text-center text-sm text-[#848484] flex-1"[31m
        [33mdata-testid[31m=[32m"queue-empty-state"[31m
      [36m>[31m
        [36m<div>[31m
          [0mNo tasks in queue[0m
        [36m</div>[31m
      [36m</div>[31m
    [36m</div>[31m
  [36m</div>[31m
[36m</body>[31m[39m
[31m   [33mΓ¥»[31m test/spa/react/repos/ActivityListPane.test.tsx[2m > [22mActivityListPane[2m > [22mPinned section mark all read[2m > [22munseen badge shows correct count for pinned section[39m
[31m     ΓåÆ Unable to find an element by: [data-testid="unseen-pinned-count-badge"]

Ignored nodes: comments, script, style
[36m<body>[31m
  [36m<div>[31m
    [36m<div[31m
      [33mclass[31m=[32m"relative flex-1 flex flex-col overflow-hidden"[31m
    [36m>[31m
      [36m<div[31m
        [33mclass[31m=[32m"p-4 text-center text-sm text-[#848484] flex-1"[31m
        [33mdata-testid[31m=[32m"queue-empty-state"[31m
      [36m>[31m
        [36m<div>[31m
          [0mNo tasks in queue[0m
        [36m</div>[31m
      [36m</div>[31m
    [36m</div>[31m
  [36m</div>[31m
[36m</body>[31m[39m
[31m   [33mΓ¥»[31m test/spa/react/repos/ActivityListPane.test.tsx[2m > [22mActivityListPane[2m > [22mArchived section mark all read[2m > [22mmark all read button appears when unseen archived items exist[39m
[31m     ΓåÆ Unable to find an element by: [data-testid="mark-all-read-archived-btn"]

Ignored nodes: comments, script, style
[36m<body>[31m
  [36m<div>[31m
    [36m<div[31m
      [33mclass[31m=[32m"relative flex-1 flex flex-col overflow-hidden"[31m
    [36m>[31m
      [36m<div[31m
        [33mclass[31m=[32m"p-4 text-center text-sm text-[#848484] flex-1"[31m
        [33mdata-testid[31m=[32m"queue-empty-state"[31m
      [36m>[31m
        [36m<div>[31m
          [0mNo tasks in queue[0m
        [36m</div>[31m
      [36m</div>[31m
    [36m</div>[31m
  [36m</div>[31m
[36m</body>[31m[39m
[31m   [33mΓ¥»[31m test/spa/react/repos/ActivityListPane.test.tsx[2m > [22mActivityListPane[2m > [22mArchived section mark all read[2m > [22mclicking mark all read calls onMarkAllRead with archived tasks[39m
[31m     ΓåÆ Unable to find an element by: [data-testid="mark-all-read-archived-btn"]

Ignored nodes: comments, script, style
[36m<body>[31m
  [36m<div>[31m
    [36m<div[31m
      [33mclass[31m=[32m"relative flex-1 flex flex-col overflow-hidden"[31m
    [36m>[31m
      [36m<div[31m
        [33mclass[31m=[32m"p-4 text-center text-sm text-[#848484] flex-1"[31m
        [33mdata-testid[31m=[32m"queue-empty-state"[31m
      [36m>[31m
        [36m<div>[31m
          [0mNo tasks in queue[0m
        [36m</div>[31m
      [36m</div>[31m
    [36m</div>[31m
  [36m</div>[31m
[36m</body>[31m[39m
[31m   [33mΓ¥»[31m test/spa/react/repos/ActivityListPane.test.tsx[2m > [22mActivityListPane[2m > [22mArchived section mark all read[2m > [22munseen badge shows correct count for archived section[39m
[31m     ΓåÆ Unable to find an element by: [data-testid="unseen-archived-count-badge"]

Ignored nodes: comments, script, style
[36m<body>[31m
  [36m<div>[31m
    [36m<div[31m
      [33mclass[31m=[32m"relative flex-1 flex flex-col overflow-hidden"[31m
    [36m>[31m
      [36m<div[31m
        [33mclass[31m=[32m"p-4 text-center text-sm text-[#848484] flex-1"[31m
        [33mdata-testid[31m=[32m"queue-empty-state"[31m
      [36m>[31m
        [36m<div>[31m
          [0mNo tasks in queue[0m
        [36m</div>[31m
      [36m</div>[31m
    [36m</div>[31m
  [36m</div>[31m
[36m</body>[31m[39m
[31m   [33mΓ¥»[31m test/spa/react/repos/ActivityListPane.test.tsx[2m > [22mActivityListPane[2m > [22mType icons[2m > [22mchat ask shows ≡ƒÆí[39m
[31m     ΓåÆ expected 'No tasks in queue' to contain '≡ƒÆí'[39m
[31m   [33mΓ¥»[31m test/spa/react/repos/ActivityListPane.test.tsx[2m > [22mActivityListPane[2m > [22mType icons[2m > [22mchat plan shows ≡ƒôï[39m
[31m     ΓåÆ expected 'No tasks in queue' to contain '≡ƒôï'[39m
[31m   [33mΓ¥»[31m test/spa/react/repos/ActivityListPane.test.tsx[2m > [22mActivityListPane[2m > [22mType icons[2m > [22mchat default shows ≡ƒñû[39m
[31m     ΓåÆ expected 'No tasks in queue' to contain '≡ƒñû'[39m
[31m   [33mΓ¥»[31m test/spa/react/repos/ActivityListPane.test.tsx[2m > [22mActivityListPane[2m > [22mType icons[2m > [22mrun-workflow shows Γû╢∩╕Å[39m
[31m     ΓåÆ expected '≡ƒöìΓ£ò' to contain 'Γû╢∩╕Å'[39m
[31m   [33mΓ¥»[31m test/spa/react/repos/ActivityListPane.test.tsx[2m > [22mActivityListPane[2m > [22mType icons[2m > [22mrun-script shows ≡ƒ¢á∩╕Å[39m
[31m     ΓåÆ expected '≡ƒöìΓ£ò' to contain '≡ƒ¢á∩╕Å'[39m
[31m   [33mΓ¥»[31m test/spa/react/repos/ActivityListPane.test.tsx[2m > [22mActivityListPane[2m > [22mDense mode[2m > [22muses tighter padding with mobile-responsive vertical padding[39m
[31m     ΓåÆ Cannot read properties of null (reading 'className')[39m
[31m   [33mΓ¥»[31m test/spa/react/repos/ActivityListPane.test.tsx[2m > [22mActivityListPane[2m > [22mDense mode[2m > [22muses reduced gap for section containers[39m
[31m     ΓåÆ expected null to be truthy[39m
[31m   [33mΓ¥»[31m test/spa/react/repos/ActivityListPane.test.tsx[2m > [22mActivityListPane[2m > [22mDense mode[2m > [22mapplies mobile-responsive padding to history cards[39m
[31m     ΓåÆ Cannot read properties of null (reading 'className')[39m
[31m   [33mΓ¥»[31m test/spa/react/repos/ActivityListPane.test.tsx[2m > [22mActivityListPane[2m > [22mDense mode[2m > [22mapplies mobile-responsive padding to pinned cards[39m
[31m     ΓåÆ Cannot read properties of null (reading 'className')[39m
[31m   [33mΓ¥»[31m test/spa/react/repos/ActivityListPane.test.tsx[2m > [22mActivityListPane[2m > [22mDense mode[2m > [22mapplies mobile-responsive padding to queued cards[39m
[31m     ΓåÆ Cannot read properties of null (reading 'className')[39m
[31m   [33mΓ¥»[31m test/spa/react/repos/ActivityListPane.test.tsx[2m > [22mActivityListPane[2m > [22mDense mode[2m > [22mapplies mobile-responsive padding to archived cards[39m
[31m     ΓåÆ Unable to find an element by: [data-testid="archived-chats-section-toggle"]

Ignored nodes: comments, script, style
[36m<body>[31m
  [36m<div>[31m
    [36m<div[31m
      [33mclass[31m=[32m"relative flex-1 flex flex-col overflow-hidden"[31m
    [36m>[31m
      [36m<div[31m
        [33mclass[31m=[32m"p-4 text-center text-sm text-[#848484] flex-1"[31m
        [33mdata-testid[31m=[32m"queue-empty-state"[31m
      [36m>[31m
        [36m<div>[31m
          [0mNo tasks in queue[0m
        [36m</div>[31m
      [36m</div>[31m
    [36m</div>[31m
  [36m</div>[31m
[36m</body>[31m[39m
[31m   [33mΓ¥»[31m test/spa/react/repos/ActivityListPane.test.tsx[2m > [22mActivityListPane[2m > [22mDense mode[2m > [22mdoes not apply mobile-responsive padding in compact mode[39m
[31m     ΓåÆ Cannot read properties of null (reading 'className')[39m
[31m   [33mΓ¥»[31m test/spa/react/repos/ActivityListPane.test.tsx[2m > [22mActivityListPane[2m > [22mDense mode[2m > [22mdoes not apply mobile-responsive padding in normal mode[39m
[31m     ΓåÆ Cannot read properties of null (reading 'className')[39m
[31m   [33mΓ¥»[31m test/spa/react/repos/ActivityListPane.test.tsx[2m > [22mActivityListPane[2m > [22mDelete chat[2m > [22mconfirm dialog shown on delete[39m
[31m     ΓåÆ Unable to fire a "contextmenu" event - please provide a DOM element.[39m
[31m   [33mΓ¥»[31m test/spa/react/repos/ActivityListPane.test.tsx[2m > [22mActivityListPane[2m > [22mDelete chat[2m > [22mDELETE called when confirmed[39m
[31m     ΓåÆ Unable to fire a "contextmenu" event - please provide a DOM element.[39m
[31m   [33mΓ¥»[31m test/spa/react/repos/ActivityListPane.test.tsx[2m > [22mActivityListPane[2m > [22mshift+right-click bypass[2m > [22mshift+right-click does not open context menu[39m
[31m     ΓåÆ Unable to fire a "contextmenu" event - please provide a DOM element.[39m
[31m   [33mΓ¥»[31m test/spa/react/repos/ActivityListPane.test.tsx[2m > [22mActivityListPane[2m > [22mPrompt preview[2m > [22mshows prompt preview in compact mode[39m
[31m     ΓåÆ Unable to find an element with the text: Fix the login bug. This could be because the text is broken up by multiple elements. In this case, you can provide a function for your text matcher to make your matcher more flexible.

Ignored nodes: comments, script, style
[36m<body>[31m
  [36m<div>[31m
    [36m<div[31m
      [33mclass[31m=[32m"relative flex-1 flex flex-col overflow-hidden"[31m
    [36m>[31m
      [36m<div[31m
        [33mclass[31m=[32m"p-4 text-center text-sm text-[#848484] flex-1"[31m
        [33mdata-testid[31m=[32m"queue-empty-state"[31m
      [36m>[31m
        [36m<div>[31m
          [0mNo tasks in queue[0m
        [36m</div>[31m
      [36m</div>[31m
    [36m</div>[31m
  [36m</div>[31m
[36m</body>[31m[39m
[31m   [33mΓ¥»[31m test/spa/react/repos/ActivityListPane.test.tsx[2m > [22mActivityListPane[2m > [22mPrompt preview[2m > [22mtruncates long prompts[39m
[31m     ΓåÆ Unable to find an element with the text: AAAAAAAAAAAAAAAAAAAAAAAAAAAAAAAAAAAAAAAAAAAAAAAAAAAAAAAAAΓÇª. This could be because the text is broken up by multiple elements. In this case, you can provide a function for your text matcher to make your matcher more flexible.

Ignored nodes: comments, script, style
[36m<body>[31m
  [36m<div>[31m
    [36m<div[31m
      [33mclass[31m=[32m"relative flex-1 flex flex-col overflow-hidden"[31m
    [36m>[31m
      [36m<div[31m
        [33mclass[31m=[32m"p-4 text-center text-sm text-[#848484] flex-1"[31m
        [33mdata-testid[31m=[32m"queue-empty-state"[31m
      [36m>[31m
        [36m<div>[31m
          [0mNo tasks in queue[0m
        [36m</div>[31m
      [36m</div>[31m
    [36m</div>[31m
  [36m</div>[31m
[36m</body>[31m[39m
[31m   [33mΓ¥»[31m test/spa/react/repos/ActivityListPane.test.tsx[2m > [22mActivityListPane[2m > [22mHistory card: endTime fallback[2m > [22mrenders timestamp from endTime when completedAt is absent[39m
[31m     ΓåÆ expected null to be truthy[39m
[31m   [33mΓ¥»[31m test/spa/react/repos/ActivityListPane.test.tsx[2m > [22mActivityListPane[2m > [22mHistory card: endTime fallback[2m > [22mrenders empty timestamp when both completedAt and endTime are absent[39m
[31m     ΓåÆ Cannot read properties of null (reading 'querySelector')[39m
[31m   [33mΓ¥»[31m test/spa/react/repos/ActivityListPane.test.tsx[2m > [22mActivityListPane[2m > [22mHistory card: title fallback[2m > [22mrenders title field when displayName is absent[39m
[31m     ΓåÆ Unable to find an element with the text: My Chat Title. This could be because the text is broken up by multiple elements. In this case, you can provide a function for your text matcher to make your matcher more flexible.

Ignored nodes: comments, script, style
[36m<body>[31m
  [36m<div>[31m
    [36m<div[31m
      [33mclass[31m=[32m"relative flex-1 flex flex-col overflow-hidden"[31m
    [36m>[31m
      [36m<div[31m
        [33mclass[31m=[32m"p-4 text-center text-sm text-[#848484] flex-1"[31m
        [33mdata-testid[31m=[32m"queue-empty-state"[31m
      [36m>[31m
        [36m<div>[31m
          [0mNo tasks in queue[0m
        [36m</div>[31m
      [36m</div>[31m
    [36m</div>[31m
  [36m</div>[31m
[36m</body>[31m[39m
[31m   [33mΓ¥»[31m test/spa/react/repos/ActivityListPane.test.tsx[2m > [22mActivityListPane[2m > [22mHistory card: title fallback[2m > [22mprefers displayName over title[39m
[31m     ΓåÆ Unable to find an element with the text: Display Name. This could be because the text is broken up by multiple elements. In this case, you can provide a function for your text matcher to make your matcher more flexible.

Ignored nodes: comments, script, style
[36m<body>[31m
  [36m<div>[31m
    [36m<div[31m
      [33mclass[31m=[32m"relative flex-1 flex flex-col overflow-hidden"[31m
    [36m>[31m
      [36m<div[31m
        [33mclass[31m=[32m"p-4 text-center text-sm text-[#848484] flex-1"[31m
        [33mdata-testid[31m=[32m"queue-empty-state"[31m
      [36m>[31m
        [36m<div>[31m
          [0mNo tasks in queue[0m
        [36m</div>[31m
      [36m</div>[31m
    [36m</div>[31m
  [36m</div>[31m
[36m</body>[31m[39m
[31m   [33mΓ¥»[31m test/spa/react/repos/ActivityListPane.test.tsx[2m > [22mActivityListPane[2m > [22mHistory card: title fallback[2m > [22mfalls back to type when both displayName and title are absent[39m
[31m     ΓåÆ Unable to find an element with the text: chat. This could be because the text is broken up by multiple elements. In this case, you can provide a function for your text matcher to make your matcher more flexible.

Ignored nodes: comments, script, style
[36m<body>[31m
  [36m<div>[31m
    [36m<div[31m
      [33mclass[31m=[32m"relative flex-1 flex flex-col overflow-hidden"[31m
    [36m>[31m
      [36m<div[31m
        [33mclass[31m=[32m"p-4 text-center text-sm text-[#848484] flex-1"[31m
        [33mdata-testid[31m=[32m"queue-empty-state"[31m
      [36m>[31m
        [36m<div>[31m
          [0mNo tasks in queue[0m
        [36m</div>[31m
      [36m</div>[31m
    [36m</div>[31m
  [36m</div>[31m
[36m</body>[31m[39m
[31m   [33mΓ¥»[31m test/spa/react/repos/ActivityListPane.test.tsx[2m > [22mActivityListPane[2m > [22mLoad more button[2m > [22mrenders Load more button when hasMore is true and onLoadMore is provided[39m
[31m     ΓåÆ Unable to find an element by: [data-testid="activity-load-more-btn"]

Ignored nodes: comments, script, style
[36m<body>[31m
  [36m<div>[31m
    [36m<div[31m
      [33mclass[31m=[32m"relative flex-1 flex flex-col overflow-hidden"[31m
    [36m>[31m
      [36m<div[31m
        [33mclass[31m=[32m"p-4 text-center text-sm text-[#848484] flex-1"[31m
        [33mdata-testid[31m=[32m"queue-empty-state"[31m
      [36m>[31m
        [36m<div>[31m
          [0mNo tasks in queue[0m
        [36m</div>[31m
      [36m</div>[31m
    [36m</div>[31m
  [36m</div>[31m
[36m</body>[31m[39m
[31m   [33mΓ¥»[31m test/spa/react/repos/ActivityListPane.test.tsx[2m > [22mActivityListPane[2m > [22mLoad more button[2m > [22mcalls onLoadMore when Load more button is clicked[39m
[31m     ΓåÆ Unable to find an element by: [data-testid="activity-load-more-btn"]

Ignored nodes: comments, script, style
[36m<body>[31m
  [36m<div>[31m
    [36m<div[31m
      [33mclass[31m=[32m"relative flex-1 flex flex-col overflow-hidden"[31m
    [36m>[31m
      [36m<div[31m
        [33mclass[31m=[32m"p-4 text-center text-sm text-[#848484] flex-1"[31m
        [33mdata-testid[31m=[32m"queue-empty-state"[31m
      [36m>[31m
        [36m<div>[31m
          [0mNo tasks in queue[0m
        [36m</div>[31m
      [36m</div>[31m
    [36m</div>[31m
  [36m</div>[31m
[36m</body>[31m[39m
[31m   [33mΓ¥»[31m test/spa/react/repos/ActivityListPane.test.tsx[2m > [22mActivityListPane[2m > [22mLoad more button[2m > [22mshows "LoadingΓÇª" text when loadingMore is true[39m
[31m     ΓåÆ Unable to find an element by: [data-testid="activity-load-more-btn"]

Ignored nodes: comments, script, style
[36m<body>[31m
  [36m<div>[31m
    [36m<div[31m
      [33mclass[31m=[32m"relative flex-1 flex flex-col overflow-hidden"[31m
    [36m>[31m
      [36m<div[31m
        [33mclass[31m=[32m"p-4 text-center text-sm text-[#848484] flex-1"[31m
        [33mdata-testid[31m=[32m"queue-empty-state"[31m
      [36m>[31m
        [36m<div>[31m
          [0mNo tasks in queue[0m
        [36m</div>[31m
      [36m</div>[31m
    [36m</div>[31m
  [36m</div>[31m
[36m</body>[31m[39m
[31m   [33mΓ¥»[31m test/spa/react/repos/ActivityListPane.test.tsx[2m > [22mActivityListPane[2m > [22mLoad more button[2m > [22mdisables button when loadingMore is true[39m
[31m     ΓåÆ Unable to find an element by: [data-testid="activity-load-more-btn"]

Ignored nodes: comments, script, style
[36m<body>[31m
  [36m<div>[31m
    [36m<div[31m
      [33mclass[31m=[32m"relative flex-1 flex flex-col overflow-hidden"[31m
    [36m>[31m
      [36m<div[31m
        [33mclass[31m=[32m"p-4 text-center text-sm text-[#848484] flex-1"[31m
        [33mdata-testid[31m=[32m"queue-empty-state"[31m
      [36m>[31m
        [36m<div>[31m
          [0mNo tasks in queue[0m
        [36m</div>[31m
      [36m</div>[31m
    [36m</div>[31m
  [36m</div>[31m
[36m</body>[31m[39m
[31m   [33mΓ¥»[31m test/spa/react/repos/ActivityListPane.test.tsx[2m > [22mActivityListPane[2m > [22mLoad more button[2m > [22mkeeps Load more visible when Completed Tasks section is collapsed[39m
[31m     ΓåÆ Unable to find an element with the text: /Completed Tasks/. This could be because the text is broken up by multiple elements. In this case, you can provide a function for your text matcher to make your matcher more flexible.

Ignored nodes: comments, script, style
[36m<body>[31m
  [36m<div>[31m
    [36m<div[31m
      [33mclass[31m=[32m"relative flex-1 flex flex-col overflow-hidden"[31m
    [36m>[31m
      [36m<div[31m
        [33mclass[31m=[32m"p-4 text-center text-sm text-[#848484] flex-1"[31m
        [33mdata-testid[31m=[32m"queue-empty-state"[31m
      [36m>[31m
        [36m<div>[31m
          [0mNo tasks in queue[0m
        [36m</div>[31m
      [36m</div>[31m
    [36m</div>[31m
  [36m</div>[31m
[36m</body>[31m[39m
[31m   [33mΓ¥»[31m test/spa/react/repos/ActivityListPane.test.tsx[2m > [22mActivityListPane[2m > [22mLoad more button[2m > [22mrenders Load more button after the Archived section[39m
[31m     ΓåÆ Unable to find an element by: [data-testid="activity-load-more-btn"]

Ignored nodes: comments, script, style
[36m<body>[31m
  [36m<div>[31m
    [36m<div[31m
      [33mclass[31m=[32m"relative flex-1 flex flex-col overflow-hidden"[31m
    [36m>[31m
      [36m<div[31m
        [33mclass[31m=[32m"p-4 text-center text-sm text-[#848484] flex-1"[31m
        [33mdata-testid[31m=[32m"queue-empty-state"[31m
      [36m>[31m
        [36m<div>[31m
          [0mNo tasks in queue[0m
        [36m</div>[31m
      [36m</div>[31m
    [36m</div>[31m
  [36m</div>[31m
[36m</body>[31m[39m
[31m   [33mΓ¥»[31m test/spa/react/repos/ActivityListPane.test.tsx[2m > [22mActivityListPane[2m > [22mServer-side search results[2m > [22mrenders search results section when searchResults is non-null[39m
[31m     ΓåÆ Unable to find an element with the text: /Search Results/. This could be because the text is broken up by multiple elements. In this case, you can provide a function for your text matcher to make your matcher more flexible.

Ignored nodes: comments, script, style
[36m<body>[31m
  [36m<div>[31m
    [36m<div[31m
      [33mclass[31m=[32m"relative flex-1 flex flex-col overflow-hidden"[31m
    [36m>[31m
      [36m<div[31m
        [33mclass[31m=[32m"p-4 text-center text-sm text-[#848484] flex-1"[31m
        [33mdata-testid[31m=[32m"queue-empty-state"[31m
      [36m>[31m
        [36m<div>[31m
          [0mNo tasks in queue[0m
        [36m</div>[31m
      [36m</div>[31m
    [36m</div>[31m
  [36m</div>[31m
[36m</body>[31m[39m
[31m   [33mΓ¥»[31m test/spa/react/repos/ActivityListPane.test.tsx[2m > [22mActivityListPane[2m > [22mServer-side search results[2m > [22mshows search result count including total[39m
[31m     ΓåÆ Unable to find an element with the text: /Search Results/. This could be because the text is broken up by multiple elements. In this case, you can provide a function for your text matcher to make your matcher more flexible.

Ignored nodes: comments, script, style
[36m<body>[31m
  [36m<div>[31m
    [36m<div[31m
      [33mclass[31m=[32m"relative flex-1 flex flex-col overflow-hidden"[31m
    [36m>[31m
      [36m<div[31m
        [33mclass[31m=[32m"p-4 text-center text-sm text-[#848484] flex-1"[31m
        [33mdata-testid[31m=[32m"queue-empty-state"[31m
      [36m>[31m
        [36m<div>[31m
          [0mNo tasks in queue[0m
        [36m</div>[31m
      [36m</div>[31m
    [36m</div>[31m
  [36m</div>[31m
[36m</body>[31m[39m
[31m   [33mΓ¥»[31m test/spa/react/repos/ActivityListPane.test.tsx[2m > [22mActivityListPane[2m > [22mServer-side search results[2m > [22mshows "No matching conversations found" for empty results[39m
[31m     ΓåÆ Unable to find an element by: [data-testid="search-no-results"]

Ignored nodes: comments, script, style
[36m<body>[31m
  [36m<div>[31m
    [36m<div[31m
      [33mclass[31m=[32m"relative flex-1 flex flex-col overflow-hidden"[31m
    [36m>[31m
      [36m<div[31m
        [33mclass[31m=[32m"p-4 text-center text-sm text-[#848484] flex-1"[31m
        [33mdata-testid[31m=[32m"queue-empty-state"[31m
      [36m>[31m
        [36m<div>[31m
          [0mNo tasks in queue[0m
        [36m</div>[31m
      [36m</div>[31m
    [36m</div>[31m
  [36m</div>[31m
[36m</body>[31m[39m
[31m   [33mΓ¥»[31m test/spa/react/repos/ActivityListPane.test.tsx[2m > [22mActivityListPane[2m > [22mServer-side search results[2m > [22mrenders search snippet with dangerouslySetInnerHTML[39m
[31m     ΓåÆ expected null to be truthy[39m
[31m   [33mΓ¥»[31m test/spa/react/repos/ActivityListPane.test.tsx[2m > [22mActivityListPane[2m > [22mServer-side search results[2m > [22mrenders task type icon and status in search results[39m
[31m     ΓåÆ expected 'No tasks in queue' to contain 'Γ£à'[39m
[31m   [33mΓ¥»[31m test/spa/react/repos/ActivityListPane.test.tsx[2m > [22mActivityListPane[2m > [22mServer-side search results[2m > [22mcalls onSelectTask when clicking a search result[39m
[31m     ΓåÆ Unable to find an element by: [data-testid="search-result-item"]

Ignored nodes: comments, script, style
[36m<body>[31m
  [36m<div>[31m
    [36m<div[31m
      [33mclass[31m=[32m"relative flex-1 flex flex-col overflow-hidden"[31m
    [36m>[31m
      [36m<div[31m
        [33mclass[31m=[32m"p-4 text-center text-sm text-[#848484] flex-1"[31m
        [33mdata-testid[31m=[32m"queue-empty-state"[31m
      [36m>[31m
        [36m<div>[31m
          [0mNo tasks in queue[0m
        [36m</div>[31m
      [36m</div>[31m
    [36m</div>[31m
  [36m</div>[31m
[36m</body>[31m[39m
[31m   [33mΓ¥»[31m test/spa/react/repos/ActivityListPane.test.tsx[2m > [22mActivityListPane[2m > [22mServer-side search results[2m > [22mhighlights selected search result with ring[39m
[31m     ΓåÆ the given combination of arguments (undefined and string) is invalid for this assertion. You can use an array, a map, an object, a set, a string, or a weakset instead of a string[39m
[31m   [33mΓ¥»[31m test/spa/react/repos/ActivityListPane.test.tsx[2m > [22mActivityListPane[2m > [22mServer-side search results[2m > [22mshows Load more results button when searchHasMore is true[39m
[31m     ΓåÆ Unable to find an element by: [data-testid="search-load-more-btn"]

Ignored nodes: comments, script, style
[36m<body>[31m
  [36m<div>[31m
    [36m<div[31m
      [33mclass[31m=[32m"relative flex-1 flex flex-col overflow-hidden"[31m
    [36m>[31m
      [36m<div[31m
        [33mclass[31m=[32m"p-4 text-center text-sm text-[#848484] flex-1"[31m
        [33mdata-testid[31m=[32m"queue-empty-state"[31m
      [36m>[31m
        [36m<div>[31m
          [0mNo tasks in queue[0m
        [36m</div>[31m
      [36m</div>[31m
    [36m</div>[31m
  [36m</div>[31m
[36m</body>[31m[39m
[31m   [33mΓ¥»[31m test/spa/react/repos/ActivityListPane.test.tsx[2m > [22mActivityListPane[2m > [22mServer-side search results[2m > [22mcalls onLoadMoreSearchResults when Load more results is clicked[39m
[31m     ΓåÆ Unable to find an element by: [data-testid="search-load-more-btn"]

Ignored nodes: comments, script, style
[36m<body>[31m
  [36m<div>[31m
    [36m<div[31m
      [33mclass[31m=[32m"relative flex-1 flex flex-col overflow-hidden"[31m
    [36m>[31m
      [36m<div[31m
        [33mclass[31m=[32m"p-4 text-center text-sm text-[#848484] flex-1"[31m
        [33mdata-testid[31m=[32m"queue-empty-state"[31m
      [36m>[31m
        [36m<div>[31m
          [0mNo tasks in queue[0m
        [36m</div>[31m
      [36m</div>[31m
    [36m</div>[31m
  [36m</div>[31m
[36m</body>[31m[39m
[31m   [33mΓ¥»[31m test/spa/react/repos/ActivityListPane.test.tsx[2m > [22mActivityListPane[2m > [22mServer-side search results[2m > [22mshows loading state on Load more results button[39m
[31m     ΓåÆ Unable to find an element by: [data-testid="search-load-more-btn"]

Ignored nodes: comments, script, style
[36m<body>[31m
  [36m<div>[31m
    [36m<div[31m
      [33mclass[31m=[32m"relative flex-1 flex flex-col overflow-hidden"[31m
    [36m>[31m
      [36m<div[31m
        [33mclass[31m=[32m"p-4 text-center text-sm text-[#848484] flex-1"[31m
        [33mdata-testid[31m=[32m"queue-empty-state"[31m
      [36m>[31m
        [36m<div>[31m
          [0mNo tasks in queue[0m
        [36m</div>[31m
      [36m</div>[31m
    [36m</div>[31m
  [36m</div>[31m
[36m</body>[31m[39m
[31m   [33mΓ¥»[31m test/spa/react/repos/ActivityListPane.test.tsx[2m > [22mActivityListPane[2m > [22mServer-side search results[2m > [22mrunning tasks are still shown with client-side filter while searching[39m
[31m     ΓåÆ expected null to be truthy[39m
[31m   [33mΓ¥»[31m test/spa/react/repos/ActivityListPane.test.tsx[2m > [22mActivityListPane[2m > [22mServer-side search results[2m > [22mcalls onSearchQueryChange when search input changes[39m
[31m     ΓåÆ Unable to find an element by: [data-testid="queue-search-input"]

Ignored nodes: comments, script, style
[36m<body>[31m
  [36m<div>[31m
    [36m<div[31m
      [33mclass[31m=[32m"relative flex-1 flex flex-col overflow-hidden"[31m
    [36m>[31m
      [36m<div[31m
        [33mclass[31m=[32m"p-4 text-center text-sm text-[#848484] flex-1"[31m
        [33mdata-testid[31m=[32m"queue-empty-state"[31m
      [36m>[31m
        [36m<div>[31m
          [0mNo tasks in queue[0m
        [36m</div>[31m
      [36m</div>[31m
    [36m</div>[31m
  [36m</div>[31m
[36m</body>[31m[39m
[31m   [33mΓ¥»[31m test/spa/react/repos/ActivityListPane.test.tsx[2m > [22mActivityListPane[2m > [22mServer-side search results[2m > [22mshows loading indicator when searchLoading is true[39m
[31m     ΓåÆ Unable to find an element by: [data-testid="queue-search-input"]

Ignored nodes: comments, script, style
[36m<body>[31m
  [36m<div>[31m
    [36m<div[31m
      [33mclass[31m=[32m"relative flex-1 flex flex-col overflow-hidden"[31m
    [36m>[31m
      [36m<div[31m
        [33mclass[31m=[32m"p-4 text-center text-sm text-[#848484] flex-1"[31m
        [33mdata-testid[31m=[32m"queue-empty-state"[31m
      [36m>[31m
        [36m<div>[31m
          [0mNo tasks in queue[0m
        [36m</div>[31m
      [36m</div>[31m
    [36m</div>[31m
  [36m</div>[31m
[36m</body>[31m[39m
[31m   [33mΓ¥»[31m test/spa/react/repos/ActivityListPane.test.tsx[2m > [22mActivityListPane[2m > [22mServer-side search results[2m > [22msearch placeholder says "Search all conversationsΓÇª"[39m
[31m     ΓåÆ Unable to find an element by: [data-testid="queue-search-input"]

Ignored nodes: comments, script, style
[36m<body>[31m
  [36m<div>[31m
    [36m<div[31m
      [33mclass[31m=[32m"relative flex-1 flex flex-col overflow-hidden"[31m
    [36m>[31m
      [36m<div[31m
        [33mclass[31m=[32m"p-4 text-center text-sm text-[#848484] flex-1"[31m
        [33mdata-testid[31m=[32m"queue-empty-state"[31m
      [36m>[31m
        [36m<div>[31m
          [0mNo tasks in queue[0m
        [36m</div>[31m
      [36m</div>[31m
    [36m</div>[31m
  [36m</div>[31m
[36m</body>[31m[39m
[31m   [33mΓ¥»[31m test/spa/react/repos/ActivityListPane.test.tsx[2m > [22mActivityListPane[2m > [22mServer-side search results[2m > [22mreverts to normal view when searchResults is null[39m
[31m     ΓåÆ expected null to be truthy[39m
[31m   [33mΓ¥»[31m test/spa/react/repos/ActivityListPane.test.tsx[2m > [22mtaskMatchesFilter: exclusion logic[2m > [22mexcludes by flat mode field when payload.mode is absent[39m
[31m     ΓåÆ expected true to be false // Object.is equality[39m
[31m   [33mΓ¥»[31m test/spa/react/repos/ActivityListPane.test.tsx[2m > [22mtaskMatchesSearch: promptPreview support[2m > [22mmatches by promptPreview field[39m
[31m     ΓåÆ expected false to be true // Object.is equality[39m
[31m   [33mΓ¥»[31m test/spa/react/repos/ActivityListPane.test.tsx[2m > [22mtaskMatchesSearch: promptPreview support[2m > [22mfalls back to promptPreview when prompt is absent[39m
[31m     ΓåÆ expected false to be true // Object.is equality[39m

ΓÄ»ΓÄ»ΓÄ»ΓÄ»ΓÄ»ΓÄ» Failed Tests 134 ΓÄ»ΓÄ»ΓÄ»ΓÄ»ΓÄ»ΓÄ»

 FAIL  test/spa/react/repos/ActivityListPane.test.tsx > ActivityListPane > Empty state > shows "Queue Task" button when not paused
TestingLibraryElementError: Unable to find an element by: [data-testid="repo-queue-task-btn-empty"]

Ignored nodes: comments, script, style
<body>
  <div>
    <div
      class="relative flex-1 flex flex-col overflow-hidden"
    >
      <div
        class="p-4 text-center text-sm text-[#848484] flex-1"
        data-testid="queue-empty-state"
      >
        <div>
          No tasks in queue
        </div>
      </div>
    </div>
  </div>
</body>
 Γ¥» Object.getElementError ../../node_modules/@testing-library/dom/dist/config.js:37:19
 Γ¥» ../../node_modules/@testing-library/dom/dist/query-helpers.js:76:38
 Γ¥» ../../node_modules/@testing-library/dom/dist/query-helpers.js:52:17
 Γ¥» ../../node_modules/@testing-library/dom/dist/query-helpers.js:95:19
 Γ¥» test/spa/react/repos/ActivityListPane.test.tsx:244:27
    242|         it('shows "Queue Task" button when not paused', () => {
    243|             renderPane();
    244|             expect(screen.getByTestId('repo-queue-task-btn-empty')).toΓÇª
       |                           ^
    245|         });
    246| 

ΓÄ»ΓÄ»ΓÄ»ΓÄ»ΓÄ»ΓÄ»ΓÄ»ΓÄ»ΓÄ»ΓÄ»ΓÄ»ΓÄ»ΓÄ»ΓÄ»ΓÄ»ΓÄ»ΓÄ»ΓÄ»ΓÄ»ΓÄ»ΓÄ»ΓÄ»[1/134]ΓÄ»

 FAIL  test/spa/react/repos/ActivityListPane.test.tsx > ActivityListPane > Banners > shows queue paused banner when isPaused
TestingLibraryElementError: Unable to find an element by: [data-testid="queue-paused-banner"]

Ignored nodes: comments, script, style
<body>
  <div>
    <div
      class="relative flex-1 flex flex-col overflow-hidden"
    >
      <div
        class="p-4 text-center text-sm text-[#848484] flex-1"
        data-testid="queue-empty-state"
      >
        <div
          class="mb-2"
        >
          Queue is paused
        </div>
        <button
          class="inline-flex items-center gap-1.5 font-medium transition-colors focus-visible:outline focus-visible:outline-2 focus-visible:outline-[#0078d4] disabled:opacity-50 disabled:cursor-not-allowed bg-transparent text-[#0078d4] hover:bg-[#0078d4]/10 dark:hover:bg-[#0078d4]/20 px-2 py-1 text-xs rounded       min-h-[44px] md:min-h-0"
          data-testid="repo-pause-resume-btn-empty"
          type="button"
        >
          Γû╢ Resume
        </button>
      </div>
    </div>
  </div>
</body>
 Γ¥» Object.getElementError ../../node_modules/@testing-library/dom/dist/config.js:37:19
 Γ¥» ../../node_modules/@testing-library/dom/dist/query-helpers.js:76:38
 Γ¥» ../../node_modules/@testing-library/dom/dist/query-helpers.js:52:17
 Γ¥» ../../node_modules/@testing-library/dom/dist/query-helpers.js:95:19
 Γ¥» test/spa/react/repos/ActivityListPane.test.tsx:258:27
    256|         it('shows queue paused banner when isPaused', () => {
    257|             renderPane({ isPaused: true, history: [makeHistoryTask()] ΓÇª
    258|             expect(screen.getByTestId('queue-paused-banner')).toBeTrutΓÇª
       |                           ^
    259|         });
    260| 

ΓÄ»ΓÄ»ΓÄ»ΓÄ»ΓÄ»ΓÄ»ΓÄ»ΓÄ»ΓÄ»ΓÄ»ΓÄ»ΓÄ»ΓÄ»ΓÄ»ΓÄ»ΓÄ»ΓÄ»ΓÄ»ΓÄ»ΓÄ»ΓÄ»ΓÄ»[2/134]ΓÄ»

 FAIL  test/spa/react/repos/ActivityListPane.test.tsx > ActivityListPane > Banners > banner shows pause reason with task name
TestingLibraryElementError: Unable to find an element with the text: My Task. This could be because the text is broken up by multiple elements. In this case, you can provide a function for your text matcher to make your matcher more flexible.

Ignored nodes: comments, script, style
<body>
  <div>
    <div
      class="relative flex-1 flex flex-col overflow-hidden"
    >
      <div
        class="p-4 text-center text-sm text-[#848484] flex-1"
        data-testid="queue-empty-state"
      >
        <div
          class="mb-2"
        >
          Queue is paused
        </div>
        <button
          class="inline-flex items-center gap-1.5 font-medium transition-colors focus-visible:outline focus-visible:outline-2 focus-visible:outline-[#0078d4] disabled:opacity-50 disabled:cursor-not-allowed bg-transparent text-[#0078d4] hover:bg-[#0078d4]/10 dark:hover:bg-[#0078d4]/20 px-2 py-1 text-xs rounded       min-h-[44px] md:min-h-0"
          data-testid="repo-pause-resume-btn-empty"
          type="button"
        >
          Γû╢ Resume
        </button>
      </div>
    </div>
  </div>
</body>
 Γ¥» Object.getElementError ../../node_modules/@testing-library/dom/dist/config.js:37:19
 Γ¥» ../../node_modules/@testing-library/dom/dist/query-helpers.js:76:38
 Γ¥» ../../node_modules/@testing-library/dom/dist/query-helpers.js:52:17
 Γ¥» ../../node_modules/@testing-library/dom/dist/query-helpers.js:95:19
 Γ¥» test/spa/react/repos/ActivityListPane.test.tsx:267:27
    265|                 history: [makeHistoryTask()],
    266|             });
    267|             expect(screen.getByText('My Task')).toBeTruthy();
       |                           ^
    268|         });
    269| 

ΓÄ»ΓÄ»ΓÄ»ΓÄ»ΓÄ»ΓÄ»ΓÄ»ΓÄ»ΓÄ»ΓÄ»ΓÄ»ΓÄ»ΓÄ»ΓÄ»ΓÄ»ΓÄ»ΓÄ»ΓÄ»ΓÄ»ΓÄ»ΓÄ»ΓÄ»[3/134]ΓÄ»

 FAIL  test/spa/react/repos/ActivityListPane.test.tsx > ActivityListPane > Banners > shows View Task button when pauseReason present
TestingLibraryElementError: Unable to find an element by: [data-testid="queue-banner-view-task-btn"]

Ignored nodes: comments, script, style
<body>
  <div>
    <div
      class="relative flex-1 flex flex-col overflow-hidden"
    >
      <div
        class="p-4 text-center text-sm text-[#848484] flex-1"
        data-testid="queue-empty-state"
      >
        <div
          class="mb-2"
        >
          Queue is paused
        </div>
        <button
          class="inline-flex items-center gap-1.5 font-medium transition-colors focus-visible:outline focus-visible:outline-2 focus-visible:outline-[#0078d4] disabled:opacity-50 disabled:cursor-not-allowed bg-transparent text-[#0078d4] hover:bg-[#0078d4]/10 dark:hover:bg-[#0078d4]/20 px-2 py-1 text-xs rounded       min-h-[44px] md:min-h-0"
          data-testid="repo-pause-resume-btn-empty"
          type="button"
        >
          Γû╢ Resume
        </button>
      </div>
    </div>
  </div>
</body>
 Γ¥» Object.getElementError ../../node_modules/@testing-library/dom/dist/config.js:37:19
 Γ¥» ../../node_modules/@testing-library/dom/dist/query-helpers.js:76:38
 Γ¥» ../../node_modules/@testing-library/dom/dist/query-helpers.js:52:17
 Γ¥» ../../node_modules/@testing-library/dom/dist/query-helpers.js:95:19
 Γ¥» test/spa/react/repos/ActivityListPane.test.tsx:276:27
    274|                 history: [makeHistoryTask()],
    275|             });
    276|             expect(screen.getByTestId('queue-banner-view-task-btn')).tΓÇª
       |                           ^
    277|         });
    278| 

ΓÄ»ΓÄ»ΓÄ»ΓÄ»ΓÄ»ΓÄ»ΓÄ»ΓÄ»ΓÄ»ΓÄ»ΓÄ»ΓÄ»ΓÄ»ΓÄ»ΓÄ»ΓÄ»ΓÄ»ΓÄ»ΓÄ»ΓÄ»ΓÄ»ΓÄ»[4/134]ΓÄ»

 FAIL  test/spa/react/repos/ActivityListPane.test.tsx > ActivityListPane > Banners > does not render a redundant Paused badge when paused (banner is sufficient)
TestingLibraryElementError: Unable to find an element by: [data-testid="queue-paused-banner"]

Ignored nodes: comments, script, style
<body>
  <div>
    <div
      class="relative flex-1 flex flex-col overflow-hidden"
    >
      <div
        class="p-4 text-center text-sm text-[#848484] flex-1"
        data-testid="queue-empty-state"
      >
        <div
          class="mb-2"
        >
          Queue is paused
        </div>
        <button
          class="inline-flex items-center gap-1.5 font-medium transition-colors focus-visible:outline focus-visible:outline-2 focus-visible:outline-[#0078d4] disabled:opacity-50 disabled:cursor-not-allowed bg-transparent text-[#0078d4] hover:bg-[#0078d4]/10 dark:hover:bg-[#0078d4]/20 px-2 py-1 text-xs rounded       min-h-[44px] md:min-h-0"
          data-testid="repo-pause-resume-btn-empty"
          type="button"
        >
          Γû╢ Resume
        </button>
      </div>
    </div>
  </div>
</body>
 Γ¥» Object.getElementError ../../node_modules/@testing-library/dom/dist/config.js:37:19
 Γ¥» ../../node_modules/@testing-library/dom/dist/query-helpers.js:76:38
 Γ¥» ../../node_modules/@testing-library/dom/dist/query-helpers.js:52:17
 Γ¥» ../../node_modules/@testing-library/dom/dist/query-helpers.js:95:19
 Γ¥» test/spa/react/repos/ActivityListPane.test.tsx:282:27
    280|             renderPane({ isPaused: true, history: [makeHistoryTask()] ΓÇª
    281|             // The banner already communicates paused state; no separaΓÇª
    282|             expect(screen.getByTestId('queue-paused-banner')).toBeTrutΓÇª
       |                           ^
    283|             expect(screen.queryByText('Paused')).toBeNull();
    284|         });

ΓÄ»ΓÄ»ΓÄ»ΓÄ»ΓÄ»ΓÄ»ΓÄ»ΓÄ»ΓÄ»ΓÄ»ΓÄ»ΓÄ»ΓÄ»ΓÄ»ΓÄ»ΓÄ»ΓÄ»ΓÄ»ΓÄ»ΓÄ»ΓÄ»ΓÄ»[5/134]ΓÄ»

 FAIL  test/spa/react/repos/ActivityListPane.test.tsx > ActivityListPane > Banners > shows autopilot paused banner
TestingLibraryElementError: Unable to find an element by: [data-testid="autopilot-paused-banner"]

Ignored nodes: comments, script, style
<body>
  <div>
    <div
      class="relative flex-1 flex flex-col overflow-hidden"
    >
      <div
        class="p-4 text-center text-sm text-[#848484] flex-1"
        data-testid="queue-empty-state"
      >
        <div>
          No tasks in queue
        </div>
      </div>
    </div>
  </div>
</body>
 Γ¥» Object.getElementError ../../node_modules/@testing-library/dom/dist/config.js:37:19
 Γ¥» ../../node_modules/@testing-library/dom/dist/query-helpers.js:76:38
 Γ¥» ../../node_modules/@testing-library/dom/dist/query-helpers.js:52:17
 Γ¥» ../../node_modules/@testing-library/dom/dist/query-helpers.js:95:19
 Γ¥» test/spa/react/repos/ActivityListPane.test.tsx:292:27
    290|                 history: [makeHistoryTask()],
    291|             });
    292|             expect(screen.getByTestId('autopilot-paused-banner')).toBeΓÇª
       |                           ^
    293|         });
    294|     });

ΓÄ»ΓÄ»ΓÄ»ΓÄ»ΓÄ»ΓÄ»ΓÄ»ΓÄ»ΓÄ»ΓÄ»ΓÄ»ΓÄ»ΓÄ»ΓÄ»ΓÄ»ΓÄ»ΓÄ»ΓÄ»ΓÄ»ΓÄ»ΓÄ»ΓÄ»[6/134]ΓÄ»

 FAIL  test/spa/react/repos/ActivityListPane.test.tsx > ActivityListPane > Toolbar > renders refresh button
TestingLibraryElementError: Unable to find an element by: [data-testid="queue-refresh-btn"]

Ignored nodes: comments, script, style
<body>
  <div>
    <div
      class="relative flex-1 flex flex-col overflow-hidden"
    >
      <div
        class="p-4 text-center text-sm text-[#848484] flex-1"
        data-testid="queue-empty-state"
      >
        <div>
          No tasks in queue
        </div>
      </div>
    </div>
  </div>
</body>
 Γ¥» Object.getElementError ../../node_modules/@testing-library/dom/dist/config.js:37:19
 Γ¥» ../../node_modules/@testing-library/dom/dist/query-helpers.js:76:38
 Γ¥» ../../node_modules/@testing-library/dom/dist/query-helpers.js:52:17
 Γ¥» ../../node_modules/@testing-library/dom/dist/query-helpers.js:95:19
 Γ¥» test/spa/react/repos/ActivityListPane.test.tsx:300:27
    298|         it('renders refresh button', () => {
    299|             renderPane({ history: [makeHistoryTask()] });
    300|             expect(screen.getByTestId('queue-refresh-btn')).toBeTruthyΓÇª
       |                           ^
    301|         });
    302| 

ΓÄ»ΓÄ»ΓÄ»ΓÄ»ΓÄ»ΓÄ»ΓÄ»ΓÄ»ΓÄ»ΓÄ»ΓÄ»ΓÄ»ΓÄ»ΓÄ»ΓÄ»ΓÄ»ΓÄ»ΓÄ»ΓÄ»ΓÄ»ΓÄ»ΓÄ»[7/134]ΓÄ»

 FAIL  test/spa/react/repos/ActivityListPane.test.tsx > ActivityListPane > Toolbar > pause button shows ΓÅ╕ when not paused
TestingLibraryElementError: Unable to find an element by: [data-testid="repo-pause-resume-btn"]

Ignored nodes: comments, script, style
<body>
  <div>
    <div
      class="relative flex-1 flex flex-col overflow-hidden"
    >
      <div
        class="p-4 text-center text-sm text-[#848484] flex-1"
        data-testid="queue-empty-state"
      >
        <div>
          No tasks in queue
        </div>
      </div>
    </div>
  </div>
</body>
 Γ¥» Object.getElementError ../../node_modules/@testing-library/dom/dist/config.js:37:19
 Γ¥» ../../node_modules/@testing-library/dom/dist/query-helpers.js:76:38
 Γ¥» ../../node_modules/@testing-library/dom/dist/query-helpers.js:52:17
 Γ¥» ../../node_modules/@testing-library/dom/dist/query-helpers.js:95:19
 Γ¥» test/spa/react/repos/ActivityListPane.test.tsx:305:27
    303|         it('pause button shows ΓÅ╕ when not paused', () => {
    304|             renderPane({ history: [makeHistoryTask()] });
    305|             expect(screen.getByTestId('repo-pause-resume-btn').textConΓÇª
       |                           ^
    306|         });
    307| 

ΓÄ»ΓÄ»ΓÄ»ΓÄ»ΓÄ»ΓÄ»ΓÄ»ΓÄ»ΓÄ»ΓÄ»ΓÄ»ΓÄ»ΓÄ»ΓÄ»ΓÄ»ΓÄ»ΓÄ»ΓÄ»ΓÄ»ΓÄ»ΓÄ»ΓÄ»[8/134]ΓÄ»

 FAIL  test/spa/react/repos/ActivityListPane.test.tsx > ActivityListPane > Toolbar > pause button shows Γû╢ when paused
TestingLibraryElementError: Unable to find an element by: [data-testid="repo-pause-resume-btn"]

Ignored nodes: comments, script, style
<body>
  <div>
    <div
      class="relative flex-1 flex flex-col overflow-hidden"
    >
      <div
        class="p-4 text-center text-sm text-[#848484] flex-1"
        data-testid="queue-empty-state"
      >
        <div
          class="mb-2"
        >
          Queue is paused
        </div>
        <button
          class="inline-flex items-center gap-1.5 font-medium transition-colors focus-visible:outline focus-visible:outline-2 focus-visible:outline-[#0078d4] disabled:opacity-50 disabled:cursor-not-allowed bg-transparent text-[#0078d4] hover:bg-[#0078d4]/10 dark:hover:bg-[#0078d4]/20 px-2 py-1 text-xs rounded       min-h-[44px] md:min-h-0"
          data-testid="repo-pause-resume-btn-empty"
          type="button"
        >
          Γû╢ Resume
        </button>
      </div>
    </div>
  </div>
</body>
 Γ¥» Object.getElementError ../../node_modules/@testing-library/dom/dist/config.js:37:19
 Γ¥» ../../node_modules/@testing-library/dom/dist/query-helpers.js:76:38
 Γ¥» ../../node_modules/@testing-library/dom/dist/query-helpers.js:52:17
 Γ¥» ../../node_modules/@testing-library/dom/dist/query-helpers.js:95:19
 Γ¥» test/spa/react/repos/ActivityListPane.test.tsx:310:27
    308|         it('pause button shows Γû╢ when paused', () => {
    309|             renderPane({ isPaused: true, history: [makeHistoryTask()] ΓÇª
    310|             expect(screen.getByTestId('repo-pause-resume-btn').textConΓÇª
       |                           ^
    311|         });
    312|     });

ΓÄ»ΓÄ»ΓÄ»ΓÄ»ΓÄ»ΓÄ»ΓÄ»ΓÄ»ΓÄ»ΓÄ»ΓÄ»ΓÄ»ΓÄ»ΓÄ»ΓÄ»ΓÄ»ΓÄ»ΓÄ»ΓÄ»ΓÄ»ΓÄ»ΓÄ»[9/134]ΓÄ»

 FAIL  test/spa/react/repos/ActivityListPane.test.tsx > ActivityListPane > Running Tasks section > shows section header with count
TestingLibraryElementError: Unable to find an element by: [data-testid="running-tasks-section-toggle"]

Ignored nodes: comments, script, style
<body>
  <div>
    <div
      class="relative flex-1 flex flex-col overflow-hidden"
    >
      <div
        class="p-4 text-center text-sm text-[#848484] flex-1"
        data-testid="queue-empty-state"
      >
        <div>
          No tasks in queue
        </div>
      </div>
    </div>
  </div>
</body>
 Γ¥» Object.getElementError ../../node_modules/@testing-library/dom/dist/config.js:37:19
 Γ¥» ../../node_modules/@testing-library/dom/dist/query-helpers.js:76:38
 Γ¥» ../../node_modules/@testing-library/dom/dist/query-helpers.js:52:17
 Γ¥» ../../node_modules/@testing-library/dom/dist/query-helpers.js:95:19
 Γ¥» test/spa/react/repos/ActivityListPane.test.tsx:318:35
    316|         it('shows section header with count', () => {
    317|             renderPane({ running: [makeRunningTask()] });
    318|             const toggle = screen.getByTestId('running-tasks-section-tΓÇª
       |                                   ^
    319|             expect(toggle.textContent).toContain('Running Tasks');
    320|             expect(toggle.textContent).toContain('(1)');

ΓÄ»ΓÄ»ΓÄ»ΓÄ»ΓÄ»ΓÄ»ΓÄ»ΓÄ»ΓÄ»ΓÄ»ΓÄ»ΓÄ»ΓÄ»ΓÄ»ΓÄ»ΓÄ»ΓÄ»ΓÄ»ΓÄ»ΓÄ»ΓÄ»[10/134]ΓÄ»

 FAIL  test/spa/react/repos/ActivityListPane.test.tsx > ActivityListPane > Running Tasks section > shows task display name
TestingLibraryElementError: Unable to find an element with the text: Build App. This could be because the text is broken up by multiple elements. In this case, you can provide a function for your text matcher to make your matcher more flexible.

Ignored nodes: comments, script, style
<body>
  <div>
    <div
      class="relative flex-1 flex flex-col overflow-hidden"
    >
      <div
        class="p-4 text-center text-sm text-[#848484] flex-1"
        data-testid="queue-empty-state"
      >
        <div>
          No tasks in queue
        </div>
      </div>
    </div>
  </div>
</body>
 Γ¥» Object.getElementError ../../node_modules/@testing-library/dom/dist/config.js:37:19
 Γ¥» ../../node_modules/@testing-library/dom/dist/query-helpers.js:76:38
 Γ¥» ../../node_modules/@testing-library/dom/dist/query-helpers.js:52:17
 Γ¥» ../../node_modules/@testing-library/dom/dist/query-helpers.js:95:19
 Γ¥» test/spa/react/repos/ActivityListPane.test.tsx:330:27
    328|         it('shows task display name', () => {
    329|             renderPane({ running: [makeRunningTask({ displayName: 'BuiΓÇª
    330|             expect(screen.getByText('Build App')).toBeTruthy();
       |                           ^
    331|         });
    332| 

ΓÄ»ΓÄ»ΓÄ»ΓÄ»ΓÄ»ΓÄ»ΓÄ»ΓÄ»ΓÄ»ΓÄ»ΓÄ»ΓÄ»ΓÄ»ΓÄ»ΓÄ»ΓÄ»ΓÄ»ΓÄ»ΓÄ»ΓÄ»ΓÄ»[11/134]ΓÄ»

 FAIL  test/spa/react/repos/ActivityListPane.test.tsx > ActivityListPane > Running Tasks section > shows type icon for ask mode
AssertionError: expected 'No tasks in queue' to contain '≡ƒÆí'

- Expected
+ Received

- ≡ƒÆí
+ No tasks in queue

 Γ¥» test/spa/react/repos/ActivityListPane.test.tsx:335:43
    333|         it('shows type icon for ask mode', () => {
    334|             const { container } = renderPane({ running: [makeRunningTaΓÇª
    335|             expect(container.textContent).toContain('≡ƒÆí');
       |                                           ^
    336|         });
    337| 

ΓÄ»ΓÄ»ΓÄ»ΓÄ»ΓÄ»ΓÄ»ΓÄ»ΓÄ»ΓÄ»ΓÄ»ΓÄ»ΓÄ»ΓÄ»ΓÄ»ΓÄ»ΓÄ»ΓÄ»ΓÄ»ΓÄ»ΓÄ»ΓÄ»[12/134]ΓÄ»

 FAIL  test/spa/react/repos/ActivityListPane.test.tsx > ActivityListPane > Running Tasks section > clicking task calls onSelectTask
Error: Unable to fire a "click" event - please provide a DOM element.
 Γ¥» createEvent ../../node_modules/@testing-library/dom/dist/events.js:27:11
 Γ¥» createEvent.<computed> [as click] ../../node_modules/@testing-library/dom/dist/events.js:106:38
 Γ¥» fireEvent.<computed> [as click] ../../node_modules/@testing-library/dom/dist/events.js:110:68
 Γ¥» fireEvent.<computed> [as click] ../../node_modules/@testing-library/react/dist/fire-event.js:15:52
 Γ¥» test/spa/react/repos/ActivityListPane.test.tsx:341:23
    339|             const { props } = renderPane({ running: [makeRunningTask()ΓÇª
    340|             const card = document.querySelector('[data-task-id="run-1"ΓÇª
    341|             fireEvent.click(card!);
       |                       ^
    342|             expect(props.onSelectTask).toHaveBeenCalledWith('run-1', eΓÇª
    343|         });

ΓÄ»ΓÄ»ΓÄ»ΓÄ»ΓÄ»ΓÄ»ΓÄ»ΓÄ»ΓÄ»ΓÄ»ΓÄ»ΓÄ»ΓÄ»ΓÄ»ΓÄ»ΓÄ»ΓÄ»ΓÄ»ΓÄ»ΓÄ»ΓÄ»[13/134]ΓÄ»

 FAIL  test/spa/react/repos/ActivityListPane.test.tsx > ActivityListPane > Running Tasks section > collapsing section hides task cards
AssertionError: expected null to be truthy

- Expected: 
null

+ Received: 
false

 Γ¥» test/spa/react/repos/ActivityListPane.test.tsx:347:70
    345|         it('collapsing section hides task cards', () => {
    346|             renderPane({ running: [makeRunningTask()] });
    347|             expect(document.querySelector('[data-task-id="run-1"]')).tΓÇª
       |                                                                      ^
    348|             fireEvent.click(screen.getByTestId('running-tasks-section-ΓÇª
    349|             expect(document.querySelector('[data-task-id="run-1"]')).tΓÇª

ΓÄ»ΓÄ»ΓÄ»ΓÄ»ΓÄ»ΓÄ»ΓÄ»ΓÄ»ΓÄ»ΓÄ»ΓÄ»ΓÄ»ΓÄ»ΓÄ»ΓÄ»ΓÄ»ΓÄ»ΓÄ»ΓÄ»ΓÄ»ΓÄ»[14/134]ΓÄ»

 FAIL  test/spa/react/repos/ActivityListPane.test.tsx > ActivityListPane > Queued Tasks section > shows section header with count
TestingLibraryElementError: Unable to find an element by: [data-testid="queued-tasks-section-toggle"]

Ignored nodes: comments, script, style
<body>
  <div>
    <div
      class="relative flex-1 flex flex-col overflow-hidden"
    >
      <div
        class="p-4 text-center text-sm text-[#848484] flex-1"
        data-testid="queue-empty-state"
      >
        <div>
          No tasks in queue
        </div>
      </div>
    </div>
  </div>
</body>
 Γ¥» Object.getElementError ../../node_modules/@testing-library/dom/dist/config.js:37:19
 Γ¥» ../../node_modules/@testing-library/dom/dist/query-helpers.js:76:38
 Γ¥» ../../node_modules/@testing-library/dom/dist/query-helpers.js:52:17
 Γ¥» ../../node_modules/@testing-library/dom/dist/query-helpers.js:95:19
 Γ¥» test/spa/react/repos/ActivityListPane.test.tsx:357:35
    355|         it('shows section header with count', () => {
    356|             renderPane({ queued: [makeQueuedTask()] });
    357|             const toggle = screen.getByTestId('queued-tasks-section-toΓÇª
       |                                   ^
    358|             expect(toggle.textContent).toContain('Queued Tasks');
    359|             expect(toggle.textContent).toContain('(1)');

ΓÄ»ΓÄ»ΓÄ»ΓÄ»ΓÄ»ΓÄ»ΓÄ»ΓÄ»ΓÄ»ΓÄ»ΓÄ»ΓÄ»ΓÄ»ΓÄ»ΓÄ»ΓÄ»ΓÄ»ΓÄ»ΓÄ»ΓÄ»ΓÄ»[15/134]ΓÄ»

 FAIL  test/spa/react/repos/ActivityListPane.test.tsx > ActivityListPane > Queued Tasks section > shows task display name
TestingLibraryElementError: Unable to find an element with the text: Queued Work. This could be because the text is broken up by multiple elements. In this case, you can provide a function for your text matcher to make your matcher more flexible.

Ignored nodes: comments, script, style
<body>
  <div>
    <div
      class="relative flex-1 flex flex-col overflow-hidden"
    >
      <div
        class="p-4 text-center text-sm text-[#848484] flex-1"
        data-testid="queue-empty-state"
      >
        <div>
          No tasks in queue
        </div>
      </div>
    </div>
  </div>
</body>
 Γ¥» Object.getElementError ../../node_modules/@testing-library/dom/dist/config.js:37:19
 Γ¥» ../../node_modules/@testing-library/dom/dist/query-helpers.js:76:38
 Γ¥» ../../node_modules/@testing-library/dom/dist/query-helpers.js:52:17
 Γ¥» ../../node_modules/@testing-library/dom/dist/query-helpers.js:95:19
 Γ¥» test/spa/react/repos/ActivityListPane.test.tsx:364:27
    362|         it('shows task display name', () => {
    363|             renderPane({ queued: [makeQueuedTask({ displayName: 'QueueΓÇª
    364|             expect(screen.getByText('Queued Work')).toBeTruthy();
       |                           ^
    365|         });
    366| 

ΓÄ»ΓÄ»ΓÄ»ΓÄ»ΓÄ»ΓÄ»ΓÄ»ΓÄ»ΓÄ»ΓÄ»ΓÄ»ΓÄ»ΓÄ»ΓÄ»ΓÄ»ΓÄ»ΓÄ»ΓÄ»ΓÄ»ΓÄ»ΓÄ»[16/134]ΓÄ»

 FAIL  test/spa/react/repos/ActivityListPane.test.tsx > ActivityListPane > Queued Tasks section > clicking task calls onSelectTask
Error: Unable to fire a "click" event - please provide a DOM element.
 Γ¥» createEvent ../../node_modules/@testing-library/dom/dist/events.js:27:11
 Γ¥» createEvent.<computed> [as click] ../../node_modules/@testing-library/dom/dist/events.js:106:38
 Γ¥» fireEvent.<computed> [as click] ../../node_modules/@testing-library/dom/dist/events.js:110:68
 Γ¥» fireEvent.<computed> [as click] ../../node_modules/@testing-library/react/dist/fire-event.js:15:52
 Γ¥» test/spa/react/repos/ActivityListPane.test.tsx:370:23
    368|             const { props } = renderPane({ queued: [makeQueuedTask()] ΓÇª
    369|             const card = document.querySelector('[data-task-id="q-1"]'ΓÇª
    370|             fireEvent.click(card!);
       |                       ^
    371|             expect(props.onSelectTask).toHaveBeenCalledWith('q-1', expΓÇª
    372|         });

ΓÄ»ΓÄ»ΓÄ»ΓÄ»ΓÄ»ΓÄ»ΓÄ»ΓÄ»ΓÄ»ΓÄ»ΓÄ»ΓÄ»ΓÄ»ΓÄ»ΓÄ»ΓÄ»ΓÄ»ΓÄ»ΓÄ»ΓÄ»ΓÄ»[17/134]ΓÄ»

 FAIL  test/spa/react/repos/ActivityListPane.test.tsx > ActivityListPane > Queued Tasks section > renders pause marker for pause-marker items
TestingLibraryElementError: Unable to find an element by: [data-testid="pause-marker-row"]

Ignored nodes: comments, script, style
<body>
  <div>
    <div
      class="relative flex-1 flex flex-col overflow-hidden"
    >
      <div
        class="p-4 flex flex-col gap-3 overflow-y-auto flex-1"
      >
        <div
          class="flex items-center gap-1.5 px-1 py-1 rounded border border-[#e0e0e0] dark:border-[#474749] bg-[#fafafa] dark:bg-[#1e1e1e] text-xs"
        >
          <span
            class="text-[#848484]"
          >
            ≡ƒöì
          </span>
          <input
            class="flex-1 bg-transparent outline-none text-xs placeholder:text-[#848484]"
            data-testid="queue-search-input"
            placeholder="Search title, promptΓÇª"
            type="text"
            value=""
          />
          <button
            class="text-[#848484] hover:text-[#333] dark:hover:text-[#ccc] leading-none"
            data-testid="queue-search-close"
          >
            Γ£ò
          </button>
        </div>
      </div>
    </div>
  </div>
</body>
 Γ¥» Object.getElementError ../../node_modules/@testing-library/dom/dist/config.js:37:19
 Γ¥» ../../node_modules/@testing-library/dom/dist/query-helpers.js:76:38
 Γ¥» ../../node_modules/@testing-library/dom/dist/query-helpers.js:52:17
 Γ¥» ../../node_modules/@testing-library/dom/dist/query-helpers.js:95:19
 Γ¥» test/spa/react/repos/ActivityListPane.test.tsx:378:27
    376|                 queued: [makeQueuedTask(), { id: 'pm-1', kind: 'pause-ΓÇª
    377|             });
    378|             expect(screen.getByTestId('pause-marker-row')).toBeTruthy(ΓÇª
       |                           ^
    379|         });
    380| 

ΓÄ»ΓÄ»ΓÄ»ΓÄ»ΓÄ»ΓÄ»ΓÄ»ΓÄ»ΓÄ»ΓÄ»ΓÄ»ΓÄ»ΓÄ»ΓÄ»ΓÄ»ΓÄ»ΓÄ»ΓÄ»ΓÄ»ΓÄ»ΓÄ»[18/134]ΓÄ»

 FAIL  test/spa/react/repos/ActivityListPane.test.tsx > ActivityListPane > Queued Tasks section > collapsing section hides task cards
AssertionError: expected null to be truthy

- Expected: 
null

+ Received: 
false

 Γ¥» test/spa/react/repos/ActivityListPane.test.tsx:383:68
    381|         it('collapsing section hides task cards', () => {
    382|             renderPane({ queued: [makeQueuedTask()] });
    383|             expect(document.querySelector('[data-task-id="q-1"]')).toBΓÇª
       |                                                                    ^
    384|             fireEvent.click(screen.getByTestId('queued-tasks-section-tΓÇª
    385|             expect(document.querySelector('[data-task-id="q-1"]')).toBΓÇª

ΓÄ»ΓÄ»ΓÄ»ΓÄ»ΓÄ»ΓÄ»ΓÄ»ΓÄ»ΓÄ»ΓÄ»ΓÄ»ΓÄ»ΓÄ»ΓÄ»ΓÄ»ΓÄ»ΓÄ»ΓÄ»ΓÄ»ΓÄ»ΓÄ»[19/134]ΓÄ»

 FAIL  test/spa/react/repos/ActivityListPane.test.tsx > ActivityListPane > Pinned section > shows section header with count
TestingLibraryElementError: Unable to find an element by: [data-testid="pinned-chats-section-toggle"]

Ignored nodes: comments, script, style
<body>
  <div>
    <div
      class="relative flex-1 flex flex-col overflow-hidden"
    >
      <div
        class="p-4 text-center text-sm text-[#848484] flex-1"
        data-testid="queue-empty-state"
      >
        <div>
          No tasks in queue
        </div>
      </div>
    </div>
  </div>
</body>
 Γ¥» Object.getElementError ../../node_modules/@testing-library/dom/dist/config.js:37:19
 Γ¥» ../../node_modules/@testing-library/dom/dist/query-helpers.js:76:38
 Γ¥» ../../node_modules/@testing-library/dom/dist/query-helpers.js:52:17
 Γ¥» ../../node_modules/@testing-library/dom/dist/query-helpers.js:95:19
 Γ¥» test/spa/react/repos/ActivityListPane.test.tsx:394:35
    392|             mockPinnedChatIds = new Set(['h-1']);
    393|             renderPane({ history: [makeHistoryTask()] });
    394|             const toggle = screen.getByTestId('pinned-chats-section-toΓÇª
       |                                   ^
    395|             expect(toggle.textContent).toContain('≡ƒôî Pinned');
    396|             expect(toggle.textContent).toContain('(1)');

ΓÄ»ΓÄ»ΓÄ»ΓÄ»ΓÄ»ΓÄ»ΓÄ»ΓÄ»ΓÄ»ΓÄ»ΓÄ»ΓÄ»ΓÄ»ΓÄ»ΓÄ»ΓÄ»ΓÄ»ΓÄ»ΓÄ»ΓÄ»ΓÄ»[20/134]ΓÄ»

 FAIL  test/spa/react/repos/ActivityListPane.test.tsx > ActivityListPane > Pinned section > shows pinned section when history tasks are pinned
TestingLibraryElementError: Unable to find an element by: [data-testid="pinned-chats-section-toggle"]

Ignored nodes: comments, script, style
<body>
  <div>
    <div
      class="relative flex-1 flex flex-col overflow-hidden"
    >
      <div
        class="p-4 text-center text-sm text-[#848484] flex-1"
        data-testid="queue-empty-state"
      >
        <div>
          No tasks in queue
        </div>
      </div>
    </div>
  </div>
</body>
 Γ¥» Object.getElementError ../../node_modules/@testing-library/dom/dist/config.js:37:19
 Γ¥» ../../node_modules/@testing-library/dom/dist/query-helpers.js:76:38
 Γ¥» ../../node_modules/@testing-library/dom/dist/query-helpers.js:52:17
 Γ¥» ../../node_modules/@testing-library/dom/dist/query-helpers.js:95:19
 Γ¥» test/spa/react/repos/ActivityListPane.test.tsx:402:27
    400|             mockPinnedChatIds = new Set(['h-1']);
    401|             renderPane({ history: [makeHistoryTask()] });
    402|             expect(screen.getByTestId('pinned-chats-section-toggle')).ΓÇª
       |                           ^
    403|         });
    404| 

ΓÄ»ΓÄ»ΓÄ»ΓÄ»ΓÄ»ΓÄ»ΓÄ»ΓÄ»ΓÄ»ΓÄ»ΓÄ»ΓÄ»ΓÄ»ΓÄ»ΓÄ»ΓÄ»ΓÄ»ΓÄ»ΓÄ»ΓÄ»ΓÄ»[21/134]ΓÄ»

 FAIL  test/spa/react/repos/ActivityListPane.test.tsx > ActivityListPane > Pinned section > pinned cards have amber left border
AssertionError: expected null to be truthy

- Expected: 
null

+ Received: 
false

 Γ¥» test/spa/react/repos/ActivityListPane.test.tsx:409:26
    407|             renderPane({ history: [makeHistoryTask()] });
    408|             const card = document.querySelector('[data-task-id="h-1"]'ΓÇª
    409|             expect(card).toBeTruthy();
       |                          ^
    410|             expect(card!.className).toContain('border-l-amber-400');
    411|         });

ΓÄ»ΓÄ»ΓÄ»ΓÄ»ΓÄ»ΓÄ»ΓÄ»ΓÄ»ΓÄ»ΓÄ»ΓÄ»ΓÄ»ΓÄ»ΓÄ»ΓÄ»ΓÄ»ΓÄ»ΓÄ»ΓÄ»ΓÄ»ΓÄ»[22/134]ΓÄ»

 FAIL  test/spa/react/repos/ActivityListPane.test.tsx > ActivityListPane > Pinned section > pinned cards render inside pinned section
TestingLibraryElementError: Unable to find an element by: [data-testid="pinned-chats-section-toggle"]

Ignored nodes: comments, script, style
<body>
  <div>
    <div
      class="relative flex-1 flex flex-col overflow-hidden"
    >
      <div
        class="p-4 text-center text-sm text-[#848484] flex-1"
        data-testid="queue-empty-state"
      >
        <div>
          No tasks in queue
        </div>
      </div>
    </div>
  </div>
</body>
 Γ¥» Object.getElementError ../../node_modules/@testing-library/dom/dist/config.js:37:19
 Γ¥» ../../node_modules/@testing-library/dom/dist/query-helpers.js:76:38
 Γ¥» ../../node_modules/@testing-library/dom/dist/query-helpers.js:52:17
 Γ¥» ../../node_modules/@testing-library/dom/dist/query-helpers.js:95:19
 Γ¥» test/spa/react/repos/ActivityListPane.test.tsx:416:35
    414|             mockPinnedChatIds = new Set(['h-1']);
    415|             renderPane({ history: [makeHistoryTask()] });
    416|             const toggle = screen.getByTestId('pinned-chats-section-toΓÇª
       |                                   ^
    417|             const section = toggle.parentElement!.parentElement!;
    418|             expect(section.querySelector('[data-task-id="h-1"]')).toBeΓÇª

ΓÄ»ΓÄ»ΓÄ»ΓÄ»ΓÄ»ΓÄ»ΓÄ»ΓÄ»ΓÄ»ΓÄ»ΓÄ»ΓÄ»ΓÄ»ΓÄ»ΓÄ»ΓÄ»ΓÄ»ΓÄ»ΓÄ»ΓÄ»ΓÄ»[23/134]ΓÄ»

 FAIL  test/spa/react/repos/ActivityListPane.test.tsx > ActivityListPane > Pinned section > pinned section count includes pinned running tasks
TestingLibraryElementError: Unable to find an element by: [data-testid="pinned-chats-section-toggle"]

Ignored nodes: comments, script, style
<body>
  <div>
    <div
      class="relative flex-1 flex flex-col overflow-hidden"
    >
      <div
        class="p-4 text-center text-sm text-[#848484] flex-1"
        data-testid="queue-empty-state"
      >
        <div>
          No tasks in queue
        </div>
      </div>
    </div>
  </div>
</body>
 Γ¥» Object.getElementError ../../node_modules/@testing-library/dom/dist/config.js:37:19
 Γ¥» ../../node_modules/@testing-library/dom/dist/query-helpers.js:76:38
 Γ¥» ../../node_modules/@testing-library/dom/dist/query-helpers.js:52:17
 Γ¥» ../../node_modules/@testing-library/dom/dist/query-helpers.js:95:19
 Γ¥» test/spa/react/repos/ActivityListPane.test.tsx:424:35
    422|             mockPinnedChatIds = new Set(['run-1']);
    423|             renderPane({ running: [makeRunningTask()] });
    424|             const toggle = screen.getByTestId('pinned-chats-section-toΓÇª
       |                                   ^
    425|             expect(toggle.textContent).toContain('(1)');
    426|         });

ΓÄ»ΓÄ»ΓÄ»ΓÄ»ΓÄ»ΓÄ»ΓÄ»ΓÄ»ΓÄ»ΓÄ»ΓÄ»ΓÄ»ΓÄ»ΓÄ»ΓÄ»ΓÄ»ΓÄ»ΓÄ»ΓÄ»ΓÄ»ΓÄ»[24/134]ΓÄ»

 FAIL  test/spa/react/repos/ActivityListPane.test.tsx > ActivityListPane > Completed Tasks section > shows section header with count
AssertionError: expected 'No tasks in queue' to contain 'Completed Tasks'

- Expected
+ Received

- Completed Tasks
+ No tasks in queue

 Γ¥» test/spa/react/repos/ActivityListPane.test.tsx:439:43
    437|             const { container } = renderPane({ history: [makeHistoryTaΓÇª
    438|             // Completed section has no data-testid ΓÇö find by text
    439|             expect(container.textContent).toContain('Completed Tasks');
       |                                           ^
    440|             expect(container.textContent).toContain('(1)');
    441|         });

ΓÄ»ΓÄ»ΓÄ»ΓÄ»ΓÄ»ΓÄ»ΓÄ»ΓÄ»ΓÄ»ΓÄ»ΓÄ»ΓÄ»ΓÄ»ΓÄ»ΓÄ»ΓÄ»ΓÄ»ΓÄ»ΓÄ»ΓÄ»ΓÄ»[25/134]ΓÄ»

 FAIL  test/spa/react/repos/ActivityListPane.test.tsx > ActivityListPane > Completed Tasks section > completed task shows name
TestingLibraryElementError: Unable to find an element with the text: Done Job. This could be because the text is broken up by multiple elements. In this case, you can provide a function for your text matcher to make your matcher more flexible.

Ignored nodes: comments, script, style
<body>
  <div>
    <div
      class="relative flex-1 flex flex-col overflow-hidden"
    >
      <div
        class="p-4 text-center text-sm text-[#848484] flex-1"
        data-testid="queue-empty-state"
      >
        <div>
          No tasks in queue
        </div>
      </div>
    </div>
  </div>
</body>
 Γ¥» Object.getElementError ../../node_modules/@testing-library/dom/dist/config.js:37:19
 Γ¥» ../../node_modules/@testing-library/dom/dist/query-helpers.js:76:38
 Γ¥» ../../node_modules/@testing-library/dom/dist/query-helpers.js:52:17
 Γ¥» ../../node_modules/@testing-library/dom/dist/query-helpers.js:95:19
 Γ¥» test/spa/react/repos/ActivityListPane.test.tsx:445:27
    443|         it('completed task shows name', () => {
    444|             renderPane({ history: [makeHistoryTask({ displayName: 'DonΓÇª
    445|             expect(screen.getByText('Done Job')).toBeTruthy();
       |                           ^
    446|         });
    447| 

ΓÄ»ΓÄ»ΓÄ»ΓÄ»ΓÄ»ΓÄ»ΓÄ»ΓÄ»ΓÄ»ΓÄ»ΓÄ»ΓÄ»ΓÄ»ΓÄ»ΓÄ»ΓÄ»ΓÄ»ΓÄ»ΓÄ»ΓÄ»ΓÄ»[26/134]ΓÄ»

 FAIL  test/spa/react/repos/ActivityListPane.test.tsx > ActivityListPane > Completed Tasks section > selected task has ring highlight
TypeError: Cannot read properties of null (reading 'className')
 Γ¥» test/spa/react/repos/ActivityListPane.test.tsx:451:26
    449|             renderPane({ history: [makeHistoryTask()], selectedTaskId:ΓÇª
    450|             const card = document.querySelector('[data-task-id="h-1"]'ΓÇª
    451|             expect(card!.className).toContain('ring-2');
       |                          ^
    452|         });
    453| 

ΓÄ»ΓÄ»ΓÄ»ΓÄ»ΓÄ»ΓÄ»ΓÄ»ΓÄ»ΓÄ»ΓÄ»ΓÄ»ΓÄ»ΓÄ»ΓÄ»ΓÄ»ΓÄ»ΓÄ»ΓÄ»ΓÄ»ΓÄ»ΓÄ»[27/134]ΓÄ»

 FAIL  test/spa/react/repos/ActivityListPane.test.tsx > ActivityListPane > Completed Tasks section > collapse hides task cards
AssertionError: expected null to be truthy

- Expected: 
null

+ Received: 
false

 Γ¥» test/spa/react/repos/ActivityListPane.test.tsx:467:31
    465|                 if (btn.textContent?.includes('Completed Tasks')) toggΓÇª
    466|             });
    467|             expect(toggleBtn).toBeTruthy();
       |                               ^
    468|             fireEvent.click(toggleBtn!);
    469|             expect(document.querySelector('[data-task-id="h-1"]')).toBΓÇª

ΓÄ»ΓÄ»ΓÄ»ΓÄ»ΓÄ»ΓÄ»ΓÄ»ΓÄ»ΓÄ»ΓÄ»ΓÄ»ΓÄ»ΓÄ»ΓÄ»ΓÄ»ΓÄ»ΓÄ»ΓÄ»ΓÄ»ΓÄ»ΓÄ»[28/134]ΓÄ»

 FAIL  test/spa/react/repos/ActivityListPane.test.tsx > ActivityListPane > Archived section > shows section header with count
TestingLibraryElementError: Unable to find an element by: [data-testid="archived-chats-section-toggle"]

Ignored nodes: comments, script, style
<body>
  <div>
    <div
      class="relative flex-1 flex flex-col overflow-hidden"
    >
      <div
        class="p-4 text-center text-sm text-[#848484] flex-1"
        data-testid="queue-empty-state"
      >
        <div>
          No tasks in queue
        </div>
      </div>
    </div>
  </div>
</body>
 Γ¥» Object.getElementError ../../node_modules/@testing-library/dom/dist/config.js:37:19
 Γ¥» ../../node_modules/@testing-library/dom/dist/query-helpers.js:76:38
 Γ¥» ../../node_modules/@testing-library/dom/dist/query-helpers.js:52:17
 Γ¥» ../../node_modules/@testing-library/dom/dist/query-helpers.js:95:19
 Γ¥» test/spa/react/repos/ActivityListPane.test.tsx:478:35
    476|             mockArchivedChatIds = new Set(['h-a']);
    477|             renderPane({ history: [makeHistoryTask({ id: 'h-a' })] });
    478|             const toggle = screen.getByTestId('archived-chats-section-ΓÇª
       |                                   ^
    479|             expect(toggle.textContent).toContain('≡ƒôª Archived');
    480|             expect(toggle.textContent).toContain('(1)');

ΓÄ»ΓÄ»ΓÄ»ΓÄ»ΓÄ»ΓÄ»ΓÄ»ΓÄ»ΓÄ»ΓÄ»ΓÄ»ΓÄ»ΓÄ»ΓÄ»ΓÄ»ΓÄ»ΓÄ»ΓÄ»ΓÄ»ΓÄ»ΓÄ»[29/134]ΓÄ»

 FAIL  test/spa/react/repos/ActivityListPane.test.tsx > ActivityListPane > Archived section > starts collapsed by default
TestingLibraryElementError: Unable to find an element by: [data-testid="archived-chats-section-toggle"]

Ignored nodes: comments, script, style
<body>
  <div>
    <div
      class="relative flex-1 flex flex-col overflow-hidden"
    >
      <div
        class="p-4 text-center text-sm text-[#848484] flex-1"
        data-testid="queue-empty-state"
      >
        <div>
          No tasks in queue
        </div>
      </div>
    </div>
  </div>
</body>
 Γ¥» Object.getElementError ../../node_modules/@testing-library/dom/dist/config.js:37:19
 Γ¥» ../../node_modules/@testing-library/dom/dist/query-helpers.js:76:38
 Γ¥» ../../node_modules/@testing-library/dom/dist/query-helpers.js:52:17
 Γ¥» ../../node_modules/@testing-library/dom/dist/query-helpers.js:95:19
 Γ¥» test/spa/react/repos/ActivityListPane.test.tsx:486:27
    484|             mockArchivedChatIds = new Set(['h-a']);
    485|             renderPane({ history: [makeHistoryTask({ id: 'h-a' })] });
    486|             expect(screen.getByTestId('archived-chats-section-toggle')ΓÇª
       |                           ^
    487|             // Card should not be rendered because section is collapsed
    488|             const toggle = screen.getByTestId('archived-chats-section-ΓÇª

ΓÄ»ΓÄ»ΓÄ»ΓÄ»ΓÄ»ΓÄ»ΓÄ»ΓÄ»ΓÄ»ΓÄ»ΓÄ»ΓÄ»ΓÄ»ΓÄ»ΓÄ»ΓÄ»ΓÄ»ΓÄ»ΓÄ»ΓÄ»ΓÄ»[30/134]ΓÄ»

 FAIL  test/spa/react/repos/ActivityListPane.test.tsx > ActivityListPane > Archived section > expands on click
TestingLibraryElementError: Unable to find an element by: [data-testid="archived-chats-section-toggle"]

Ignored nodes: comments, script, style
<body>
  <div>
    <div
      class="relative flex-1 flex flex-col overflow-hidden"
    >
      <div
        class="p-4 text-center text-sm text-[#848484] flex-1"
        data-testid="queue-empty-state"
      >
        <div>
          No tasks in queue
        </div>
      </div>
    </div>
  </div>
</body>
 Γ¥» Object.getElementError ../../node_modules/@testing-library/dom/dist/config.js:37:19
 Γ¥» ../../node_modules/@testing-library/dom/dist/query-helpers.js:76:38
 Γ¥» ../../node_modules/@testing-library/dom/dist/query-helpers.js:52:17
 Γ¥» ../../node_modules/@testing-library/dom/dist/query-helpers.js:95:19
 Γ¥» test/spa/react/repos/ActivityListPane.test.tsx:496:36
    494|             mockArchivedChatIds = new Set(['h-a']);
    495|             renderPane({ history: [makeHistoryTask({ id: 'h-a' })] });
    496|             fireEvent.click(screen.getByTestId('archived-chats-sectionΓÇª
       |                                    ^
    497|             expect(document.querySelector('[data-task-id="h-a"]')).toBΓÇª
    498|         });

ΓÄ»ΓÄ»ΓÄ»ΓÄ»ΓÄ»ΓÄ»ΓÄ»ΓÄ»ΓÄ»ΓÄ»ΓÄ»ΓÄ»ΓÄ»ΓÄ»ΓÄ»ΓÄ»ΓÄ»ΓÄ»ΓÄ»ΓÄ»ΓÄ»[31/134]ΓÄ»

 FAIL  test/spa/react/repos/ActivityListPane.test.tsx > ActivityListPane > Archived section > archived cards have opacity-70
TestingLibraryElementError: Unable to find an element by: [data-testid="archived-chats-section-toggle"]

Ignored nodes: comments, script, style
<body>
  <div>
    <div
      class="relative flex-1 flex flex-col overflow-hidden"
    >
      <div
        class="p-4 text-center text-sm text-[#848484] flex-1"
        data-testid="queue-empty-state"
      >
        <div>
          No tasks in queue
        </div>
      </div>
    </div>
  </div>
</body>
 Γ¥» Object.getElementError ../../node_modules/@testing-library/dom/dist/config.js:37:19
 Γ¥» ../../node_modules/@testing-library/dom/dist/query-helpers.js:76:38
 Γ¥» ../../node_modules/@testing-library/dom/dist/query-helpers.js:52:17
 Γ¥» ../../node_modules/@testing-library/dom/dist/query-helpers.js:95:19
 Γ¥» test/spa/react/repos/ActivityListPane.test.tsx:503:36
    501|             mockArchivedChatIds = new Set(['h-a']);
    502|             renderPane({ history: [makeHistoryTask({ id: 'h-a' })] });
    503|             fireEvent.click(screen.getByTestId('archived-chats-sectionΓÇª
       |                                    ^
    504|             const card = document.querySelector('[data-task-id="h-a"]'ΓÇª
    505|             expect(card).toBeTruthy();

ΓÄ»ΓÄ»ΓÄ»ΓÄ»ΓÄ»ΓÄ»ΓÄ»ΓÄ»ΓÄ»ΓÄ»ΓÄ»ΓÄ»ΓÄ»ΓÄ»ΓÄ»ΓÄ»ΓÄ»ΓÄ»ΓÄ»ΓÄ»ΓÄ»[32/134]ΓÄ»

 FAIL  test/spa/react/repos/ActivityListPane.test.tsx > ActivityListPane > Archived section > archived cards are inside the archived section
TestingLibraryElementError: Unable to find an element by: [data-testid="archived-chats-section-toggle"]

Ignored nodes: comments, script, style
<body>
  <div>
    <div
      class="relative flex-1 flex flex-col overflow-hidden"
    >
      <div
        class="p-4 text-center text-sm text-[#848484] flex-1"
        data-testid="queue-empty-state"
      >
        <div>
          No tasks in queue
        </div>
      </div>
    </div>
  </div>
</body>
 Γ¥» Object.getElementError ../../node_modules/@testing-library/dom/dist/config.js:37:19
 Γ¥» ../../node_modules/@testing-library/dom/dist/query-helpers.js:76:38
 Γ¥» ../../node_modules/@testing-library/dom/dist/query-helpers.js:52:17
 Γ¥» ../../node_modules/@testing-library/dom/dist/query-helpers.js:95:19
 Γ¥» test/spa/react/repos/ActivityListPane.test.tsx:512:36
    510|             mockArchivedChatIds = new Set(['h-a']);
    511|             renderPane({ history: [makeHistoryTask({ id: 'h-a' })] });
    512|             fireEvent.click(screen.getByTestId('archived-chats-sectionΓÇª
       |                                    ^
    513|             const toggle = screen.getByTestId('archived-chats-section-ΓÇª
    514|             const section = toggle.parentElement!.parentElement!;

ΓÄ»ΓÄ»ΓÄ»ΓÄ»ΓÄ»ΓÄ»ΓÄ»ΓÄ»ΓÄ»ΓÄ»ΓÄ»ΓÄ»ΓÄ»ΓÄ»ΓÄ»ΓÄ»ΓÄ»ΓÄ»ΓÄ»ΓÄ»ΓÄ»[33/134]ΓÄ»

 FAIL  test/spa/react/repos/ActivityListPane.test.tsx > ActivityListPane > Context menus > Running task menu > right-click opens context menu
Error: Unable to fire a "contextmenu" event - please provide a DOM element.
 Γ¥» createEvent ../../node_modules/@testing-library/dom/dist/events.js:27:11
 Γ¥» createEvent.<computed> [as contextMenu] ../../node_modules/@testing-library/dom/dist/events.js:106:38
 Γ¥» fireEvent.<computed> [as contextMenu] ../../node_modules/@testing-library/dom/dist/events.js:110:68
 Γ¥» fireEvent.<computed> [as contextMenu] ../../node_modules/@testing-library/react/dist/fire-event.js:15:52
 Γ¥» test/spa/react/repos/ActivityListPane.test.tsx:525:27
    523|                 renderPane({ running: [makeRunningTask()] });
    524|                 const card = document.querySelector('[data-task-id="ruΓÇª
    525|                 fireEvent.contextMenu(card);
       |                           ^
    526|                 expect(screen.getByTestId('context-menu')).toBeTruthy(ΓÇª
    527|             });

ΓÄ»ΓÄ»ΓÄ»ΓÄ»ΓÄ»ΓÄ»ΓÄ»ΓÄ»ΓÄ»ΓÄ»ΓÄ»ΓÄ»ΓÄ»ΓÄ»ΓÄ»ΓÄ»ΓÄ»ΓÄ»ΓÄ»ΓÄ»ΓÄ»[34/134]ΓÄ»

 FAIL  test/spa/react/repos/ActivityListPane.test.tsx > ActivityListPane > Context menus > Running task menu > "Pin to top" shown for unpinned task
Error: Unable to fire a "contextmenu" event - please provide a DOM element.
 Γ¥» createEvent ../../node_modules/@testing-library/dom/dist/events.js:27:11
 Γ¥» createEvent.<computed> [as contextMenu] ../../node_modules/@testing-library/dom/dist/events.js:106:38
 Γ¥» fireEvent.<computed> [as contextMenu] ../../node_modules/@testing-library/dom/dist/events.js:110:68
 Γ¥» fireEvent.<computed> [as contextMenu] ../../node_modules/@testing-library/react/dist/fire-event.js:15:52
 Γ¥» test/spa/react/repos/ActivityListPane.test.tsx:531:27
    529|             it('"Pin to top" shown for unpinned task', () => {
    530|                 renderPane({ running: [makeRunningTask()] });
    531|                 fireEvent.contextMenu(document.querySelector('[data-taΓÇª
       |                           ^
    532|                 expect(screen.getByText(/Pin to top/)).toBeTruthy();
    533|             });

ΓÄ»ΓÄ»ΓÄ»ΓÄ»ΓÄ»ΓÄ»ΓÄ»ΓÄ»ΓÄ»ΓÄ»ΓÄ»ΓÄ»ΓÄ»ΓÄ»ΓÄ»ΓÄ»ΓÄ»ΓÄ»ΓÄ»ΓÄ»ΓÄ»[35/134]ΓÄ»

 FAIL  test/spa/react/repos/ActivityListPane.test.tsx > ActivityListPane > Context menus > Running task menu > clicking "Pin to top" calls pinChat
Error: Unable to fire a "contextmenu" event - please provide a DOM element.
 Γ¥» createEvent ../../node_modules/@testing-library/dom/dist/events.js:27:11
 Γ¥» createEvent.<computed> [as contextMenu] ../../node_modules/@testing-library/dom/dist/events.js:106:38
 Γ¥» fireEvent.<computed> [as contextMenu] ../../node_modules/@testing-library/dom/dist/events.js:110:68
 Γ¥» fireEvent.<computed> [as contextMenu] ../../node_modules/@testing-library/react/dist/fire-event.js:15:52
 Γ¥» test/spa/react/repos/ActivityListPane.test.tsx:537:27
    535|             it('clicking "Pin to top" calls pinChat', () => {
    536|                 renderPane({ running: [makeRunningTask()] });
    537|                 fireEvent.contextMenu(document.querySelector('[data-taΓÇª
       |                           ^
    538|                 fireEvent.click(screen.getByText(/Pin to top/));
    539|                 expect(mockPinChat).toHaveBeenCalledWith('run-1');

ΓÄ»ΓÄ»ΓÄ»ΓÄ»ΓÄ»ΓÄ»ΓÄ»ΓÄ»ΓÄ»ΓÄ»ΓÄ»ΓÄ»ΓÄ»ΓÄ»ΓÄ»ΓÄ»ΓÄ»ΓÄ»ΓÄ»ΓÄ»ΓÄ»[36/134]ΓÄ»

 FAIL  test/spa/react/repos/ActivityListPane.test.tsx > ActivityListPane > Context menus > Running task menu > "Unpin" shown for pinned running task
Error: Unable to fire a "contextmenu" event - please provide a DOM element.
 Γ¥» createEvent ../../node_modules/@testing-library/dom/dist/events.js:27:11
 Γ¥» createEvent.<computed> [as contextMenu] ../../node_modules/@testing-library/dom/dist/events.js:106:38
 Γ¥» fireEvent.<computed> [as contextMenu] ../../node_modules/@testing-library/dom/dist/events.js:110:68
 Γ¥» fireEvent.<computed> [as contextMenu] ../../node_modules/@testing-library/react/dist/fire-event.js:15:52
 Γ¥» test/spa/react/repos/ActivityListPane.test.tsx:545:27
    543|                 mockPinnedChatIds = new Set(['run-1']);
    544|                 renderPane({ running: [makeRunningTask()] });
    545|                 fireEvent.contextMenu(document.querySelector('[data-taΓÇª
       |                           ^
    546|                 expect(screen.getByText(/Unpin/)).toBeTruthy();
    547|             });

ΓÄ»ΓÄ»ΓÄ»ΓÄ»ΓÄ»ΓÄ»ΓÄ»ΓÄ»ΓÄ»ΓÄ»ΓÄ»ΓÄ»ΓÄ»ΓÄ»ΓÄ»ΓÄ»ΓÄ»ΓÄ»ΓÄ»ΓÄ»ΓÄ»[37/134]ΓÄ»

 FAIL  test/spa/react/repos/ActivityListPane.test.tsx > ActivityListPane > Context menus > Running task menu > "Cancel" menu item present
Error: Unable to fire a "contextmenu" event - please provide a DOM element.
 Γ¥» createEvent ../../node_modules/@testing-library/dom/dist/events.js:27:11
 Γ¥» createEvent.<computed> [as contextMenu] ../../node_modules/@testing-library/dom/dist/events.js:106:38
 Γ¥» fireEvent.<computed> [as contextMenu] ../../node_modules/@testing-library/dom/dist/events.js:110:68
 Γ¥» fireEvent.<computed> [as contextMenu] ../../node_modules/@testing-library/react/dist/fire-event.js:15:52
 Γ¥» test/spa/react/repos/ActivityListPane.test.tsx:551:27
    549|             it('"Cancel" menu item present', () => {
    550|                 renderPane({ running: [makeRunningTask()] });
    551|                 fireEvent.contextMenu(document.querySelector('[data-taΓÇª
       |                           ^
    552|                 expect(screen.getByText(/Cancel/)).toBeTruthy();
    553|             });

ΓÄ»ΓÄ»ΓÄ»ΓÄ»ΓÄ»ΓÄ»ΓÄ»ΓÄ»ΓÄ»ΓÄ»ΓÄ»ΓÄ»ΓÄ»ΓÄ»ΓÄ»ΓÄ»ΓÄ»ΓÄ»ΓÄ»ΓÄ»ΓÄ»[38/134]ΓÄ»

 FAIL  test/spa/react/repos/ActivityListPane.test.tsx > ActivityListPane > Context menus > Queued task menu > right-click opens context menu
Error: Unable to fire a "contextmenu" event - please provide a DOM element.
 Γ¥» createEvent ../../node_modules/@testing-library/dom/dist/events.js:27:11
 Γ¥» createEvent.<computed> [as contextMenu] ../../node_modules/@testing-library/dom/dist/events.js:106:38
 Γ¥» fireEvent.<computed> [as contextMenu] ../../node_modules/@testing-library/dom/dist/events.js:110:68
 Γ¥» fireEvent.<computed> [as contextMenu] ../../node_modules/@testing-library/react/dist/fire-event.js:15:52
 Γ¥» test/spa/react/repos/ActivityListPane.test.tsx:559:27
    557|             it('right-click opens context menu', () => {
    558|                 renderPane({ queued: [makeQueuedTask()] });
    559|                 fireEvent.contextMenu(document.querySelector('[data-taΓÇª
       |                           ^
    560|                 expect(screen.getByTestId('context-menu')).toBeTruthy(ΓÇª
    561|             });

ΓÄ»ΓÄ»ΓÄ»ΓÄ»ΓÄ»ΓÄ»ΓÄ»ΓÄ»ΓÄ»ΓÄ»ΓÄ»ΓÄ»ΓÄ»ΓÄ»ΓÄ»ΓÄ»ΓÄ»ΓÄ»ΓÄ»ΓÄ»ΓÄ»[39/134]ΓÄ»

 FAIL  test/spa/react/repos/ActivityListPane.test.tsx > ActivityListPane > Context menus > Queued task menu > "Move Up" shown when not first
Error: Unable to fire a "contextmenu" event - please provide a DOM element.
 Γ¥» createEvent ../../node_modules/@testing-library/dom/dist/events.js:27:11
 Γ¥» createEvent.<computed> [as contextMenu] ../../node_modules/@testing-library/dom/dist/events.js:106:38
 Γ¥» fireEvent.<computed> [as contextMenu] ../../node_modules/@testing-library/dom/dist/events.js:110:68
 Γ¥» fireEvent.<computed> [as contextMenu] ../../node_modules/@testing-library/react/dist/fire-event.js:15:52
 Γ¥» test/spa/react/repos/ActivityListPane.test.tsx:570:27
    568|                     ],
    569|                 });
    570|                 fireEvent.contextMenu(document.querySelector('[data-taΓÇª
       |                           ^
    571|                 expect(screen.getByText(/Move Up/)).toBeTruthy();
    572|             });

ΓÄ»ΓÄ»ΓÄ»ΓÄ»ΓÄ»ΓÄ»ΓÄ»ΓÄ»ΓÄ»ΓÄ»ΓÄ»ΓÄ»ΓÄ»ΓÄ»ΓÄ»ΓÄ»ΓÄ»ΓÄ»ΓÄ»ΓÄ»ΓÄ»[40/134]ΓÄ»

 FAIL  test/spa/react/repos/ActivityListPane.test.tsx > ActivityListPane > Context menus > Queued task menu > "Move Up" hidden for first item
Error: Unable to fire a "contextmenu" event - please provide a DOM element.
 Γ¥» createEvent ../../node_modules/@testing-library/dom/dist/events.js:27:11
 Γ¥» createEvent.<computed> [as contextMenu] ../../node_modules/@testing-library/dom/dist/events.js:106:38
 Γ¥» fireEvent.<computed> [as contextMenu] ../../node_modules/@testing-library/dom/dist/events.js:110:68
 Γ¥» fireEvent.<computed> [as contextMenu] ../../node_modules/@testing-library/react/dist/fire-event.js:15:52
 Γ¥» test/spa/react/repos/ActivityListPane.test.tsx:576:27
    574|             it('"Move Up" hidden for first item', () => {
    575|                 renderPane({ queued: [makeQueuedTask()] });
    576|                 fireEvent.contextMenu(document.querySelector('[data-taΓÇª
       |                           ^
    577|                 expect(screen.queryByText(/Move Up/)).toBeNull();
    578|             });

ΓÄ»ΓÄ»ΓÄ»ΓÄ»ΓÄ»ΓÄ»ΓÄ»ΓÄ»ΓÄ»ΓÄ»ΓÄ»ΓÄ»ΓÄ»ΓÄ»ΓÄ»ΓÄ»ΓÄ»ΓÄ»ΓÄ»ΓÄ»ΓÄ»[41/134]ΓÄ»

 FAIL  test/spa/react/repos/ActivityListPane.test.tsx > ActivityListPane > Context menus > Queued task menu > "Freeze" shown for unfrozen task
Error: Unable to fire a "contextmenu" event - please provide a DOM element.
 Γ¥» createEvent ../../node_modules/@testing-library/dom/dist/events.js:27:11
 Γ¥» createEvent.<computed> [as contextMenu] ../../node_modules/@testing-library/dom/dist/events.js:106:38
 Γ¥» fireEvent.<computed> [as contextMenu] ../../node_modules/@testing-library/dom/dist/events.js:110:68
 Γ¥» fireEvent.<computed> [as contextMenu] ../../node_modules/@testing-library/react/dist/fire-event.js:15:52
 Γ¥» test/spa/react/repos/ActivityListPane.test.tsx:582:27
    580|             it('"Freeze" shown for unfrozen task', () => {
    581|                 renderPane({ queued: [makeQueuedTask()] });
    582|                 fireEvent.contextMenu(document.querySelector('[data-taΓÇª
       |                           ^
    583|                 expect(screen.getByText(/Freeze/)).toBeTruthy();
    584|             });

ΓÄ»ΓÄ»ΓÄ»ΓÄ»ΓÄ»ΓÄ»ΓÄ»ΓÄ»ΓÄ»ΓÄ»ΓÄ»ΓÄ»ΓÄ»ΓÄ»ΓÄ»ΓÄ»ΓÄ»ΓÄ»ΓÄ»ΓÄ»ΓÄ»[42/134]ΓÄ»

 FAIL  test/spa/react/repos/ActivityListPane.test.tsx > ActivityListPane > Context menus > Queued task menu > "Unfreeze" shown for frozen task
Error: Unable to fire a "contextmenu" event - please provide a DOM element.
 Γ¥» createEvent ../../node_modules/@testing-library/dom/dist/events.js:27:11
 Γ¥» createEvent.<computed> [as contextMenu] ../../node_modules/@testing-library/dom/dist/events.js:106:38
 Γ¥» fireEvent.<computed> [as contextMenu] ../../node_modules/@testing-library/dom/dist/events.js:110:68
 Γ¥» fireEvent.<computed> [as contextMenu] ../../node_modules/@testing-library/react/dist/fire-event.js:15:52
 Γ¥» test/spa/react/repos/ActivityListPane.test.tsx:588:27
    586|             it('"Unfreeze" shown for frozen task', () => {
    587|                 renderPane({ queued: [makeQueuedTask({ frozen: true })ΓÇª
    588|                 fireEvent.contextMenu(document.querySelector('[data-taΓÇª
       |                           ^
    589|                 expect(screen.getByText(/Unfreeze/)).toBeTruthy();
    590|             });

ΓÄ»ΓÄ»ΓÄ»ΓÄ»ΓÄ»ΓÄ»ΓÄ»ΓÄ»ΓÄ»ΓÄ»ΓÄ»ΓÄ»ΓÄ»ΓÄ»ΓÄ»ΓÄ»ΓÄ»ΓÄ»ΓÄ»ΓÄ»ΓÄ»[43/134]ΓÄ»

 FAIL  test/spa/react/repos/ActivityListPane.test.tsx > ActivityListPane > Context menus > Completed task menu > right-click opens context menu
Error: Unable to fire a "contextmenu" event - please provide a DOM element.
 Γ¥» createEvent ../../node_modules/@testing-library/dom/dist/events.js:27:11
 Γ¥» createEvent.<computed> [as contextMenu] ../../node_modules/@testing-library/dom/dist/events.js:106:38
 Γ¥» fireEvent.<computed> [as contextMenu] ../../node_modules/@testing-library/dom/dist/events.js:110:68
 Γ¥» fireEvent.<computed> [as contextMenu] ../../node_modules/@testing-library/react/dist/fire-event.js:15:52
 Γ¥» test/spa/react/repos/ActivityListPane.test.tsx:596:27
    594|             it('right-click opens context menu', () => {
    595|                 renderPane({ history: [makeHistoryTask()], onMarkRead:ΓÇª
    596|                 fireEvent.contextMenu(document.querySelector('[data-taΓÇª
       |                           ^
    597|                 expect(screen.getByTestId('context-menu')).toBeTruthy(ΓÇª
    598|             });

ΓÄ»ΓÄ»ΓÄ»ΓÄ»ΓÄ»ΓÄ»ΓÄ»ΓÄ»ΓÄ»ΓÄ»ΓÄ»ΓÄ»ΓÄ»ΓÄ»ΓÄ»ΓÄ»ΓÄ»ΓÄ»ΓÄ»ΓÄ»ΓÄ»[44/134]ΓÄ»

 FAIL  test/spa/react/repos/ActivityListPane.test.tsx > ActivityListPane > Context menus > Completed task menu > "Pin to top" shown for unpinned task
Error: Unable to fire a "contextmenu" event - please provide a DOM element.
 Γ¥» createEvent ../../node_modules/@testing-library/dom/dist/events.js:27:11
 Γ¥» createEvent.<computed> [as contextMenu] ../../node_modules/@testing-library/dom/dist/events.js:106:38
 Γ¥» fireEvent.<computed> [as contextMenu] ../../node_modules/@testing-library/dom/dist/events.js:110:68
 Γ¥» fireEvent.<computed> [as contextMenu] ../../node_modules/@testing-library/react/dist/fire-event.js:15:52
 Γ¥» test/spa/react/repos/ActivityListPane.test.tsx:602:27
    600|             it('"Pin to top" shown for unpinned task', () => {
    601|                 renderPane({ history: [makeHistoryTask()], onMarkUnreaΓÇª
    602|                 fireEvent.contextMenu(document.querySelector('[data-taΓÇª
       |                           ^
    603|                 expect(screen.getByText(/Pin to top/)).toBeTruthy();
    604|             });

ΓÄ»ΓÄ»ΓÄ»ΓÄ»ΓÄ»ΓÄ»ΓÄ»ΓÄ»ΓÄ»ΓÄ»ΓÄ»ΓÄ»ΓÄ»ΓÄ»ΓÄ»ΓÄ»ΓÄ»ΓÄ»ΓÄ»ΓÄ»ΓÄ»[45/134]ΓÄ»

 FAIL  test/spa/react/repos/ActivityListPane.test.tsx > ActivityListPane > Context menus > Completed task menu > "Mark as Read" shown for unseen task
Error: Unable to fire a "contextmenu" event - please provide a DOM element.
 Γ¥» createEvent ../../node_modules/@testing-library/dom/dist/events.js:27:11
 Γ¥» createEvent.<computed> [as contextMenu] ../../node_modules/@testing-library/dom/dist/events.js:106:38
 Γ¥» fireEvent.<computed> [as contextMenu] ../../node_modules/@testing-library/dom/dist/events.js:110:68
 Γ¥» fireEvent.<computed> [as contextMenu] ../../node_modules/@testing-library/react/dist/fire-event.js:15:52
 Γ¥» test/spa/react/repos/ActivityListPane.test.tsx:612:27
    610|                     onMarkRead: vi.fn(),
    611|                 });
    612|                 fireEvent.contextMenu(document.querySelector('[data-taΓÇª
       |                           ^
    613|                 expect(screen.getByText(/Mark as Read/)).toBeTruthy();
    614|             });

ΓÄ»ΓÄ»ΓÄ»ΓÄ»ΓÄ»ΓÄ»ΓÄ»ΓÄ»ΓÄ»ΓÄ»ΓÄ»ΓÄ»ΓÄ»ΓÄ»ΓÄ»ΓÄ»ΓÄ»ΓÄ»ΓÄ»ΓÄ»ΓÄ»[46/134]ΓÄ»

 FAIL  test/spa/react/repos/ActivityListPane.test.tsx > ActivityListPane > Context menus > Completed task menu > "Mark as Unread" shown for seen task
Error: Unable to fire a "contextmenu" event - please provide a DOM element.
 Γ¥» createEvent ../../node_modules/@testing-library/dom/dist/events.js:27:11
 Γ¥» createEvent.<computed> [as contextMenu] ../../node_modules/@testing-library/dom/dist/events.js:106:38
 Γ¥» fireEvent.<computed> [as contextMenu] ../../node_modules/@testing-library/dom/dist/events.js:110:68
 Γ¥» fireEvent.<computed> [as contextMenu] ../../node_modules/@testing-library/react/dist/fire-event.js:15:52
 Γ¥» test/spa/react/repos/ActivityListPane.test.tsx:621:27
    619|                     onMarkUnread: vi.fn(),
    620|                 });
    621|                 fireEvent.contextMenu(document.querySelector('[data-taΓÇª
       |                           ^
    622|                 expect(screen.getByText(/Mark as Unread/)).toBeTruthy(ΓÇª
    623|             });

ΓÄ»ΓÄ»ΓÄ»ΓÄ»ΓÄ»ΓÄ»ΓÄ»ΓÄ»ΓÄ»ΓÄ»ΓÄ»ΓÄ»ΓÄ»ΓÄ»ΓÄ»ΓÄ»ΓÄ»ΓÄ»ΓÄ»ΓÄ»ΓÄ»[47/134]ΓÄ»

 FAIL  test/spa/react/repos/ActivityListPane.test.tsx > ActivityListPane > Context menus > Completed task menu > "Archive" shown for non-archived task
Error: Unable to fire a "contextmenu" event - please provide a DOM element.
 Γ¥» createEvent ../../node_modules/@testing-library/dom/dist/events.js:27:11
 Γ¥» createEvent.<computed> [as contextMenu] ../../node_modules/@testing-library/dom/dist/events.js:106:38
 Γ¥» fireEvent.<computed> [as contextMenu] ../../node_modules/@testing-library/dom/dist/events.js:110:68
 Γ¥» fireEvent.<computed> [as contextMenu] ../../node_modules/@testing-library/react/dist/fire-event.js:15:52
 Γ¥» test/spa/react/repos/ActivityListPane.test.tsx:627:27
    625|             it('"Archive" shown for non-archived task', () => {
    626|                 renderPane({ history: [makeHistoryTask()], onMarkUnreaΓÇª
    627|                 fireEvent.contextMenu(document.querySelector('[data-taΓÇª
       |                           ^
    628|                 // The menu item text is "≡ƒôª Archive"
    629|                 const items = screen.getAllByRole('button');

ΓÄ»ΓÄ»ΓÄ»ΓÄ»ΓÄ»ΓÄ»ΓÄ»ΓÄ»ΓÄ»ΓÄ»ΓÄ»ΓÄ»ΓÄ»ΓÄ»ΓÄ»ΓÄ»ΓÄ»ΓÄ»ΓÄ»ΓÄ»ΓÄ»[48/134]ΓÄ»

 FAIL  test/spa/react/repos/ActivityListPane.test.tsx > ActivityListPane > Context menus > Completed task menu > "Delete" present
Error: Unable to fire a "contextmenu" event - please provide a DOM element.
 Γ¥» createEvent ../../node_modules/@testing-library/dom/dist/events.js:27:11
 Γ¥» createEvent.<computed> [as contextMenu] ../../node_modules/@testing-library/dom/dist/events.js:106:38
 Γ¥» fireEvent.<computed> [as contextMenu] ../../node_modules/@testing-library/dom/dist/events.js:110:68
 Γ¥» fireEvent.<computed> [as contextMenu] ../../node_modules/@testing-library/react/dist/fire-event.js:15:52
 Γ¥» test/spa/react/repos/ActivityListPane.test.tsx:636:27
    634|             it('"Delete" present', () => {
    635|                 renderPane({ history: [makeHistoryTask()], onMarkUnreaΓÇª
    636|                 fireEvent.contextMenu(document.querySelector('[data-taΓÇª
       |                           ^
    637|                 // Completed tasks always use bulk menu path (bulkIds=ΓÇª
    638|                 expect(screen.getByText(/Delete 1 chats/)).toBeTruthy(ΓÇª

ΓÄ»ΓÄ»ΓÄ»ΓÄ»ΓÄ»ΓÄ»ΓÄ»ΓÄ»ΓÄ»ΓÄ»ΓÄ»ΓÄ»ΓÄ»ΓÄ»ΓÄ»ΓÄ»ΓÄ»ΓÄ»ΓÄ»ΓÄ»ΓÄ»[49/134]ΓÄ»

 FAIL  test/spa/react/repos/ActivityListPane.test.tsx > ActivityListPane > Context menus > Completed task menu > "Rename" shown for completed task
Error: Unable to fire a "contextmenu" event - please provide a DOM element.
 Γ¥» createEvent ../../node_modules/@testing-library/dom/dist/events.js:27:11
 Γ¥» createEvent.<computed> [as contextMenu] ../../node_modules/@testing-library/dom/dist/events.js:106:38
 Γ¥» fireEvent.<computed> [as contextMenu] ../../node_modules/@testing-library/dom/dist/events.js:110:68
 Γ¥» fireEvent.<computed> [as contextMenu] ../../node_modules/@testing-library/react/dist/fire-event.js:15:52
 Γ¥» test/spa/react/repos/ActivityListPane.test.tsx:643:27
    641|             it('"Rename" shown for completed task', () => {
    642|                 renderPane({ history: [makeHistoryTask()], onMarkUnreaΓÇª
    643|                 fireEvent.contextMenu(document.querySelector('[data-taΓÇª
       |                           ^
    644|                 const menuItems = screen.getByTestId('context-menu');
    645|                 expect(menuItems.textContent).toContain('Rename');

ΓÄ»ΓÄ»ΓÄ»ΓÄ»ΓÄ»ΓÄ»ΓÄ»ΓÄ»ΓÄ»ΓÄ»ΓÄ»ΓÄ»ΓÄ»ΓÄ»ΓÄ»ΓÄ»ΓÄ»ΓÄ»ΓÄ»ΓÄ»ΓÄ»[50/134]ΓÄ»

 FAIL  test/spa/react/repos/ActivityListPane.test.tsx > ActivityListPane > Context menus > Completed task menu > clicking Rename opens the RenameDialog
Error: Unable to fire a "contextmenu" event - please provide a DOM element.
 Γ¥» createEvent ../../node_modules/@testing-library/dom/dist/events.js:27:11
 Γ¥» createEvent.<computed> [as contextMenu] ../../node_modules/@testing-library/dom/dist/events.js:106:38
 Γ¥» fireEvent.<computed> [as contextMenu] ../../node_modules/@testing-library/dom/dist/events.js:110:68
 Γ¥» fireEvent.<computed> [as contextMenu] ../../node_modules/@testing-library/react/dist/fire-event.js:15:52
 Γ¥» test/spa/react/repos/ActivityListPane.test.tsx:650:27
    648|             it('clicking Rename opens the RenameDialog', async () => {
    649|                 renderPane({ history: [makeHistoryTask()], onMarkUnreaΓÇª
    650|                 fireEvent.contextMenu(document.querySelector('[data-taΓÇª
       |                           ^
    651|                 // Find Rename button inside the context menu
    652|                 const menu = screen.getByTestId('context-menu');

ΓÄ»ΓÄ»ΓÄ»ΓÄ»ΓÄ»ΓÄ»ΓÄ»ΓÄ»ΓÄ»ΓÄ»ΓÄ»ΓÄ»ΓÄ»ΓÄ»ΓÄ»ΓÄ»ΓÄ»ΓÄ»ΓÄ»ΓÄ»ΓÄ»[51/134]ΓÄ»

 FAIL  test/spa/react/repos/ActivityListPane.test.tsx > ActivityListPane > Context menus > Completed task menu > calls PATCH /api/processes/queue_<taskId> on rename confirm
Error: Unable to fire a "contextmenu" event - please provide a DOM element.
 Γ¥» createEvent ../../node_modules/@testing-library/dom/dist/events.js:27:11
 Γ¥» createEvent.<computed> [as contextMenu] ../../node_modules/@testing-library/dom/dist/events.js:106:38
 Γ¥» fireEvent.<computed> [as contextMenu] ../../node_modules/@testing-library/dom/dist/events.js:110:68
 Γ¥» fireEvent.<computed> [as contextMenu] ../../node_modules/@testing-library/react/dist/fire-event.js:15:52
 Γ¥» test/spa/react/repos/ActivityListPane.test.tsx:669:27
    667|                     fetchQueue: vi.fn().mockResolvedValue(undefined),
    668|                 });
    669|                 fireEvent.contextMenu(document.querySelector('[data-taΓÇª
       |                           ^
    670|                 // Find Rename button inside the context menu
    671|                 const menu = screen.getByTestId('context-menu');

ΓÄ»ΓÄ»ΓÄ»ΓÄ»ΓÄ»ΓÄ»ΓÄ»ΓÄ»ΓÄ»ΓÄ»ΓÄ»ΓÄ»ΓÄ»ΓÄ»ΓÄ»ΓÄ»ΓÄ»ΓÄ»ΓÄ»ΓÄ»ΓÄ»[52/134]ΓÄ»

 FAIL  test/spa/react/repos/ActivityListPane.test.tsx > ActivityListPane > Context menus > Bulk context menu > shift+click selects range
Error: Unable to fire a "click" event - please provide a DOM element.
 Γ¥» createEvent ../../node_modules/@testing-library/dom/dist/events.js:27:11
 Γ¥» createEvent.<computed> [as click] ../../node_modules/@testing-library/dom/dist/events.js:106:38
 Γ¥» fireEvent.<computed> [as click] ../../node_modules/@testing-library/dom/dist/events.js:110:68
 Γ¥» fireEvent.<computed> [as click] ../../node_modules/@testing-library/react/dist/fire-event.js:15:52
 Γ¥» selectRange test/spa/react/repos/ActivityListPane.test.tsx:709:27
    707|             function selectRange() {
    708|                 // Plain click on h-1 sets anchor
    709|                 fireEvent.click(document.querySelector('[data-task-id=ΓÇª
       |                           ^
    710|                 // Shift+click on h-3 selects h-1, h-2, h-3
    711|                 fireEvent.click(document.querySelector('[data-task-id=ΓÇª
 Γ¥» test/spa/react/repos/ActivityListPane.test.tsx:716:17

ΓÄ»ΓÄ»ΓÄ»ΓÄ»ΓÄ»ΓÄ»ΓÄ»ΓÄ»ΓÄ»ΓÄ»ΓÄ»ΓÄ»ΓÄ»ΓÄ»ΓÄ»ΓÄ»ΓÄ»ΓÄ»ΓÄ»ΓÄ»ΓÄ»[53/134]ΓÄ»

 FAIL  test/spa/react/repos/ActivityListPane.test.tsx > ActivityListPane > Context menus > Bulk context menu > ctrl+click toggles individual selection
Error: Unable to fire a "click" event - please provide a DOM element.
 Γ¥» createEvent ../../node_modules/@testing-library/dom/dist/events.js:27:11
 Γ¥» createEvent.<computed> [as click] ../../node_modules/@testing-library/dom/dist/events.js:106:38
 Γ¥» fireEvent.<computed> [as click] ../../node_modules/@testing-library/dom/dist/events.js:110:68
 Γ¥» fireEvent.<computed> [as click] ../../node_modules/@testing-library/react/dist/fire-event.js:15:52
 Γ¥» test/spa/react/repos/ActivityListPane.test.tsx:723:27
    721|                 renderThreeHistoryTasks();
    722|                 // Anchor on h-1
    723|                 fireEvent.click(document.querySelector('[data-task-id=ΓÇª
       |                           ^
    724|                 // Ctrl+click h-2 and h-3
    725|                 fireEvent.click(document.querySelector('[data-task-id=ΓÇª

ΓÄ»ΓÄ»ΓÄ»ΓÄ»ΓÄ»ΓÄ»ΓÄ»ΓÄ»ΓÄ»ΓÄ»ΓÄ»ΓÄ»ΓÄ»ΓÄ»ΓÄ»ΓÄ»ΓÄ»ΓÄ»ΓÄ»ΓÄ»ΓÄ»[54/134]ΓÄ»

 FAIL  test/spa/react/repos/ActivityListPane.test.tsx > ActivityListPane > Context menus > Bulk context menu > right-click selected item shows bulk menu
Error: Unable to fire a "click" event - please provide a DOM element.
 Γ¥» createEvent ../../node_modules/@testing-library/dom/dist/events.js:27:11
 Γ¥» createEvent.<computed> [as click] ../../node_modules/@testing-library/dom/dist/events.js:106:38
 Γ¥» fireEvent.<computed> [as click] ../../node_modules/@testing-library/dom/dist/events.js:110:68
 Γ¥» fireEvent.<computed> [as click] ../../node_modules/@testing-library/react/dist/fire-event.js:15:52
 Γ¥» selectRange test/spa/react/repos/ActivityListPane.test.tsx:709:27
    707|             function selectRange() {
    708|                 // Plain click on h-1 sets anchor
    709|                 fireEvent.click(document.querySelector('[data-task-id=ΓÇª
       |                           ^
    710|                 // Shift+click on h-3 selects h-1, h-2, h-3
    711|                 fireEvent.click(document.querySelector('[data-task-id=ΓÇª
 Γ¥» test/spa/react/repos/ActivityListPane.test.tsx:732:17

ΓÄ»ΓÄ»ΓÄ»ΓÄ»ΓÄ»ΓÄ»ΓÄ»ΓÄ»ΓÄ»ΓÄ»ΓÄ»ΓÄ»ΓÄ»ΓÄ»ΓÄ»ΓÄ»ΓÄ»ΓÄ»ΓÄ»ΓÄ»ΓÄ»[55/134]ΓÄ»

 FAIL  test/spa/react/repos/ActivityListPane.test.tsx > ActivityListPane > Context menus > Bulk context menu > bulk menu shows count header
Error: Unable to fire a "click" event - please provide a DOM element.
 Γ¥» createEvent ../../node_modules/@testing-library/dom/dist/events.js:27:11
 Γ¥» createEvent.<computed> [as click] ../../node_modules/@testing-library/dom/dist/events.js:106:38
 Γ¥» fireEvent.<computed> [as click] ../../node_modules/@testing-library/dom/dist/events.js:110:68
 Γ¥» fireEvent.<computed> [as click] ../../node_modules/@testing-library/react/dist/fire-event.js:15:52
 Γ¥» selectRange test/spa/react/repos/ActivityListPane.test.tsx:709:27
    707|             function selectRange() {
    708|                 // Plain click on h-1 sets anchor
    709|                 fireEvent.click(document.querySelector('[data-task-id=ΓÇª
       |                           ^
    710|                 // Shift+click on h-3 selects h-1, h-2, h-3
    711|                 fireEvent.click(document.querySelector('[data-task-id=ΓÇª
 Γ¥» test/spa/react/repos/ActivityListPane.test.tsx:740:17

ΓÄ»ΓÄ»ΓÄ»ΓÄ»ΓÄ»ΓÄ»ΓÄ»ΓÄ»ΓÄ»ΓÄ»ΓÄ»ΓÄ»ΓÄ»ΓÄ»ΓÄ»ΓÄ»ΓÄ»ΓÄ»ΓÄ»ΓÄ»ΓÄ»[56/134]ΓÄ»

 FAIL  test/spa/react/repos/ActivityListPane.test.tsx > ActivityListPane > Context menus > Bulk context menu > bulk "Mark as Read" shown when any unseen
Error: Unable to fire a "click" event - please provide a DOM element.
 Γ¥» createEvent ../../node_modules/@testing-library/dom/dist/events.js:27:11
 Γ¥» createEvent.<computed> [as click] ../../node_modules/@testing-library/dom/dist/events.js:106:38
 Γ¥» fireEvent.<computed> [as click] ../../node_modules/@testing-library/dom/dist/events.js:110:68
 Γ¥» fireEvent.<computed> [as click] ../../node_modules/@testing-library/react/dist/fire-event.js:15:52
 Γ¥» selectRange test/spa/react/repos/ActivityListPane.test.tsx:709:27
    707|             function selectRange() {
    708|                 // Plain click on h-1 sets anchor
    709|                 fireEvent.click(document.querySelector('[data-task-id=ΓÇª
       |                           ^
    710|                 // Shift+click on h-3 selects h-1, h-2, h-3
    711|                 fireEvent.click(document.querySelector('[data-task-id=ΓÇª
 Γ¥» test/spa/react/repos/ActivityListPane.test.tsx:747:17

ΓÄ»ΓÄ»ΓÄ»ΓÄ»ΓÄ»ΓÄ»ΓÄ»ΓÄ»ΓÄ»ΓÄ»ΓÄ»ΓÄ»ΓÄ»ΓÄ»ΓÄ»ΓÄ»ΓÄ»ΓÄ»ΓÄ»ΓÄ»ΓÄ»[57/134]ΓÄ»

 FAIL  test/spa/react/repos/ActivityListPane.test.tsx > ActivityListPane > Context menus > Bulk context menu > bulk "Summarize" shown for Γëñ20
Error: Unable to fire a "click" event - please provide a DOM element.
 Γ¥» createEvent ../../node_modules/@testing-library/dom/dist/events.js:27:11
 Γ¥» createEvent.<computed> [as click] ../../node_modules/@testing-library/dom/dist/events.js:106:38
 Γ¥» fireEvent.<computed> [as click] ../../node_modules/@testing-library/dom/dist/events.js:110:68
 Γ¥» fireEvent.<computed> [as click] ../../node_modules/@testing-library/react/dist/fire-event.js:15:52
 Γ¥» selectRange test/spa/react/repos/ActivityListPane.test.tsx:709:27
    707|             function selectRange() {
    708|                 // Plain click on h-1 sets anchor
    709|                 fireEvent.click(document.querySelector('[data-task-id=ΓÇª
       |                           ^
    710|                 // Shift+click on h-3 selects h-1, h-2, h-3
    711|                 fireEvent.click(document.querySelector('[data-task-id=ΓÇª
 Γ¥» test/spa/react/repos/ActivityListPane.test.tsx:754:17

ΓÄ»ΓÄ»ΓÄ»ΓÄ»ΓÄ»ΓÄ»ΓÄ»ΓÄ»ΓÄ»ΓÄ»ΓÄ»ΓÄ»ΓÄ»ΓÄ»ΓÄ»ΓÄ»ΓÄ»ΓÄ»ΓÄ»ΓÄ»ΓÄ»[58/134]ΓÄ»

 FAIL  test/spa/react/repos/ActivityListPane.test.tsx > ActivityListPane > Context menus > Bulk context menu > bulk "Delete" present
Error: Unable to fire a "click" event - please provide a DOM element.
 Γ¥» createEvent ../../node_modules/@testing-library/dom/dist/events.js:27:11
 Γ¥» createEvent.<computed> [as click] ../../node_modules/@testing-library/dom/dist/events.js:106:38
 Γ¥» fireEvent.<computed> [as click] ../../node_modules/@testing-library/dom/dist/events.js:110:68
 Γ¥» fireEvent.<computed> [as click] ../../node_modules/@testing-library/react/dist/fire-event.js:15:52
 Γ¥» selectRange test/spa/react/repos/ActivityListPane.test.tsx:709:27
    707|             function selectRange() {
    708|                 // Plain click on h-1 sets anchor
    709|                 fireEvent.click(document.querySelector('[data-task-id=ΓÇª
       |                           ^
    710|                 // Shift+click on h-3 selects h-1, h-2, h-3
    711|                 fireEvent.click(document.querySelector('[data-task-id=ΓÇª
 Γ¥» test/spa/react/repos/ActivityListPane.test.tsx:761:17

ΓÄ»ΓÄ»ΓÄ»ΓÄ»ΓÄ»ΓÄ»ΓÄ»ΓÄ»ΓÄ»ΓÄ»ΓÄ»ΓÄ»ΓÄ»ΓÄ»ΓÄ»ΓÄ»ΓÄ»ΓÄ»ΓÄ»ΓÄ»ΓÄ»[59/134]ΓÄ»

 FAIL  test/spa/react/repos/ActivityListPane.test.tsx > ActivityListPane > Multi-select > Escape clears selection when search is toggled to re-bind handler
Error: Unable to fire a "click" event - please provide a DOM element.
 Γ¥» createEvent ../../node_modules/@testing-library/dom/dist/events.js:27:11
 Γ¥» createEvent.<computed> [as click] ../../node_modules/@testing-library/dom/dist/events.js:106:38
 Γ¥» fireEvent.<computed> [as click] ../../node_modules/@testing-library/dom/dist/events.js:110:68
 Γ¥» fireEvent.<computed> [as click] ../../node_modules/@testing-library/react/dist/fire-event.js:15:52
 Γ¥» test/spa/react/repos/ActivityListPane.test.tsx:783:23
    781|         it('Escape clears selection when search is toggled to re-bind ΓÇª
    782|             renderTwo();
    783|             fireEvent.click(document.querySelector('[data-task-id="h-1ΓÇª
       |                       ^
    784|             fireEvent.click(document.querySelector('[data-task-id="h-3ΓÇª
    785|             expect(screen.getByTestId('selection-count-pill')).toBeTruΓÇª

ΓÄ»ΓÄ»ΓÄ»ΓÄ»ΓÄ»ΓÄ»ΓÄ»ΓÄ»ΓÄ»ΓÄ»ΓÄ»ΓÄ»ΓÄ»ΓÄ»ΓÄ»ΓÄ»ΓÄ»ΓÄ»ΓÄ»ΓÄ»ΓÄ»[60/134]ΓÄ»

 FAIL  test/spa/react/repos/ActivityListPane.test.tsx > ActivityListPane > Multi-select > selection clear button clears selection
Error: Unable to fire a "click" event - please provide a DOM element.
 Γ¥» createEvent ../../node_modules/@testing-library/dom/dist/events.js:27:11
 Γ¥» createEvent.<computed> [as click] ../../node_modules/@testing-library/dom/dist/events.js:106:38
 Γ¥» fireEvent.<computed> [as click] ../../node_modules/@testing-library/dom/dist/events.js:110:68
 Γ¥» fireEvent.<computed> [as click] ../../node_modules/@testing-library/react/dist/fire-event.js:15:52
 Γ¥» test/spa/react/repos/ActivityListPane.test.tsx:794:23
    792|         it('selection clear button clears selection', () => {
    793|             renderTwo();
    794|             fireEvent.click(document.querySelector('[data-task-id="h-1ΓÇª
       |                       ^
    795|             fireEvent.click(document.querySelector('[data-task-id="h-3ΓÇª
    796|             fireEvent.click(screen.getByTestId('selection-clear-btn'));

ΓÄ»ΓÄ»ΓÄ»ΓÄ»ΓÄ»ΓÄ»ΓÄ»ΓÄ»ΓÄ»ΓÄ»ΓÄ»ΓÄ»ΓÄ»ΓÄ»ΓÄ»ΓÄ»ΓÄ»ΓÄ»ΓÄ»ΓÄ»ΓÄ»[61/134]ΓÄ»

 FAIL  test/spa/react/repos/ActivityListPane.test.tsx > ActivityListPane > Multi-select > selected cards show checkbox Γÿæ
Error: Unable to fire a "click" event - please provide a DOM element.
 Γ¥» createEvent ../../node_modules/@testing-library/dom/dist/events.js:27:11
 Γ¥» createEvent.<computed> [as click] ../../node_modules/@testing-library/dom/dist/events.js:106:38
 Γ¥» fireEvent.<computed> [as click] ../../node_modules/@testing-library/dom/dist/events.js:110:68
 Γ¥» fireEvent.<computed> [as click] ../../node_modules/@testing-library/react/dist/fire-event.js:15:52
 Γ¥» test/spa/react/repos/ActivityListPane.test.tsx:802:23
    800|         it('selected cards show checkbox Γÿæ', () => {
    801|             renderTwo();
    802|             fireEvent.click(document.querySelector('[data-task-id="h-1ΓÇª
       |                       ^
    803|             fireEvent.click(document.querySelector('[data-task-id="h-2ΓÇª
    804|             fireEvent.click(document.querySelector('[data-task-id="h-3ΓÇª

ΓÄ»ΓÄ»ΓÄ»ΓÄ»ΓÄ»ΓÄ»ΓÄ»ΓÄ»ΓÄ»ΓÄ»ΓÄ»ΓÄ»ΓÄ»ΓÄ»ΓÄ»ΓÄ»ΓÄ»ΓÄ»ΓÄ»ΓÄ»ΓÄ»[62/134]ΓÄ»

 FAIL  test/spa/react/repos/ActivityListPane.test.tsx > ActivityListPane > Multi-select > selected cards have blue tint
Error: Unable to fire a "click" event - please provide a DOM element.
 Γ¥» createEvent ../../node_modules/@testing-library/dom/dist/events.js:27:11
 Γ¥» createEvent.<computed> [as click] ../../node_modules/@testing-library/dom/dist/events.js:106:38
 Γ¥» fireEvent.<computed> [as click] ../../node_modules/@testing-library/dom/dist/events.js:110:68
 Γ¥» fireEvent.<computed> [as click] ../../node_modules/@testing-library/react/dist/fire-event.js:15:52
 Γ¥» test/spa/react/repos/ActivityListPane.test.tsx:810:23
    808|         it('selected cards have blue tint', () => {
    809|             renderTwo();
    810|             fireEvent.click(document.querySelector('[data-task-id="h-1ΓÇª
       |                       ^
    811|             fireEvent.click(document.querySelector('[data-task-id="h-3ΓÇª
    812|             const card = document.querySelector('[data-task-id="h-2"]'ΓÇª

ΓÄ»ΓÄ»ΓÄ»ΓÄ»ΓÄ»ΓÄ»ΓÄ»ΓÄ»ΓÄ»ΓÄ»ΓÄ»ΓÄ»ΓÄ»ΓÄ»ΓÄ»ΓÄ»ΓÄ»ΓÄ»ΓÄ»ΓÄ»ΓÄ»[63/134]ΓÄ»

 FAIL  test/spa/react/repos/ActivityListPane.test.tsx > ActivityListPane > Multi-select > selected cards have outline class
Error: Unable to fire a "click" event - please provide a DOM element.
 Γ¥» createEvent ../../node_modules/@testing-library/dom/dist/events.js:27:11
 Γ¥» createEvent.<computed> [as click] ../../node_modules/@testing-library/dom/dist/events.js:106:38
 Γ¥» fireEvent.<computed> [as click] ../../node_modules/@testing-library/dom/dist/events.js:110:68
 Γ¥» fireEvent.<computed> [as click] ../../node_modules/@testing-library/react/dist/fire-event.js:15:52
 Γ¥» test/spa/react/repos/ActivityListPane.test.tsx:818:23
    816|         it('selected cards have outline class', () => {
    817|             renderTwo();
    818|             fireEvent.click(document.querySelector('[data-task-id="h-1ΓÇª
       |                       ^
    819|             fireEvent.click(document.querySelector('[data-task-id="h-3ΓÇª
    820|             const card = document.querySelector('[data-task-id="h-2"]'ΓÇª

ΓÄ»ΓÄ»ΓÄ»ΓÄ»ΓÄ»ΓÄ»ΓÄ»ΓÄ»ΓÄ»ΓÄ»ΓÄ»ΓÄ»ΓÄ»ΓÄ»ΓÄ»ΓÄ»ΓÄ»ΓÄ»ΓÄ»ΓÄ»ΓÄ»[64/134]ΓÄ»

 FAIL  test/spa/react/repos/ActivityListPane.test.tsx > ActivityListPane > Multi-select > plain click clears selection and opens task
Error: Unable to fire a "click" event - please provide a DOM element.
 Γ¥» createEvent ../../node_modules/@testing-library/dom/dist/events.js:27:11
 Γ¥» createEvent.<computed> [as click] ../../node_modules/@testing-library/dom/dist/events.js:106:38
 Γ¥» fireEvent.<computed> [as click] ../../node_modules/@testing-library/dom/dist/events.js:110:68
 Γ¥» fireEvent.<computed> [as click] ../../node_modules/@testing-library/react/dist/fire-event.js:15:52
 Γ¥» test/spa/react/repos/ActivityListPane.test.tsx:826:23
    824|         it('plain click clears selection and opens task', () => {
    825|             const { props } = renderTwo();
    826|             fireEvent.click(document.querySelector('[data-task-id="h-1ΓÇª
       |                       ^
    827|             fireEvent.click(document.querySelector('[data-task-id="h-3ΓÇª
    828|             expect(screen.getByTestId('selection-count-pill')).toBeTruΓÇª

ΓÄ»ΓÄ»ΓÄ»ΓÄ»ΓÄ»ΓÄ»ΓÄ»ΓÄ»ΓÄ»ΓÄ»ΓÄ»ΓÄ»ΓÄ»ΓÄ»ΓÄ»ΓÄ»ΓÄ»ΓÄ»ΓÄ»ΓÄ»ΓÄ»[65/134]ΓÄ»

 FAIL  test/spa/react/repos/ActivityListPane.test.tsx > ActivityListPane > Search > Ctrl+F opens search bar
TestingLibraryElementError: Unable to find an element by: [data-testid="queue-search-input"]

Ignored nodes: comments, script, style
<body>
  <div>
    <div
      class="relative flex-1 flex flex-col overflow-hidden"
    >
      <div
        class="p-4 text-center text-sm text-[#848484] flex-1"
        data-testid="queue-empty-state"
      >
        <div>
          No tasks in queue
        </div>
      </div>
    </div>
  </div>
</body>
 Γ¥» Object.getElementError ../../node_modules/@testing-library/dom/dist/config.js:37:19
 Γ¥» ../../node_modules/@testing-library/dom/dist/query-helpers.js:76:38
 Γ¥» ../../node_modules/@testing-library/dom/dist/query-helpers.js:52:17
 Γ¥» ../../node_modules/@testing-library/dom/dist/query-helpers.js:95:19
 Γ¥» test/spa/react/repos/ActivityListPane.test.tsx:841:27
    839|             renderPane({ history: [makeHistoryTask()] });
    840|             fireEvent.keyDown(document, { key: 'f', ctrlKey: true });
    841|             expect(screen.getByTestId('queue-search-input')).toBeTruthΓÇª
       |                           ^
    842|         });
    843| 

ΓÄ»ΓÄ»ΓÄ»ΓÄ»ΓÄ»ΓÄ»ΓÄ»ΓÄ»ΓÄ»ΓÄ»ΓÄ»ΓÄ»ΓÄ»ΓÄ»ΓÄ»ΓÄ»ΓÄ»ΓÄ»ΓÄ»ΓÄ»ΓÄ»[66/134]ΓÄ»

 FAIL  test/spa/react/repos/ActivityListPane.test.tsx > ActivityListPane > Search > search input has placeholder
TestingLibraryElementError: Unable to find an element by: [data-testid="queue-search-input"]

Ignored nodes: comments, script, style
<body>
  <div>
    <div
      class="relative flex-1 flex flex-col overflow-hidden"
    >
      <div
        class="p-4 text-center text-sm text-[#848484] flex-1"
        data-testid="queue-empty-state"
      >
        <div>
          No tasks in queue
        </div>
      </div>
    </div>
  </div>
</body>
 Γ¥» Object.getElementError ../../node_modules/@testing-library/dom/dist/config.js:37:19
 Γ¥» ../../node_modules/@testing-library/dom/dist/query-helpers.js:76:38
 Γ¥» ../../node_modules/@testing-library/dom/dist/query-helpers.js:52:17
 Γ¥» ../../node_modules/@testing-library/dom/dist/query-helpers.js:95:19
 Γ¥» test/spa/react/repos/ActivityListPane.test.tsx:847:34
    845|             renderPane({ history: [makeHistoryTask()] });
    846|             fireEvent.keyDown(document, { key: 'f', ctrlKey: true });
    847|             const input = screen.getByTestId('queue-search-input');
       |                                  ^
    848|             expect(input.getAttribute('placeholder')).toContain('SearcΓÇª
    849|         });

ΓÄ»ΓÄ»ΓÄ»ΓÄ»ΓÄ»ΓÄ»ΓÄ»ΓÄ»ΓÄ»ΓÄ»ΓÄ»ΓÄ»ΓÄ»ΓÄ»ΓÄ»ΓÄ»ΓÄ»ΓÄ»ΓÄ»ΓÄ»ΓÄ»[67/134]ΓÄ»

 FAIL  test/spa/react/repos/ActivityListPane.test.tsx > ActivityListPane > Search > typing filters running tasks
TestingLibraryElementError: Unable to find an element by: [data-testid="queue-search-input"]

Ignored nodes: comments, script, style
<body>
  <div>
    <div
      class="relative flex-1 flex flex-col overflow-hidden"
    >
      <div
        class="p-4 text-center text-sm text-[#848484] flex-1"
        data-testid="queue-empty-state"
      >
        <div>
          No tasks in queue
        </div>
      </div>
    </div>
  </div>
</body>
 Γ¥» Object.getElementError ../../node_modules/@testing-library/dom/dist/config.js:37:19
 Γ¥» ../../node_modules/@testing-library/dom/dist/query-helpers.js:76:38
 Γ¥» ../../node_modules/@testing-library/dom/dist/query-helpers.js:52:17
 Γ¥» ../../node_modules/@testing-library/dom/dist/query-helpers.js:95:19
 Γ¥» test/spa/react/repos/ActivityListPane.test.tsx:859:37
    857|             });
    858|             fireEvent.keyDown(document, { key: 'f', ctrlKey: true });
    859|             fireEvent.change(screen.getByTestId('queue-search-input'),ΓÇª
       |                                     ^
    860|             expect(document.querySelector('[data-task-id="r-1"]')).toBΓÇª
    861|             expect(document.querySelector('[data-task-id="r-2"]')).toBΓÇª

ΓÄ»ΓÄ»ΓÄ»ΓÄ»ΓÄ»ΓÄ»ΓÄ»ΓÄ»ΓÄ»ΓÄ»ΓÄ»ΓÄ»ΓÄ»ΓÄ»ΓÄ»ΓÄ»ΓÄ»ΓÄ»ΓÄ»ΓÄ»ΓÄ»[68/134]ΓÄ»

 FAIL  test/spa/react/repos/ActivityListPane.test.tsx > ActivityListPane > Search > typing filters history tasks
TestingLibraryElementError: Unable to find an element by: [data-testid="queue-search-input"]

Ignored nodes: comments, script, style
<body>
  <div>
    <div
      class="relative flex-1 flex flex-col overflow-hidden"
    >
      <div
        class="p-4 text-center text-sm text-[#848484] flex-1"
        data-testid="queue-empty-state"
      >
        <div>
          No tasks in queue
        </div>
      </div>
    </div>
  </div>
</body>
 Γ¥» Object.getElementError ../../node_modules/@testing-library/dom/dist/config.js:37:19
 Γ¥» ../../node_modules/@testing-library/dom/dist/query-helpers.js:76:38
 Γ¥» ../../node_modules/@testing-library/dom/dist/query-helpers.js:52:17
 Γ¥» ../../node_modules/@testing-library/dom/dist/query-helpers.js:95:19
 Γ¥» test/spa/react/repos/ActivityListPane.test.tsx:872:37
    870|             });
    871|             fireEvent.keyDown(document, { key: 'f', ctrlKey: true });
    872|             fireEvent.change(screen.getByTestId('queue-search-input'),ΓÇª
       |                                     ^
    873|             expect(document.querySelector('[data-task-id="h-2"]')).toBΓÇª
    874|             expect(document.querySelector('[data-task-id="h-1"]')).toBΓÇª

ΓÄ»ΓÄ»ΓÄ»ΓÄ»ΓÄ»ΓÄ»ΓÄ»ΓÄ»ΓÄ»ΓÄ»ΓÄ»ΓÄ»ΓÄ»ΓÄ»ΓÄ»ΓÄ»ΓÄ»ΓÄ»ΓÄ»ΓÄ»ΓÄ»[69/134]ΓÄ»

 FAIL  test/spa/react/repos/ActivityListPane.test.tsx > ActivityListPane > Search > match count shown when query non-empty
TestingLibraryElementError: Unable to find an element by: [data-testid="queue-search-input"]

Ignored nodes: comments, script, style
<body>
  <div>
    <div
      class="relative flex-1 flex flex-col overflow-hidden"
    >
      <div
        class="p-4 text-center text-sm text-[#848484] flex-1"
        data-testid="queue-empty-state"
      >
        <div>
          No tasks in queue
        </div>
      </div>
    </div>
  </div>
</body>
 Γ¥» Object.getElementError ../../node_modules/@testing-library/dom/dist/config.js:37:19
 Γ¥» ../../node_modules/@testing-library/dom/dist/query-helpers.js:76:38
 Γ¥» ../../node_modules/@testing-library/dom/dist/query-helpers.js:52:17
 Γ¥» ../../node_modules/@testing-library/dom/dist/query-helpers.js:95:19
 Γ¥» test/spa/react/repos/ActivityListPane.test.tsx:882:37
    880|             });
    881|             fireEvent.keyDown(document, { key: 'f', ctrlKey: true });
    882|             fireEvent.change(screen.getByTestId('queue-search-input'),ΓÇª
       |                                     ^
    883|             // Match count is a plain span showing the number
    884|             const searchBar = screen.getByTestId('queue-search-input')ΓÇª

ΓÄ»ΓÄ»ΓÄ»ΓÄ»ΓÄ»ΓÄ»ΓÄ»ΓÄ»ΓÄ»ΓÄ»ΓÄ»ΓÄ»ΓÄ»ΓÄ»ΓÄ»ΓÄ»ΓÄ»ΓÄ»ΓÄ»ΓÄ»ΓÄ»[70/134]ΓÄ»

 FAIL  test/spa/react/repos/ActivityListPane.test.tsx > ActivityListPane > Search > close button clears and hides
TestingLibraryElementError: Unable to find an element by: [data-testid="queue-search-input"]

Ignored nodes: comments, script, style
<body>
  <div>
    <div
      class="relative flex-1 flex flex-col overflow-hidden"
    >
      <div
        class="p-4 text-center text-sm text-[#848484] flex-1"
        data-testid="queue-empty-state"
      >
        <div>
          No tasks in queue
        </div>
      </div>
    </div>
  </div>
</body>
 Γ¥» Object.getElementError ../../node_modules/@testing-library/dom/dist/config.js:37:19
 Γ¥» ../../node_modules/@testing-library/dom/dist/query-helpers.js:76:38
 Γ¥» ../../node_modules/@testing-library/dom/dist/query-helpers.js:52:17
 Γ¥» ../../node_modules/@testing-library/dom/dist/query-helpers.js:95:19
 Γ¥» test/spa/react/repos/ActivityListPane.test.tsx:891:27
    889|             renderPane({ history: [makeHistoryTask()] });
    890|             fireEvent.keyDown(document, { key: 'f', ctrlKey: true });
    891|             expect(screen.getByTestId('queue-search-input')).toBeTruthΓÇª
       |                           ^
    892|             fireEvent.click(screen.getByTestId('queue-search-close'));
    893|             expect(screen.queryByTestId('queue-search-input')).toBeNulΓÇª

ΓÄ»ΓÄ»ΓÄ»ΓÄ»ΓÄ»ΓÄ»ΓÄ»ΓÄ»ΓÄ»ΓÄ»ΓÄ»ΓÄ»ΓÄ»ΓÄ»ΓÄ»ΓÄ»ΓÄ»ΓÄ»ΓÄ»ΓÄ»ΓÄ»[71/134]ΓÄ»

 FAIL  test/spa/react/repos/ActivityListPane.test.tsx > ActivityListPane > Search > Escape closes search
TestingLibraryElementError: Unable to find an element by: [data-testid="queue-search-input"]

Ignored nodes: comments, script, style
<body>
  <div>
    <div
      class="relative flex-1 flex flex-col overflow-hidden"
    >
      <div
        class="p-4 text-center text-sm text-[#848484] flex-1"
        data-testid="queue-empty-state"
      >
        <div>
          No tasks in queue
        </div>
      </div>
    </div>
  </div>
</body>
 Γ¥» Object.getElementError ../../node_modules/@testing-library/dom/dist/config.js:37:19
 Γ¥» ../../node_modules/@testing-library/dom/dist/query-helpers.js:76:38
 Γ¥» ../../node_modules/@testing-library/dom/dist/query-helpers.js:52:17
 Γ¥» ../../node_modules/@testing-library/dom/dist/query-helpers.js:95:19
 Γ¥» test/spa/react/repos/ActivityListPane.test.tsx:899:27
    897|             renderPane({ history: [makeHistoryTask()] });
    898|             fireEvent.keyDown(document, { key: 'f', ctrlKey: true });
    899|             expect(screen.getByTestId('queue-search-input')).toBeTruthΓÇª
       |                           ^
    900|             fireEvent.keyDown(document, { key: 'Escape' });
    901|             expect(screen.queryByTestId('queue-search-input')).toBeNulΓÇª

ΓÄ»ΓÄ»ΓÄ»ΓÄ»ΓÄ»ΓÄ»ΓÄ»ΓÄ»ΓÄ»ΓÄ»ΓÄ»ΓÄ»ΓÄ»ΓÄ»ΓÄ»ΓÄ»ΓÄ»ΓÄ»ΓÄ»ΓÄ»ΓÄ»[72/134]ΓÄ»

 FAIL  test/spa/react/repos/ActivityListPane.test.tsx > ActivityListPane > Frozen task visual > frozen queued task shows Γ¥ä∩╕Å icon
AssertionError: expected 'No tasks in queue' to contain 'Γ¥ä∩╕Å'

- Expected
+ Received

- Γ¥ä∩╕Å
+ No tasks in queue

 Γ¥» test/spa/react/repos/ActivityListPane.test.tsx:909:43
    907|         it('frozen queued task shows Γ¥ä∩╕Å icon', () => {
    908|             const { container } = renderPane({ queued: [makeQueuedTaskΓÇª
    909|             expect(container.textContent).toContain('Γ¥ä∩╕Å');
       |                                           ^
    910|         });
    911| 

ΓÄ»ΓÄ»ΓÄ»ΓÄ»ΓÄ»ΓÄ»ΓÄ»ΓÄ»ΓÄ»ΓÄ»ΓÄ»ΓÄ»ΓÄ»ΓÄ»ΓÄ»ΓÄ»ΓÄ»ΓÄ»ΓÄ»ΓÄ»ΓÄ»[73/134]ΓÄ»

 FAIL  test/spa/react/repos/ActivityListPane.test.tsx > ActivityListPane > Frozen task visual > frozen task card has task-frozen class
TypeError: Cannot read properties of null (reading 'className')
 Γ¥» test/spa/react/repos/ActivityListPane.test.tsx:915:26
    913|             renderPane({ queued: [makeQueuedTask({ frozen: true })] });
    914|             const card = document.querySelector('[data-task-id="q-1"]'ΓÇª
    915|             expect(card!.className).toContain('task-frozen');
       |                          ^
    916|         });
    917|     });

ΓÄ»ΓÄ»ΓÄ»ΓÄ»ΓÄ»ΓÄ»ΓÄ»ΓÄ»ΓÄ»ΓÄ»ΓÄ»ΓÄ»ΓÄ»ΓÄ»ΓÄ»ΓÄ»ΓÄ»ΓÄ»ΓÄ»ΓÄ»ΓÄ»[74/134]ΓÄ»

 FAIL  test/spa/react/repos/ActivityListPane.test.tsx > ActivityListPane > Draft badge > draft badge shown on running task when draft exists
TestingLibraryElementError: Unable to find an element by: [data-testid="draft-badge"]

Ignored nodes: comments, script, style
<body>
  <div>
    <div
      class="relative flex-1 flex flex-col overflow-hidden"
    >
      <div
        class="p-4 text-center text-sm text-[#848484] flex-1"
        data-testid="queue-empty-state"
      >
        <div>
          No tasks in queue
        </div>
      </div>
    </div>
  </div>
</body>
 Γ¥» Object.getElementError ../../node_modules/@testing-library/dom/dist/config.js:37:19
 Γ¥» ../../node_modules/@testing-library/dom/dist/query-helpers.js:76:38
 Γ¥» ../../node_modules/@testing-library/dom/dist/query-helpers.js:52:17
 Γ¥» ../../node_modules/@testing-library/dom/dist/query-helpers.js:95:19
 Γ¥» test/spa/react/repos/ActivityListPane.test.tsx:924:27
    922|             mockGetDraft.mockReturnValue('draft text');
    923|             renderPane({ running: [makeRunningTask()] });
    924|             expect(screen.getByTestId('draft-badge')).toBeTruthy();
       |                           ^
    925|         });
    926| 

ΓÄ»ΓÄ»ΓÄ»ΓÄ»ΓÄ»ΓÄ»ΓÄ»ΓÄ»ΓÄ»ΓÄ»ΓÄ»ΓÄ»ΓÄ»ΓÄ»ΓÄ»ΓÄ»ΓÄ»ΓÄ»ΓÄ»ΓÄ»ΓÄ»[75/134]ΓÄ»

 FAIL  test/spa/react/repos/ActivityListPane.test.tsx > ActivityListPane > Unseen dot > unseen dot shown on completed task
TestingLibraryElementError: Unable to find an element by: [data-testid="unseen-dot"]

Ignored nodes: comments, script, style
<body>
  <div>
    <div
      class="relative flex-1 flex flex-col overflow-hidden"
    >
      <div
        class="p-4 text-center text-sm text-[#848484] flex-1"
        data-testid="queue-empty-state"
      >
        <div>
          No tasks in queue
        </div>
      </div>
    </div>
  </div>
</body>
 Γ¥» Object.getElementError ../../node_modules/@testing-library/dom/dist/config.js:37:19
 Γ¥» ../../node_modules/@testing-library/dom/dist/query-helpers.js:76:38
 Γ¥» ../../node_modules/@testing-library/dom/dist/query-helpers.js:52:17
 Γ¥» ../../node_modules/@testing-library/dom/dist/query-helpers.js:95:19
 Γ¥» test/spa/react/repos/ActivityListPane.test.tsx:940:27
    938|                 unseenProcessIds: new Set(['h-1']),
    939|             });
    940|             expect(screen.getByTestId('unseen-dot')).toBeTruthy();
       |                           ^
    941|         });
    942| 

ΓÄ»ΓÄ»ΓÄ»ΓÄ»ΓÄ»ΓÄ»ΓÄ»ΓÄ»ΓÄ»ΓÄ»ΓÄ»ΓÄ»ΓÄ»ΓÄ»ΓÄ»ΓÄ»ΓÄ»ΓÄ»ΓÄ»ΓÄ»ΓÄ»[76/134]ΓÄ»

 FAIL  test/spa/react/repos/ActivityListPane.test.tsx > ActivityListPane > Unseen dot > unseen dot shown on pinned task
TestingLibraryElementError: Unable to find an element by: [data-testid="unseen-dot"]

Ignored nodes: comments, script, style
<body>
  <div>
    <div
      class="relative flex-1 flex flex-col overflow-hidden"
    >
      <div
        class="p-4 text-center text-sm text-[#848484] flex-1"
        data-testid="queue-empty-state"
      >
        <div>
          No tasks in queue
        </div>
      </div>
    </div>
  </div>
</body>
 Γ¥» Object.getElementError ../../node_modules/@testing-library/dom/dist/config.js:37:19
 Γ¥» ../../node_modules/@testing-library/dom/dist/query-helpers.js:76:38
 Γ¥» ../../node_modules/@testing-library/dom/dist/query-helpers.js:52:17
 Γ¥» ../../node_modules/@testing-library/dom/dist/query-helpers.js:95:19
 Γ¥» test/spa/react/repos/ActivityListPane.test.tsx:949:27
    947|                 unseenProcessIds: new Set(['h-1']),
    948|             });
    949|             expect(screen.getByTestId('unseen-dot')).toBeTruthy();
       |                           ^
    950|         });
    951| 

ΓÄ»ΓÄ»ΓÄ»ΓÄ»ΓÄ»ΓÄ»ΓÄ»ΓÄ»ΓÄ»ΓÄ»ΓÄ»ΓÄ»ΓÄ»ΓÄ»ΓÄ»ΓÄ»ΓÄ»ΓÄ»ΓÄ»ΓÄ»ΓÄ»[77/134]ΓÄ»

 FAIL  test/spa/react/repos/ActivityListPane.test.tsx > ActivityListPane > Unseen dot > unseen task title is bold
TypeError: Cannot read properties of null (reading 'querySelector')
 Γ¥» test/spa/react/repos/ActivityListPane.test.tsx:958:36
    956|             });
    957|             const card = document.querySelector('[data-task-id="h-1"]'ΓÇª
    958|             const boldSpan = card!.querySelector('.font-semibold');
       |                                    ^
    959|             expect(boldSpan).toBeTruthy();
    960|             expect(boldSpan!.textContent).toContain('History Task');

ΓÄ»ΓÄ»ΓÄ»ΓÄ»ΓÄ»ΓÄ»ΓÄ»ΓÄ»ΓÄ»ΓÄ»ΓÄ»ΓÄ»ΓÄ»ΓÄ»ΓÄ»ΓÄ»ΓÄ»ΓÄ»ΓÄ»ΓÄ»ΓÄ»[78/134]ΓÄ»

 FAIL  test/spa/react/repos/ActivityListPane.test.tsx > ActivityListPane > Unseen dot > unseen count badge in header
TestingLibraryElementError: Unable to find an element by: [data-testid="unseen-count-badge"]

Ignored nodes: comments, script, style
<body>
  <div>
    <div
      class="relative flex-1 flex flex-col overflow-hidden"
    >
      <div
        class="p-4 text-center text-sm text-[#848484] flex-1"
        data-testid="queue-empty-state"
      >
        <div>
          No tasks in queue
        </div>
      </div>
    </div>
  </div>
</body>
 Γ¥» Object.getElementError ../../node_modules/@testing-library/dom/dist/config.js:37:19
 Γ¥» ../../node_modules/@testing-library/dom/dist/query-helpers.js:76:38
 Γ¥» ../../node_modules/@testing-library/dom/dist/query-helpers.js:52:17
 Γ¥» ../../node_modules/@testing-library/dom/dist/query-helpers.js:95:19
 Γ¥» test/spa/react/repos/ActivityListPane.test.tsx:968:27
    966|                 unseenProcessIds: new Set(['h-1']),
    967|             });
    968|             expect(screen.getByTestId('unseen-count-badge')).toBeTruthΓÇª
       |                           ^
    969|             expect(screen.getByTestId('unseen-count-badge').textContenΓÇª
    970|         });

ΓÄ»ΓÄ»ΓÄ»ΓÄ»ΓÄ»ΓÄ»ΓÄ»ΓÄ»ΓÄ»ΓÄ»ΓÄ»ΓÄ»ΓÄ»ΓÄ»ΓÄ»ΓÄ»ΓÄ»ΓÄ»ΓÄ»ΓÄ»ΓÄ»[79/134]ΓÄ»

 FAIL  test/spa/react/repos/ActivityListPane.test.tsx > ActivityListPane > Unseen dot > mark all read button shown
TestingLibraryElementError: Unable to find an element by: [data-testid="mark-all-read-btn"]

Ignored nodes: comments, script, style
<body>
  <div>
    <div
      class="relative flex-1 flex flex-col overflow-hidden"
    >
      <div
        class="p-4 text-center text-sm text-[#848484] flex-1"
        data-testid="queue-empty-state"
      >
        <div>
          No tasks in queue
        </div>
      </div>
    </div>
  </div>
</body>
 Γ¥» Object.getElementError ../../node_modules/@testing-library/dom/dist/config.js:37:19
 Γ¥» ../../node_modules/@testing-library/dom/dist/query-helpers.js:76:38
 Γ¥» ../../node_modules/@testing-library/dom/dist/query-helpers.js:52:17
 Γ¥» ../../node_modules/@testing-library/dom/dist/query-helpers.js:95:19
 Γ¥» test/spa/react/repos/ActivityListPane.test.tsx:978:27
    976|                 onMarkAllRead: vi.fn(),
    977|             });
    978|             expect(screen.getByTestId('mark-all-read-btn')).toBeTruthyΓÇª
       |                           ^
    979|         });
    980| 

ΓÄ»ΓÄ»ΓÄ»ΓÄ»ΓÄ»ΓÄ»ΓÄ»ΓÄ»ΓÄ»ΓÄ»ΓÄ»ΓÄ»ΓÄ»ΓÄ»ΓÄ»ΓÄ»ΓÄ»ΓÄ»ΓÄ»ΓÄ»ΓÄ»[80/134]ΓÄ»

 FAIL  test/spa/react/repos/ActivityListPane.test.tsx > ActivityListPane > Unseen dot > unseen dot shown on archived task
TestingLibraryElementError: Unable to find an element by: [data-testid="archived-chats-section-toggle"]

Ignored nodes: comments, script, style
<body>
  <div>
    <div
      class="relative flex-1 flex flex-col overflow-hidden"
    >
      <div
        class="p-4 text-center text-sm text-[#848484] flex-1"
        data-testid="queue-empty-state"
      >
        <div>
          No tasks in queue
        </div>
      </div>
    </div>
  </div>
</body>
 Γ¥» Object.getElementError ../../node_modules/@testing-library/dom/dist/config.js:37:19
 Γ¥» ../../node_modules/@testing-library/dom/dist/query-helpers.js:76:38
 Γ¥» ../../node_modules/@testing-library/dom/dist/query-helpers.js:52:17
 Γ¥» ../../node_modules/@testing-library/dom/dist/query-helpers.js:95:19
 Γ¥» test/spa/react/repos/ActivityListPane.test.tsx:988:36
    986|             });
    987|             // Expand the archived section
    988|             fireEvent.click(screen.getByTestId('archived-chats-sectionΓÇª
       |                                    ^
    989|             expect(screen.getByTestId('unseen-dot')).toBeTruthy();
    990|         });

ΓÄ»ΓÄ»ΓÄ»ΓÄ»ΓÄ»ΓÄ»ΓÄ»ΓÄ»ΓÄ»ΓÄ»ΓÄ»ΓÄ»ΓÄ»ΓÄ»ΓÄ»ΓÄ»ΓÄ»ΓÄ»ΓÄ»ΓÄ»ΓÄ»[81/134]ΓÄ»

 FAIL  test/spa/react/repos/ActivityListPane.test.tsx > ActivityListPane > Pinned section mark all read > mark all read button appears when unseen pinned items exist
TestingLibraryElementError: Unable to find an element by: [data-testid="mark-all-read-pinned-btn"]

Ignored nodes: comments, script, style
<body>
  <div>
    <div
      class="relative flex-1 flex flex-col overflow-hidden"
    >
      <div
        class="p-4 text-center text-sm text-[#848484] flex-1"
        data-testid="queue-empty-state"
      >
        <div>
          No tasks in queue
        </div>
      </div>
    </div>
  </div>
</body>
 Γ¥» Object.getElementError ../../node_modules/@testing-library/dom/dist/config.js:37:19
 Γ¥» ../../node_modules/@testing-library/dom/dist/query-helpers.js:76:38
 Γ¥» ../../node_modules/@testing-library/dom/dist/query-helpers.js:52:17
 Γ¥» ../../node_modules/@testing-library/dom/dist/query-helpers.js:95:19
 Γ¥» test/spa/react/repos/ActivityListPane.test.tsx:1002:27
    1000|                 onMarkAllRead: vi.fn(),
    1001|             });
    1002|             expect(screen.getByTestId('mark-all-read-pinned-btn')).toBΓÇª
       |                           ^
    1003|         });
    1004| 

ΓÄ»ΓÄ»ΓÄ»ΓÄ»ΓÄ»ΓÄ»ΓÄ»ΓÄ»ΓÄ»ΓÄ»ΓÄ»ΓÄ»ΓÄ»ΓÄ»ΓÄ»ΓÄ»ΓÄ»ΓÄ»ΓÄ»ΓÄ»ΓÄ»[82/134]ΓÄ»

 FAIL  test/spa/react/repos/ActivityListPane.test.tsx > ActivityListPane > Pinned section mark all read > clicking mark all read calls onMarkAllRead with pinned tasks
TestingLibraryElementError: Unable to find an element by: [data-testid="mark-all-read-pinned-btn"]

Ignored nodes: comments, script, style
<body>
  <div>
    <div
      class="relative flex-1 flex flex-col overflow-hidden"
    >
      <div
        class="p-4 text-center text-sm text-[#848484] flex-1"
        data-testid="queue-empty-state"
      >
        <div>
          No tasks in queue
        </div>
      </div>
    </div>
  </div>
</body>
 Γ¥» Object.getElementError ../../node_modules/@testing-library/dom/dist/config.js:37:19
 Γ¥» ../../node_modules/@testing-library/dom/dist/query-helpers.js:76:38
 Γ¥» ../../node_modules/@testing-library/dom/dist/query-helpers.js:52:17
 Γ¥» ../../node_modules/@testing-library/dom/dist/query-helpers.js:95:19
 Γ¥» test/spa/react/repos/ActivityListPane.test.tsx:1013:36
    1011|                 onMarkAllRead,
    1012|             });
    1013|             fireEvent.click(screen.getByTestId('mark-all-read-pinned-bΓÇª
       |                                    ^
    1014|             expect(onMarkAllRead).toHaveBeenCalledTimes(1);
    1015|             expect(onMarkAllRead.mock.calls[0][0]).toEqual([expect.objΓÇª

ΓÄ»ΓÄ»ΓÄ»ΓÄ»ΓÄ»ΓÄ»ΓÄ»ΓÄ»ΓÄ»ΓÄ»ΓÄ»ΓÄ»ΓÄ»ΓÄ»ΓÄ»ΓÄ»ΓÄ»ΓÄ»ΓÄ»ΓÄ»ΓÄ»[83/134]ΓÄ»

 FAIL  test/spa/react/repos/ActivityListPane.test.tsx > ActivityListPane > Pinned section mark all read > unseen badge shows correct count for pinned section
TestingLibraryElementError: Unable to find an element by: [data-testid="unseen-pinned-count-badge"]

Ignored nodes: comments, script, style
<body>
  <div>
    <div
      class="relative flex-1 flex flex-col overflow-hidden"
    >
      <div
        class="p-4 text-center text-sm text-[#848484] flex-1"
        data-testid="queue-empty-state"
      >
        <div>
          No tasks in queue
        </div>
      </div>
    </div>
  </div>
</body>
 Γ¥» Object.getElementError ../../node_modules/@testing-library/dom/dist/config.js:37:19
 Γ¥» ../../node_modules/@testing-library/dom/dist/query-helpers.js:76:38
 Γ¥» ../../node_modules/@testing-library/dom/dist/query-helpers.js:52:17
 Γ¥» ../../node_modules/@testing-library/dom/dist/query-helpers.js:95:19
 Γ¥» test/spa/react/repos/ActivityListPane.test.tsx:1037:27
    1035|                 unseenProcessIds: new Set(['p-1', 'p-2']),
    1036|             });
    1037|             expect(screen.getByTestId('unseen-pinned-count-badge')).toΓÇª
       |                           ^
    1038|             expect(screen.getByTestId('unseen-pinned-count-badge').texΓÇª
    1039|         });

ΓÄ»ΓÄ»ΓÄ»ΓÄ»ΓÄ»ΓÄ»ΓÄ»ΓÄ»ΓÄ»ΓÄ»ΓÄ»ΓÄ»ΓÄ»ΓÄ»ΓÄ»ΓÄ»ΓÄ»ΓÄ»ΓÄ»ΓÄ»ΓÄ»[84/134]ΓÄ»

 FAIL  test/spa/react/repos/ActivityListPane.test.tsx > ActivityListPane > Archived section mark all read > mark all read button appears when unseen archived items exist
TestingLibraryElementError: Unable to find an element by: [data-testid="mark-all-read-archived-btn"]

Ignored nodes: comments, script, style
<body>
  <div>
    <div
      class="relative flex-1 flex flex-col overflow-hidden"
    >
      <div
        class="p-4 text-center text-sm text-[#848484] flex-1"
        data-testid="queue-empty-state"
      >
        <div>
          No tasks in queue
        </div>
      </div>
    </div>
  </div>
</body>
 Γ¥» Object.getElementError ../../node_modules/@testing-library/dom/dist/config.js:37:19
 Γ¥» ../../node_modules/@testing-library/dom/dist/query-helpers.js:76:38
 Γ¥» ../../node_modules/@testing-library/dom/dist/query-helpers.js:52:17
 Γ¥» ../../node_modules/@testing-library/dom/dist/query-helpers.js:95:19
 Γ¥» test/spa/react/repos/ActivityListPane.test.tsx:1051:27
    1049|                 onMarkAllRead: vi.fn(),
    1050|             });
    1051|             expect(screen.getByTestId('mark-all-read-archived-btn')).tΓÇª
       |                           ^
    1052|         });
    1053| 

ΓÄ»ΓÄ»ΓÄ»ΓÄ»ΓÄ»ΓÄ»ΓÄ»ΓÄ»ΓÄ»ΓÄ»ΓÄ»ΓÄ»ΓÄ»ΓÄ»ΓÄ»ΓÄ»ΓÄ»ΓÄ»ΓÄ»ΓÄ»ΓÄ»[85/134]ΓÄ»

 FAIL  test/spa/react/repos/ActivityListPane.test.tsx > ActivityListPane > Archived section mark all read > clicking mark all read calls onMarkAllRead with archived tasks
TestingLibraryElementError: Unable to find an element by: [data-testid="mark-all-read-archived-btn"]

Ignored nodes: comments, script, style
<body>
  <div>
    <div
      class="relative flex-1 flex flex-col overflow-hidden"
    >
      <div
        class="p-4 text-center text-sm text-[#848484] flex-1"
        data-testid="queue-empty-state"
      >
        <div>
          No tasks in queue
        </div>
      </div>
    </div>
  </div>
</body>
 Γ¥» Object.getElementError ../../node_modules/@testing-library/dom/dist/config.js:37:19
 Γ¥» ../../node_modules/@testing-library/dom/dist/query-helpers.js:76:38
 Γ¥» ../../node_modules/@testing-library/dom/dist/query-helpers.js:52:17
 Γ¥» ../../node_modules/@testing-library/dom/dist/query-helpers.js:95:19
 Γ¥» test/spa/react/repos/ActivityListPane.test.tsx:1062:36
    1060|                 onMarkAllRead,
    1061|             });
    1062|             fireEvent.click(screen.getByTestId('mark-all-read-archivedΓÇª
       |                                    ^
    1063|             expect(onMarkAllRead).toHaveBeenCalledTimes(1);
    1064|             expect(onMarkAllRead.mock.calls[0][0]).toEqual([expect.objΓÇª

ΓÄ»ΓÄ»ΓÄ»ΓÄ»ΓÄ»ΓÄ»ΓÄ»ΓÄ»ΓÄ»ΓÄ»ΓÄ»ΓÄ»ΓÄ»ΓÄ»ΓÄ»ΓÄ»ΓÄ»ΓÄ»ΓÄ»ΓÄ»ΓÄ»[86/134]ΓÄ»

 FAIL  test/spa/react/repos/ActivityListPane.test.tsx > ActivityListPane > Archived section mark all read > unseen badge shows correct count for archived section
TestingLibraryElementError: Unable to find an element by: [data-testid="unseen-archived-count-badge"]

Ignored nodes: comments, script, style
<body>
  <div>
    <div
      class="relative flex-1 flex flex-col overflow-hidden"
    >
      <div
        class="p-4 text-center text-sm text-[#848484] flex-1"
        data-testid="queue-empty-state"
      >
        <div>
          No tasks in queue
        </div>
      </div>
    </div>
  </div>
</body>
 Γ¥» Object.getElementError ../../node_modules/@testing-library/dom/dist/config.js:37:19
 Γ¥» ../../node_modules/@testing-library/dom/dist/query-helpers.js:76:38
 Γ¥» ../../node_modules/@testing-library/dom/dist/query-helpers.js:52:17
 Γ¥» ../../node_modules/@testing-library/dom/dist/query-helpers.js:95:19
 Γ¥» test/spa/react/repos/ActivityListPane.test.tsx:1087:27
    1085|                 unseenProcessIds: new Set(['a-1', 'a-3']),
    1086|             });
    1087|             expect(screen.getByTestId('unseen-archived-count-badge')).ΓÇª
       |                           ^
    1088|             expect(screen.getByTestId('unseen-archived-count-badge').tΓÇª
    1089|         });

ΓÄ»ΓÄ»ΓÄ»ΓÄ»ΓÄ»ΓÄ»ΓÄ»ΓÄ»ΓÄ»ΓÄ»ΓÄ»ΓÄ»ΓÄ»ΓÄ»ΓÄ»ΓÄ»ΓÄ»ΓÄ»ΓÄ»ΓÄ»ΓÄ»[87/134]ΓÄ»

 FAIL  test/spa/react/repos/ActivityListPane.test.tsx > ActivityListPane > Type icons > chat ask shows ≡ƒÆí
AssertionError: expected 'No tasks in queue' to contain '≡ƒÆí'

- Expected
+ Received

- ≡ƒÆí
+ No tasks in queue

 Γ¥» test/spa/react/repos/ActivityListPane.test.tsx:1098:43
    1096|                 running: [makeRunningTask({ type: 'chat', payload: { mΓÇª
    1097|             });
    1098|             expect(container.textContent).toContain('≡ƒÆí');
       |                                           ^
    1099|         });
    1100| 

ΓÄ»ΓÄ»ΓÄ»ΓÄ»ΓÄ»ΓÄ»ΓÄ»ΓÄ»ΓÄ»ΓÄ»ΓÄ»ΓÄ»ΓÄ»ΓÄ»ΓÄ»ΓÄ»ΓÄ»ΓÄ»ΓÄ»ΓÄ»ΓÄ»[88/134]ΓÄ»

 FAIL  test/spa/react/repos/ActivityListPane.test.tsx > ActivityListPane > Type icons > chat plan shows ≡ƒôï
AssertionError: expected 'No tasks in queue' to contain '≡ƒôï'

- Expected
+ Received

- ≡ƒôï
+ No tasks in queue

 Γ¥» test/spa/react/repos/ActivityListPane.test.tsx:1105:43
    1103|                 running: [makeRunningTask({ type: 'chat', payload: { mΓÇª
    1104|             });
    1105|             expect(container.textContent).toContain('≡ƒôï');
       |                                           ^
    1106|         });
    1107| 

ΓÄ»ΓÄ»ΓÄ»ΓÄ»ΓÄ»ΓÄ»ΓÄ»ΓÄ»ΓÄ»ΓÄ»ΓÄ»ΓÄ»ΓÄ»ΓÄ»ΓÄ»ΓÄ»ΓÄ»ΓÄ»ΓÄ»ΓÄ»ΓÄ»[89/134]ΓÄ»

 FAIL  test/spa/react/repos/ActivityListPane.test.tsx > ActivityListPane > Type icons > chat default shows ≡ƒñû
AssertionError: expected 'No tasks in queue' to contain '≡ƒñû'

- Expected
+ Received

- ≡ƒñû
+ No tasks in queue

 Γ¥» test/spa/react/repos/ActivityListPane.test.tsx:1112:43
    1110|                 running: [makeRunningTask({ type: 'chat' })],
    1111|             });
    1112|             expect(container.textContent).toContain('≡ƒñû');
       |                                           ^
    1113|         });
    1114| 

ΓÄ»ΓÄ»ΓÄ»ΓÄ»ΓÄ»ΓÄ»ΓÄ»ΓÄ»ΓÄ»ΓÄ»ΓÄ»ΓÄ»ΓÄ»ΓÄ»ΓÄ»ΓÄ»ΓÄ»ΓÄ»ΓÄ»ΓÄ»ΓÄ»[90/134]ΓÄ»

 FAIL  test/spa/react/repos/ActivityListPane.test.tsx > ActivityListPane > Type icons > run-workflow shows Γû╢∩╕Å
AssertionError: expected '≡ƒöìΓ£ò' to contain 'Γû╢∩╕Å'

- Expected
+ Received

- Γû╢∩╕Å
+ ≡ƒöìΓ£ò

 Γ¥» test/spa/react/repos/ActivityListPane.test.tsx:1119:43
    1117|                 running: [makeRunningTask({ type: 'run-workflow' })],
    1118|             });
    1119|             expect(container.textContent).toContain('Γû╢∩╕Å');
       |                                           ^
    1120|         });
    1121| 

ΓÄ»ΓÄ»ΓÄ»ΓÄ»ΓÄ»ΓÄ»ΓÄ»ΓÄ»ΓÄ»ΓÄ»ΓÄ»ΓÄ»ΓÄ»ΓÄ»ΓÄ»ΓÄ»ΓÄ»ΓÄ»ΓÄ»ΓÄ»ΓÄ»[91/134]ΓÄ»

 FAIL  test/spa/react/repos/ActivityListPane.test.tsx > ActivityListPane > Type icons > run-script shows ≡ƒ¢á∩╕Å
AssertionError: expected '≡ƒöìΓ£ò' to contain '≡ƒ¢á∩╕Å'

- Expected
+ Received

- ≡ƒ¢á∩╕Å
+ ≡ƒöìΓ£ò

 Γ¥» test/spa/react/repos/ActivityListPane.test.tsx:1126:43
    1124|                 running: [makeRunningTask({ type: 'run-script' })],
    1125|             });
    1126|             expect(container.textContent).toContain('≡ƒ¢á∩╕Å');
       |                                           ^
    1127|         });
    1128|     });

ΓÄ»ΓÄ»ΓÄ»ΓÄ»ΓÄ»ΓÄ»ΓÄ»ΓÄ»ΓÄ»ΓÄ»ΓÄ»ΓÄ»ΓÄ»ΓÄ»ΓÄ»ΓÄ»ΓÄ»ΓÄ»ΓÄ»ΓÄ»ΓÄ»[92/134]ΓÄ»

 FAIL  test/spa/react/repos/ActivityListPane.test.tsx > ActivityListPane > Dense mode > uses tighter padding with mobile-responsive vertical padding
TypeError: Cannot read properties of null (reading 'className')
 Γ¥» test/spa/react/repos/ActivityListPane.test.tsx:1144:26
    1142|             renderPane({ running: [makeRunningTask()] });
    1143|             const card = document.querySelector('[data-task-id="run-1"ΓÇª
    1144|             expect(card!.className).toContain('px-2');
       |                          ^
    1145|             expect(card!.className).toContain('py-2.5');
    1146|             expect(card!.className).toContain('md:py-1');

ΓÄ»ΓÄ»ΓÄ»ΓÄ»ΓÄ»ΓÄ»ΓÄ»ΓÄ»ΓÄ»ΓÄ»ΓÄ»ΓÄ»ΓÄ»ΓÄ»ΓÄ»ΓÄ»ΓÄ»ΓÄ»ΓÄ»ΓÄ»ΓÄ»[93/134]ΓÄ»

 FAIL  test/spa/react/repos/ActivityListPane.test.tsx > ActivityListPane > Dense mode > uses reduced gap for section containers
AssertionError: expected null to be truthy

- Expected: 
null

+ Received: 
false

 Γ¥» test/spa/react/repos/ActivityListPane.test.tsx:1153:27
    1151|             const { container } = renderPane({ running: [makeRunningTaΓÇª
    1152|             const gapEl = container.querySelector('.gap-0\\.5');
    1153|             expect(gapEl).toBeTruthy();
       |                           ^
    1154|         });
    1155| 

ΓÄ»ΓÄ»ΓÄ»ΓÄ»ΓÄ»ΓÄ»ΓÄ»ΓÄ»ΓÄ»ΓÄ»ΓÄ»ΓÄ»ΓÄ»ΓÄ»ΓÄ»ΓÄ»ΓÄ»ΓÄ»ΓÄ»ΓÄ»ΓÄ»[94/134]ΓÄ»

 FAIL  test/spa/react/repos/ActivityListPane.test.tsx > ActivityListPane > Dense mode > applies mobile-responsive padding to history cards
TypeError: Cannot read properties of null (reading 'className')
 Γ¥» test/spa/react/repos/ActivityListPane.test.tsx:1160:26
    1158|             renderPane({ history: [makeHistoryTask()] });
    1159|             const card = document.querySelector('[data-task-id="h-1"]'ΓÇª
    1160|             expect(card!.className).toContain('py-2.5');
       |                          ^
    1161|             expect(card!.className).toContain('md:py-1');
    1162|         });

ΓÄ»ΓÄ»ΓÄ»ΓÄ»ΓÄ»ΓÄ»ΓÄ»ΓÄ»ΓÄ»ΓÄ»ΓÄ»ΓÄ»ΓÄ»ΓÄ»ΓÄ»ΓÄ»ΓÄ»ΓÄ»ΓÄ»ΓÄ»ΓÄ»[95/134]ΓÄ»

 FAIL  test/spa/react/repos/ActivityListPane.test.tsx > ActivityListPane > Dense mode > applies mobile-responsive padding to pinned cards
TypeError: Cannot read properties of null (reading 'className')
 Γ¥» test/spa/react/repos/ActivityListPane.test.tsx:1169:26
    1167|             renderPane({ history: [makeHistoryTask()] });
    1168|             const card = document.querySelector('[data-task-id="h-1"]'ΓÇª
    1169|             expect(card!.className).toContain('py-2.5');
       |                          ^
    1170|             expect(card!.className).toContain('md:py-1');
    1171|         });

ΓÄ»ΓÄ»ΓÄ»ΓÄ»ΓÄ»ΓÄ»ΓÄ»ΓÄ»ΓÄ»ΓÄ»ΓÄ»ΓÄ»ΓÄ»ΓÄ»ΓÄ»ΓÄ»ΓÄ»ΓÄ»ΓÄ»ΓÄ»ΓÄ»[96/134]ΓÄ»

 FAIL  test/spa/react/repos/ActivityListPane.test.tsx > ActivityListPane > Dense mode > applies mobile-responsive padding to queued cards
TypeError: Cannot read properties of null (reading 'className')
 Γ¥» test/spa/react/repos/ActivityListPane.test.tsx:1177:26
    1175|             renderPane({ queued: [makeQueuedTask()] });
    1176|             const card = document.querySelector('[data-task-id="q-1"]'ΓÇª
    1177|             expect(card!.className).toContain('py-2.5');
       |                          ^
    1178|             expect(card!.className).toContain('md:py-1');
    1179|         });

ΓÄ»ΓÄ»ΓÄ»ΓÄ»ΓÄ»ΓÄ»ΓÄ»ΓÄ»ΓÄ»ΓÄ»ΓÄ»ΓÄ»ΓÄ»ΓÄ»ΓÄ»ΓÄ»ΓÄ»ΓÄ»ΓÄ»ΓÄ»ΓÄ»[97/134]ΓÄ»

 FAIL  test/spa/react/repos/ActivityListPane.test.tsx > ActivityListPane > Dense mode > applies mobile-responsive padding to archived cards
TestingLibraryElementError: Unable to find an element by: [data-testid="archived-chats-section-toggle"]

Ignored nodes: comments, script, style
<body>
  <div>
    <div
      class="relative flex-1 flex flex-col overflow-hidden"
    >
      <div
        class="p-4 text-center text-sm text-[#848484] flex-1"
        data-testid="queue-empty-state"
      >
        <div>
          No tasks in queue
        </div>
      </div>
    </div>
  </div>
</body>
 Γ¥» Object.getElementError ../../node_modules/@testing-library/dom/dist/config.js:37:19
 Γ¥» ../../node_modules/@testing-library/dom/dist/query-helpers.js:76:38
 Γ¥» ../../node_modules/@testing-library/dom/dist/query-helpers.js:52:17
 Γ¥» ../../node_modules/@testing-library/dom/dist/query-helpers.js:95:19
 Γ¥» test/spa/react/repos/ActivityListPane.test.tsx:1186:36
    1184|             renderPane({ history: [makeHistoryTask()] });
    1185|             // Archived section is collapsed by default ΓÇö expand it
    1186|             fireEvent.click(screen.getByTestId('archived-chats-sectionΓÇª
       |                                    ^
    1187|             const card = document.querySelector('[data-task-id="h-1"]'ΓÇª
    1188|             expect(card!.className).toContain('py-2.5');

ΓÄ»ΓÄ»ΓÄ»ΓÄ»ΓÄ»ΓÄ»ΓÄ»ΓÄ»ΓÄ»ΓÄ»ΓÄ»ΓÄ»ΓÄ»ΓÄ»ΓÄ»ΓÄ»ΓÄ»ΓÄ»ΓÄ»ΓÄ»ΓÄ»[98/134]ΓÄ»

 FAIL  test/spa/react/repos/ActivityListPane.test.tsx > ActivityListPane > Dense mode > does not apply mobile-responsive padding in compact mode
TypeError: Cannot read properties of null (reading 'className')
 Γ¥» test/spa/react/repos/ActivityListPane.test.tsx:1196:26
    1194|             renderPane({ history: [makeHistoryTask()] });
    1195|             const card = document.querySelector('[data-task-id="h-1"]'ΓÇª
    1196|             expect(card!.className).not.toContain('py-2.5');
       |                          ^
    1197|             expect(card!.className).not.toContain('md:py-1');
    1198|         });

ΓÄ»ΓÄ»ΓÄ»ΓÄ»ΓÄ»ΓÄ»ΓÄ»ΓÄ»ΓÄ»ΓÄ»ΓÄ»ΓÄ»ΓÄ»ΓÄ»ΓÄ»ΓÄ»ΓÄ»ΓÄ»ΓÄ»ΓÄ»ΓÄ»[99/134]ΓÄ»

 FAIL  test/spa/react/repos/ActivityListPane.test.tsx > ActivityListPane > Dense mode > does not apply mobile-responsive padding in normal mode
TypeError: Cannot read properties of null (reading 'className')
 Γ¥» test/spa/react/repos/ActivityListPane.test.tsx:1204:26
    1202|             renderPane({ history: [makeHistoryTask()] });
    1203|             const card = document.querySelector('[data-task-id="h-1"]'ΓÇª
    1204|             expect(card!.className).not.toContain('py-2.5');
       |                          ^
    1205|             expect(card!.className).not.toContain('md:py-1');
    1206|         });

ΓÄ»ΓÄ»ΓÄ»ΓÄ»ΓÄ»ΓÄ»ΓÄ»ΓÄ»ΓÄ»ΓÄ»ΓÄ»ΓÄ»ΓÄ»ΓÄ»ΓÄ»ΓÄ»ΓÄ»ΓÄ»ΓÄ»ΓÄ»[100/134]ΓÄ»

 FAIL  test/spa/react/repos/ActivityListPane.test.tsx > ActivityListPane > Delete chat > confirm dialog shown on delete
Error: Unable to fire a "contextmenu" event - please provide a DOM element.
 Γ¥» createEvent ../../node_modules/@testing-library/dom/dist/events.js:27:11
 Γ¥» createEvent.<computed> [as contextMenu] ../../node_modules/@testing-library/dom/dist/events.js:106:38
 Γ¥» fireEvent.<computed> [as contextMenu] ../../node_modules/@testing-library/dom/dist/events.js:110:68
 Γ¥» fireEvent.<computed> [as contextMenu] ../../node_modules/@testing-library/react/dist/fire-event.js:15:52
 Γ¥» test/spa/react/repos/ActivityListPane.test.tsx:1213:23
    1211|         it('confirm dialog shown on delete', async () => {
    1212|             renderPane({ history: [makeHistoryTask()], onMarkUnread: vΓÇª
    1213|             fireEvent.contextMenu(document.querySelector('[data-task-iΓÇª
       |                       ^
    1214|             // Completed tasks always use bulk menu path ΓÇö "Delete 1 cΓÇª
    1215|             fireEvent.click(screen.getByText(/Delete 1 chats/));

ΓÄ»ΓÄ»ΓÄ»ΓÄ»ΓÄ»ΓÄ»ΓÄ»ΓÄ»ΓÄ»ΓÄ»ΓÄ»ΓÄ»ΓÄ»ΓÄ»ΓÄ»ΓÄ»ΓÄ»ΓÄ»ΓÄ»ΓÄ»[101/134]ΓÄ»

 FAIL  test/spa/react/repos/ActivityListPane.test.tsx > ActivityListPane > Delete chat > DELETE called when confirmed
Error: Unable to fire a "contextmenu" event - please provide a DOM element.
 Γ¥» createEvent ../../node_modules/@testing-library/dom/dist/events.js:27:11
 Γ¥» createEvent.<computed> [as contextMenu] ../../node_modules/@testing-library/dom/dist/events.js:106:38
 Γ¥» fireEvent.<computed> [as contextMenu] ../../node_modules/@testing-library/dom/dist/events.js:110:68
 Γ¥» fireEvent.<computed> [as contextMenu] ../../node_modules/@testing-library/react/dist/fire-event.js:15:52
 Γ¥» test/spa/react/repos/ActivityListPane.test.tsx:1221:23
    1219|         it('DELETE called when confirmed', async () => {
    1220|             renderPane({ history: [makeHistoryTask()], onMarkUnread: vΓÇª
    1221|             fireEvent.contextMenu(document.querySelector('[data-task-iΓÇª
       |                       ^
    1222|             fireEvent.click(screen.getByText(/Delete 1 chats/));
    1223|             await waitFor(() => {

ΓÄ»ΓÄ»ΓÄ»ΓÄ»ΓÄ»ΓÄ»ΓÄ»ΓÄ»ΓÄ»ΓÄ»ΓÄ»ΓÄ»ΓÄ»ΓÄ»ΓÄ»ΓÄ»ΓÄ»ΓÄ»ΓÄ»ΓÄ»[102/134]ΓÄ»

 FAIL  test/spa/react/repos/ActivityListPane.test.tsx > ActivityListPane > shift+right-click bypass > shift+right-click does not open context menu
Error: Unable to fire a "contextmenu" event - please provide a DOM element.
 Γ¥» createEvent ../../node_modules/@testing-library/dom/dist/events.js:27:11
 Γ¥» createEvent.<computed> [as contextMenu] ../../node_modules/@testing-library/dom/dist/events.js:106:38
 Γ¥» fireEvent.<computed> [as contextMenu] ../../node_modules/@testing-library/dom/dist/events.js:110:68
 Γ¥» fireEvent.<computed> [as contextMenu] ../../node_modules/@testing-library/react/dist/fire-event.js:15:52
 Γ¥» test/spa/react/repos/ActivityListPane.test.tsx:1237:23
    1235|             renderPane({ running: [makeRunningTask()] });
    1236|             const card = document.querySelector('[data-task-id="run-1"ΓÇª
    1237|             fireEvent.contextMenu(card, { shiftKey: true });
       |                       ^
    1238|             expect(screen.queryByTestId('context-menu')).toBeNull();
    1239|         });

ΓÄ»ΓÄ»ΓÄ»ΓÄ»ΓÄ»ΓÄ»ΓÄ»ΓÄ»ΓÄ»ΓÄ»ΓÄ»ΓÄ»ΓÄ»ΓÄ»ΓÄ»ΓÄ»ΓÄ»ΓÄ»ΓÄ»ΓÄ»[103/134]ΓÄ»

 FAIL  test/spa/react/repos/ActivityListPane.test.tsx > ActivityListPane > Prompt preview > shows prompt preview in compact mode
TestingLibraryElementError: Unable to find an element with the text: Fix the login bug. This could be because the text is broken up by multiple elements. In this case, you can provide a function for your text matcher to make your matcher more flexible.

Ignored nodes: comments, script, style
<body>
  <div>
    <div
      class="relative flex-1 flex flex-col overflow-hidden"
    >
      <div
        class="p-4 text-center text-sm text-[#848484] flex-1"
        data-testid="queue-empty-state"
      >
        <div>
          No tasks in queue
        </div>
      </div>
    </div>
  </div>
</body>
 Γ¥» Object.getElementError ../../node_modules/@testing-library/dom/dist/config.js:37:19
 Γ¥» ../../node_modules/@testing-library/dom/dist/query-helpers.js:76:38
 Γ¥» ../../node_modules/@testing-library/dom/dist/query-helpers.js:52:17
 Γ¥» ../../node_modules/@testing-library/dom/dist/query-helpers.js:95:19
 Γ¥» test/spa/react/repos/ActivityListPane.test.tsx:1248:27
    1246|                 history: [makeHistoryTask({ prompt: 'Fix the login bugΓÇª
    1247|             });
    1248|             expect(screen.getByText('Fix the login bug')).toBeTruthy();
       |                           ^
    1249|         });
    1250| 

ΓÄ»ΓÄ»ΓÄ»ΓÄ»ΓÄ»ΓÄ»ΓÄ»ΓÄ»ΓÄ»ΓÄ»ΓÄ»ΓÄ»ΓÄ»ΓÄ»ΓÄ»ΓÄ»ΓÄ»ΓÄ»ΓÄ»ΓÄ»[104/134]ΓÄ»

 FAIL  test/spa/react/repos/ActivityListPane.test.tsx > ActivityListPane > Prompt preview > truncates long prompts
TestingLibraryElementError: Unable to find an element with the text: AAAAAAAAAAAAAAAAAAAAAAAAAAAAAAAAAAAAAAAAAAAAAAAAAAAAAAAAAΓÇª. This could be because the text is broken up by multiple elements. In this case, you can provide a function for your text matcher to make your matcher more flexible.

Ignored nodes: comments, script, style
<body>
  <div>
    <div
      class="relative flex-1 flex flex-col overflow-hidden"
    >
      <div
        class="p-4 text-center text-sm text-[#848484] flex-1"
        data-testid="queue-empty-state"
      >
        <div>
          No tasks in queue
        </div>
      </div>
    </div>
  </div>
</body>
 Γ¥» Object.getElementError ../../node_modules/@testing-library/dom/dist/config.js:37:19
 Γ¥» ../../node_modules/@testing-library/dom/dist/query-helpers.js:76:38
 Γ¥» ../../node_modules/@testing-library/dom/dist/query-helpers.js:52:17
 Γ¥» ../../node_modules/@testing-library/dom/dist/query-helpers.js:95:19
 Γ¥» test/spa/react/repos/ActivityListPane.test.tsx:1256:27
    1254|                 history: [makeHistoryTask({ prompt: longPrompt })],
    1255|             });
    1256|             expect(screen.getByText('A'.repeat(57) + 'ΓÇª')).toBeTruthy(ΓÇª
       |                           ^
    1257|         });
    1258| 

ΓÄ»ΓÄ»ΓÄ»ΓÄ»ΓÄ»ΓÄ»ΓÄ»ΓÄ»ΓÄ»ΓÄ»ΓÄ»ΓÄ»ΓÄ»ΓÄ»ΓÄ»ΓÄ»ΓÄ»ΓÄ»ΓÄ»ΓÄ»[105/134]ΓÄ»

 FAIL  test/spa/react/repos/ActivityListPane.test.tsx > ActivityListPane > History card: endTime fallback > renders timestamp from endTime when completedAt is absent
AssertionError: expected null to be truthy

- Expected: 
null

+ Received: 
false

 Γ¥» test/spa/react/repos/ActivityListPane.test.tsx:1278:26
    1276|             // The formatRelativeTime call should produce a timestamp ΓÇª
    1277|             const card = document.querySelector('[data-task-id="h-1"]'ΓÇª
    1278|             expect(card).toBeTruthy();
       |                          ^
    1279|             // Should contain tabular-nums span with text (not empty)
    1280|             const timestampEl = card.querySelector('.tabular-nums');

ΓÄ»ΓÄ»ΓÄ»ΓÄ»ΓÄ»ΓÄ»ΓÄ»ΓÄ»ΓÄ»ΓÄ»ΓÄ»ΓÄ»ΓÄ»ΓÄ»ΓÄ»ΓÄ»ΓÄ»ΓÄ»ΓÄ»ΓÄ»[106/134]ΓÄ»

 FAIL  test/spa/react/repos/ActivityListPane.test.tsx > ActivityListPane > History card: endTime fallback > renders empty timestamp when both completedAt and endTime are absent
TypeError: Cannot read properties of null (reading 'querySelector')
 Γ¥» test/spa/react/repos/ActivityListPane.test.tsx:1291:38
    1289|             renderPane({ history: [task] });
    1290|             const card = document.querySelector('[data-task-id="h-1"]'ΓÇª
    1291|             const timestampEl = card.querySelector('.tabular-nums');
       |                                      ^
    1292|             expect(timestampEl?.textContent).toBe('');
    1293|         });

ΓÄ»ΓÄ»ΓÄ»ΓÄ»ΓÄ»ΓÄ»ΓÄ»ΓÄ»ΓÄ»ΓÄ»ΓÄ»ΓÄ»ΓÄ»ΓÄ»ΓÄ»ΓÄ»ΓÄ»ΓÄ»ΓÄ»ΓÄ»[107/134]ΓÄ»

 FAIL  test/spa/react/repos/ActivityListPane.test.tsx > ActivityListPane > History card: title fallback > renders title field when displayName is absent
TestingLibraryElementError: Unable to find an element with the text: My Chat Title. This could be because the text is broken up by multiple elements. In this case, you can provide a function for your text matcher to make your matcher more flexible.

Ignored nodes: comments, script, style
<body>
  <div>
    <div
      class="relative flex-1 flex flex-col overflow-hidden"
    >
      <div
        class="p-4 text-center text-sm text-[#848484] flex-1"
        data-testid="queue-empty-state"
      >
        <div>
          No tasks in queue
        </div>
      </div>
    </div>
  </div>
</body>
 Γ¥» Object.getElementError ../../node_modules/@testing-library/dom/dist/config.js:37:19
 Γ¥» ../../node_modules/@testing-library/dom/dist/query-helpers.js:76:38
 Γ¥» ../../node_modules/@testing-library/dom/dist/query-helpers.js:52:17
 Γ¥» ../../node_modules/@testing-library/dom/dist/query-helpers.js:95:19
 Γ¥» test/spa/react/repos/ActivityListPane.test.tsx:1303:27
    1301|             });
    1302|             renderPane({ history: [task] });
    1303|             expect(screen.getByText('My Chat Title')).toBeTruthy();
       |                           ^
    1304|         });
    1305| 

ΓÄ»ΓÄ»ΓÄ»ΓÄ»ΓÄ»ΓÄ»ΓÄ»ΓÄ»ΓÄ»ΓÄ»ΓÄ»ΓÄ»ΓÄ»ΓÄ»ΓÄ»ΓÄ»ΓÄ»ΓÄ»ΓÄ»ΓÄ»[108/134]ΓÄ»

 FAIL  test/spa/react/repos/ActivityListPane.test.tsx > ActivityListPane > History card: title fallback > prefers displayName over title
TestingLibraryElementError: Unable to find an element with the text: Display Name. This could be because the text is broken up by multiple elements. In this case, you can provide a function for your text matcher to make your matcher more flexible.

Ignored nodes: comments, script, style
<body>
  <div>
    <div
      class="relative flex-1 flex flex-col overflow-hidden"
    >
      <div
        class="p-4 text-center text-sm text-[#848484] flex-1"
        data-testid="queue-empty-state"
      >
        <div>
          No tasks in queue
        </div>
      </div>
    </div>
  </div>
</body>
 Γ¥» Object.getElementError ../../node_modules/@testing-library/dom/dist/config.js:37:19
 Γ¥» ../../node_modules/@testing-library/dom/dist/query-helpers.js:76:38
 Γ¥» ../../node_modules/@testing-library/dom/dist/query-helpers.js:52:17
 Γ¥» ../../node_modules/@testing-library/dom/dist/query-helpers.js:95:19
 Γ¥» test/spa/react/repos/ActivityListPane.test.tsx:1312:27
    1310|             });
    1311|             renderPane({ history: [task] });
    1312|             expect(screen.getByText('Display Name')).toBeTruthy();
       |                           ^
    1313|             expect(screen.queryByText('Title Name')).toBeNull();
    1314|         });

ΓÄ»ΓÄ»ΓÄ»ΓÄ»ΓÄ»ΓÄ»ΓÄ»ΓÄ»ΓÄ»ΓÄ»ΓÄ»ΓÄ»ΓÄ»ΓÄ»ΓÄ»ΓÄ»ΓÄ»ΓÄ»ΓÄ»ΓÄ»[109/134]ΓÄ»

 FAIL  test/spa/react/repos/ActivityListPane.test.tsx > ActivityListPane > History card: title fallback > falls back to type when both displayName and title are absent
TestingLibraryElementError: Unable to find an element with the text: chat. This could be because the text is broken up by multiple elements. In this case, you can provide a function for your text matcher to make your matcher more flexible.

Ignored nodes: comments, script, style
<body>
  <div>
    <div
      class="relative flex-1 flex flex-col overflow-hidden"
    >
      <div
        class="p-4 text-center text-sm text-[#848484] flex-1"
        data-testid="queue-empty-state"
      >
        <div>
          No tasks in queue
        </div>
      </div>
    </div>
  </div>
</body>
 Γ¥» Object.getElementError ../../node_modules/@testing-library/dom/dist/config.js:37:19
 Γ¥» ../../node_modules/@testing-library/dom/dist/query-helpers.js:76:38
 Γ¥» ../../node_modules/@testing-library/dom/dist/query-helpers.js:52:17
 Γ¥» ../../node_modules/@testing-library/dom/dist/query-helpers.js:95:19
 Γ¥» test/spa/react/repos/ActivityListPane.test.tsx:1322:27
    1320|             });
    1321|             renderPane({ history: [task] });
    1322|             expect(screen.getByText('chat')).toBeTruthy();
       |                           ^
    1323|         });
    1324|     });

ΓÄ»ΓÄ»ΓÄ»ΓÄ»ΓÄ»ΓÄ»ΓÄ»ΓÄ»ΓÄ»ΓÄ»ΓÄ»ΓÄ»ΓÄ»ΓÄ»ΓÄ»ΓÄ»ΓÄ»ΓÄ»ΓÄ»ΓÄ»[110/134]ΓÄ»

 FAIL  test/spa/react/repos/ActivityListPane.test.tsx > ActivityListPane > Load more button > renders Load more button when hasMore is true and onLoadMore is provided
TestingLibraryElementError: Unable to find an element by: [data-testid="activity-load-more-btn"]

Ignored nodes: comments, script, style
<body>
  <div>
    <div
      class="relative flex-1 flex flex-col overflow-hidden"
    >
      <div
        class="p-4 text-center text-sm text-[#848484] flex-1"
        data-testid="queue-empty-state"
      >
        <div>
          No tasks in queue
        </div>
      </div>
    </div>
  </div>
</body>
 Γ¥» Object.getElementError ../../node_modules/@testing-library/dom/dist/config.js:37:19
 Γ¥» ../../node_modules/@testing-library/dom/dist/query-helpers.js:76:38
 Γ¥» ../../node_modules/@testing-library/dom/dist/query-helpers.js:52:17
 Γ¥» ../../node_modules/@testing-library/dom/dist/query-helpers.js:95:19
 Γ¥» test/spa/react/repos/ActivityListPane.test.tsx:1340:27
    1338|         it('renders Load more button when hasMore is true and onLoadMoΓÇª
    1339|             renderPane({ history: [makeHistoryTask()], hasMore: true, ΓÇª
    1340|             expect(screen.getByTestId('activity-load-more-btn')).toBeTΓÇª
       |                           ^
    1341|             expect(screen.getByTestId('activity-load-more-btn').textCoΓÇª
    1342|         });

ΓÄ»ΓÄ»ΓÄ»ΓÄ»ΓÄ»ΓÄ»ΓÄ»ΓÄ»ΓÄ»ΓÄ»ΓÄ»ΓÄ»ΓÄ»ΓÄ»ΓÄ»ΓÄ»ΓÄ»ΓÄ»ΓÄ»ΓÄ»[111/134]ΓÄ»

 FAIL  test/spa/react/repos/ActivityListPane.test.tsx > ActivityListPane > Load more button > calls onLoadMore when Load more button is clicked
TestingLibraryElementError: Unable to find an element by: [data-testid="activity-load-more-btn"]

Ignored nodes: comments, script, style
<body>
  <div>
    <div
      class="relative flex-1 flex flex-col overflow-hidden"
    >
      <div
        class="p-4 text-center text-sm text-[#848484] flex-1"
        data-testid="queue-empty-state"
      >
        <div>
          No tasks in queue
        </div>
      </div>
    </div>
  </div>
</body>
 Γ¥» Object.getElementError ../../node_modules/@testing-library/dom/dist/config.js:37:19
 Γ¥» ../../node_modules/@testing-library/dom/dist/query-helpers.js:76:38
 Γ¥» ../../node_modules/@testing-library/dom/dist/query-helpers.js:52:17
 Γ¥» ../../node_modules/@testing-library/dom/dist/query-helpers.js:95:19
 Γ¥» test/spa/react/repos/ActivityListPane.test.tsx:1347:36
    1345|             const onLoadMore = vi.fn();
    1346|             renderPane({ history: [makeHistoryTask()], hasMore: true, ΓÇª
    1347|             fireEvent.click(screen.getByTestId('activity-load-more-btnΓÇª
       |                                    ^
    1348|             expect(onLoadMore).toHaveBeenCalledTimes(1);
    1349|         });

ΓÄ»ΓÄ»ΓÄ»ΓÄ»ΓÄ»ΓÄ»ΓÄ»ΓÄ»ΓÄ»ΓÄ»ΓÄ»ΓÄ»ΓÄ»ΓÄ»ΓÄ»ΓÄ»ΓÄ»ΓÄ»ΓÄ»ΓÄ»[112/134]ΓÄ»

 FAIL  test/spa/react/repos/ActivityListPane.test.tsx > ActivityListPane > Load more button > shows "LoadingΓÇª" text when loadingMore is true
TestingLibraryElementError: Unable to find an element by: [data-testid="activity-load-more-btn"]

Ignored nodes: comments, script, style
<body>
  <div>
    <div
      class="relative flex-1 flex flex-col overflow-hidden"
    >
      <div
        class="p-4 text-center text-sm text-[#848484] flex-1"
        data-testid="queue-empty-state"
      >
        <div>
          No tasks in queue
        </div>
      </div>
    </div>
  </div>
</body>
 Γ¥» Object.getElementError ../../node_modules/@testing-library/dom/dist/config.js:37:19
 Γ¥» ../../node_modules/@testing-library/dom/dist/query-helpers.js:76:38
 Γ¥» ../../node_modules/@testing-library/dom/dist/query-helpers.js:52:17
 Γ¥» ../../node_modules/@testing-library/dom/dist/query-helpers.js:95:19
 Γ¥» test/spa/react/repos/ActivityListPane.test.tsx:1353:27
    1351|         it('shows "LoadingΓÇª" text when loadingMore is true', () => {
    1352|             renderPane({ history: [makeHistoryTask()], hasMore: true, ΓÇª
    1353|             expect(screen.getByTestId('activity-load-more-btn').textCoΓÇª
       |                           ^
    1354|         });
    1355| 

ΓÄ»ΓÄ»ΓÄ»ΓÄ»ΓÄ»ΓÄ»ΓÄ»ΓÄ»ΓÄ»ΓÄ»ΓÄ»ΓÄ»ΓÄ»ΓÄ»ΓÄ»ΓÄ»ΓÄ»ΓÄ»ΓÄ»ΓÄ»[113/134]ΓÄ»

 FAIL  test/spa/react/repos/ActivityListPane.test.tsx > ActivityListPane > Load more button > disables button when loadingMore is true
TestingLibraryElementError: Unable to find an element by: [data-testid="activity-load-more-btn"]

Ignored nodes: comments, script, style
<body>
  <div>
    <div
      class="relative flex-1 flex flex-col overflow-hidden"
    >
      <div
        class="p-4 text-center text-sm text-[#848484] flex-1"
        data-testid="queue-empty-state"
      >
        <div>
          No tasks in queue
        </div>
      </div>
    </div>
  </div>
</body>
 Γ¥» Object.getElementError ../../node_modules/@testing-library/dom/dist/config.js:37:19
 Γ¥» ../../node_modules/@testing-library/dom/dist/query-helpers.js:76:38
 Γ¥» ../../node_modules/@testing-library/dom/dist/query-helpers.js:52:17
 Γ¥» ../../node_modules/@testing-library/dom/dist/query-helpers.js:95:19
 Γ¥» test/spa/react/repos/ActivityListPane.test.tsx:1358:27
    1356|         it('disables button when loadingMore is true', () => {
    1357|             renderPane({ history: [makeHistoryTask()], hasMore: true, ΓÇª
    1358|             expect(screen.getByTestId('activity-load-more-btn')).toHavΓÇª
       |                           ^
    1359|         });
    1360| 

ΓÄ»ΓÄ»ΓÄ»ΓÄ»ΓÄ»ΓÄ»ΓÄ»ΓÄ»ΓÄ»ΓÄ»ΓÄ»ΓÄ»ΓÄ»ΓÄ»ΓÄ»ΓÄ»ΓÄ»ΓÄ»ΓÄ»ΓÄ»[114/134]ΓÄ»

 FAIL  test/spa/react/repos/ActivityListPane.test.tsx > ActivityListPane > Load more button > keeps Load more visible when Completed Tasks section is collapsed
TestingLibraryElementError: Unable to find an element with the text: /Completed Tasks/. This could be because the text is broken up by multiple elements. In this case, you can provide a function for your text matcher to make your matcher more flexible.

Ignored nodes: comments, script, style
<body>
  <div>
    <div
      class="relative flex-1 flex flex-col overflow-hidden"
    >
      <div
        class="p-4 text-center text-sm text-[#848484] flex-1"
        data-testid="queue-empty-state"
      >
        <div>
          No tasks in queue
        </div>
      </div>
    </div>
  </div>
</body>
 Γ¥» Object.getElementError ../../node_modules/@testing-library/dom/dist/config.js:37:19
 Γ¥» ../../node_modules/@testing-library/dom/dist/query-helpers.js:76:38
 Γ¥» ../../node_modules/@testing-library/dom/dist/query-helpers.js:52:17
 Γ¥» ../../node_modules/@testing-library/dom/dist/query-helpers.js:95:19
 Γ¥» test/spa/react/repos/ActivityListPane.test.tsx:1364:36
    1362|             renderPane({ history: [makeHistoryTask()], hasMore: true, ΓÇª
    1363|             // showHistory starts as true; click to collapse
    1364|             fireEvent.click(screen.getByText(/Completed Tasks/));
       |                                    ^
    1365|             expect(screen.getByTestId('activity-load-more-btn')).toBeTΓÇª
    1366|         });

ΓÄ»ΓÄ»ΓÄ»ΓÄ»ΓÄ»ΓÄ»ΓÄ»ΓÄ»ΓÄ»ΓÄ»ΓÄ»ΓÄ»ΓÄ»ΓÄ»ΓÄ»ΓÄ»ΓÄ»ΓÄ»ΓÄ»ΓÄ»[115/134]ΓÄ»

 FAIL  test/spa/react/repos/ActivityListPane.test.tsx > ActivityListPane > Load more button > renders Load more button after the Archived section
TestingLibraryElementError: Unable to find an element by: [data-testid="activity-load-more-btn"]

Ignored nodes: comments, script, style
<body>
  <div>
    <div
      class="relative flex-1 flex flex-col overflow-hidden"
    >
      <div
        class="p-4 text-center text-sm text-[#848484] flex-1"
        data-testid="queue-empty-state"
      >
        <div>
          No tasks in queue
        </div>
      </div>
    </div>
  </div>
</body>
 Γ¥» Object.getElementError ../../node_modules/@testing-library/dom/dist/config.js:37:19
 Γ¥» ../../node_modules/@testing-library/dom/dist/query-helpers.js:76:38
 Γ¥» ../../node_modules/@testing-library/dom/dist/query-helpers.js:52:17
 Γ¥» ../../node_modules/@testing-library/dom/dist/query-helpers.js:95:19
 Γ¥» test/spa/react/repos/ActivityListPane.test.tsx:1375:32
    1373|                 onLoadMore: vi.fn(),
    1374|             });
    1375|             const btn = screen.getByTestId('activity-load-more-btn');
       |                                ^
    1376|             const archivedToggle = screen.getByTestId('archived-chats-ΓÇª
    1377|             // Load more button should appear after the archived sectiΓÇª

ΓÄ»ΓÄ»ΓÄ»ΓÄ»ΓÄ»ΓÄ»ΓÄ»ΓÄ»ΓÄ»ΓÄ»ΓÄ»ΓÄ»ΓÄ»ΓÄ»ΓÄ»ΓÄ»ΓÄ»ΓÄ»ΓÄ»ΓÄ»[116/134]ΓÄ»

 FAIL  test/spa/react/repos/ActivityListPane.test.tsx > ActivityListPane > Server-side search results > renders search results section when searchResults is non-null
TestingLibraryElementError: Unable to find an element with the text: /Search Results/. This could be because the text is broken up by multiple elements. In this case, you can provide a function for your text matcher to make your matcher more flexible.

Ignored nodes: comments, script, style
<body>
  <div>
    <div
      class="relative flex-1 flex flex-col overflow-hidden"
    >
      <div
        class="p-4 text-center text-sm text-[#848484] flex-1"
        data-testid="queue-empty-state"
      >
        <div>
          No tasks in queue
        </div>
      </div>
    </div>
  </div>
</body>
 Γ¥» Object.getElementError ../../node_modules/@testing-library/dom/dist/config.js:37:19
 Γ¥» ../../node_modules/@testing-library/dom/dist/query-helpers.js:76:38
 Γ¥» ../../node_modules/@testing-library/dom/dist/query-helpers.js:52:17
 Γ¥» ../../node_modules/@testing-library/dom/dist/query-helpers.js:95:19
 Γ¥» test/spa/react/repos/ActivityListPane.test.tsx:1408:27
    1406|                 searchTotal: 1,
    1407|             });
    1408|             expect(screen.getByText(/Search Results/)).toBeTruthy();
       |                           ^
    1409|             expect(document.querySelector('[data-testid="search-resultΓÇª
    1410|         });

ΓÄ»ΓÄ»ΓÄ»ΓÄ»ΓÄ»ΓÄ»ΓÄ»ΓÄ»ΓÄ»ΓÄ»ΓÄ»ΓÄ»ΓÄ»ΓÄ»ΓÄ»ΓÄ»ΓÄ»ΓÄ»ΓÄ»ΓÄ»[117/134]ΓÄ»

 FAIL  test/spa/react/repos/ActivityListPane.test.tsx > ActivityListPane > Server-side search results > shows search result count including total
TestingLibraryElementError: Unable to find an element with the text: /Search Results/. This could be because the text is broken up by multiple elements. In this case, you can provide a function for your text matcher to make your matcher more flexible.

Ignored nodes: comments, script, style
<body>
  <div>
    <div
      class="relative flex-1 flex flex-col overflow-hidden"
    >
      <div
        class="p-4 text-center text-sm text-[#848484] flex-1"
        data-testid="queue-empty-state"
      >
        <div>
          No tasks in queue
        </div>
      </div>
    </div>
  </div>
</body>
 Γ¥» Object.getElementError ../../node_modules/@testing-library/dom/dist/config.js:37:19
 Γ¥» ../../node_modules/@testing-library/dom/dist/query-helpers.js:76:38
 Γ¥» ../../node_modules/@testing-library/dom/dist/query-helpers.js:52:17
 Γ¥» ../../node_modules/@testing-library/dom/dist/query-helpers.js:95:19
 Γ¥» test/spa/react/repos/ActivityListPane.test.tsx:1429:27
    1427|                 searchTotal: 47,
    1428|             });
    1429|             expect(screen.getByText(/Search Results/).textContent).toCΓÇª
       |                           ^
    1430|             expect(screen.getByText(/Search Results/).textContent).toCΓÇª
    1431|         });

ΓÄ»ΓÄ»ΓÄ»ΓÄ»ΓÄ»ΓÄ»ΓÄ»ΓÄ»ΓÄ»ΓÄ»ΓÄ»ΓÄ»ΓÄ»ΓÄ»ΓÄ»ΓÄ»ΓÄ»ΓÄ»ΓÄ»ΓÄ»[118/134]ΓÄ»

 FAIL  test/spa/react/repos/ActivityListPane.test.tsx > ActivityListPane > Server-side search results > shows "No matching conversations found" for empty results
TestingLibraryElementError: Unable to find an element by: [data-testid="search-no-results"]

Ignored nodes: comments, script, style
<body>
  <div>
    <div
      class="relative flex-1 flex flex-col overflow-hidden"
    >
      <div
        class="p-4 text-center text-sm text-[#848484] flex-1"
        data-testid="queue-empty-state"
      >
        <div>
          No tasks in queue
        </div>
      </div>
    </div>
  </div>
</body>
 Γ¥» Object.getElementError ../../node_modules/@testing-library/dom/dist/config.js:37:19
 Γ¥» ../../node_modules/@testing-library/dom/dist/query-helpers.js:76:38
 Γ¥» ../../node_modules/@testing-library/dom/dist/query-helpers.js:52:17
 Γ¥» ../../node_modules/@testing-library/dom/dist/query-helpers.js:95:19
 Γ¥» test/spa/react/repos/ActivityListPane.test.tsx:1439:27
    1437|                 searchTotal: 0,
    1438|             });
    1439|             expect(screen.getByTestId('search-no-results')).toBeTruthyΓÇª
       |                           ^
    1440|             expect(screen.getByText('No matching conversations found')ΓÇª
    1441|         });

ΓÄ»ΓÄ»ΓÄ»ΓÄ»ΓÄ»ΓÄ»ΓÄ»ΓÄ»ΓÄ»ΓÄ»ΓÄ»ΓÄ»ΓÄ»ΓÄ»ΓÄ»ΓÄ»ΓÄ»ΓÄ»ΓÄ»ΓÄ»[119/134]ΓÄ»

 FAIL  test/spa/react/repos/ActivityListPane.test.tsx > ActivityListPane > Server-side search results > renders search snippet with dangerouslySetInnerHTML
AssertionError: expected null to be truthy

- Expected: 
null

+ Received: 
false

 Γ¥» test/spa/react/repos/ActivityListPane.test.tsx:1452:31
    1450|             });
    1451|             const snippetEl = container.querySelector('[data-testid="sΓÇª
    1452|             expect(snippetEl).toBeTruthy();
       |                               ^
    1453|             expect(snippetEl!.innerHTML).toContain('<mark>query</mark>ΓÇª
    1454|         });

ΓÄ»ΓÄ»ΓÄ»ΓÄ»ΓÄ»ΓÄ»ΓÄ»ΓÄ»ΓÄ»ΓÄ»ΓÄ»ΓÄ»ΓÄ»ΓÄ»ΓÄ»ΓÄ»ΓÄ»ΓÄ»ΓÄ»ΓÄ»[120/134]ΓÄ»

 FAIL  test/spa/react/repos/ActivityListPane.test.tsx > ActivityListPane > Server-side search results > renders task type icon and status in search results
AssertionError: expected 'No tasks in queue' to contain 'Γ£à'

- Expected
+ Received

- Γ£à
+ No tasks in queue

 Γ¥» test/spa/react/repos/ActivityListPane.test.tsx:1465:43
    1463|                 searchTotal: 2,
    1464|             });
    1465|             expect(container.textContent).toContain('Γ£à');
       |                                           ^
    1466|             expect(container.textContent).toContain('Γ¥î');
    1467|         });

ΓÄ»ΓÄ»ΓÄ»ΓÄ»ΓÄ»ΓÄ»ΓÄ»ΓÄ»ΓÄ»ΓÄ»ΓÄ»ΓÄ»ΓÄ»ΓÄ»ΓÄ»ΓÄ»ΓÄ»ΓÄ»ΓÄ»ΓÄ»[121/134]ΓÄ»

 FAIL  test/spa/react/repos/ActivityListPane.test.tsx > ActivityListPane > Server-side search results > calls onSelectTask when clicking a search result
TestingLibraryElementError: Unable to find an element by: [data-testid="search-result-item"]

Ignored nodes: comments, script, style
<body>
  <div>
    <div
      class="relative flex-1 flex flex-col overflow-hidden"
    >
      <div
        class="p-4 text-center text-sm text-[#848484] flex-1"
        data-testid="queue-empty-state"
      >
        <div>
          No tasks in queue
        </div>
      </div>
    </div>
  </div>
</body>
 Γ¥» Object.getElementError ../../node_modules/@testing-library/dom/dist/config.js:37:19
 Γ¥» ../../node_modules/@testing-library/dom/dist/query-helpers.js:76:38
 Γ¥» ../../node_modules/@testing-library/dom/dist/query-helpers.js:52:17
 Γ¥» ../../node_modules/@testing-library/dom/dist/query-helpers.js:95:19
 Γ¥» test/spa/react/repos/ActivityListPane.test.tsx:1477:36
    1475|                 onSelectTask,
    1476|             });
    1477|             fireEvent.click(screen.getByTestId('search-result-item'));
       |                                    ^
    1478|             expect(onSelectTask).toHaveBeenCalledWith('sr-click', expeΓÇª
    1479|         });

ΓÄ»ΓÄ»ΓÄ»ΓÄ»ΓÄ»ΓÄ»ΓÄ»ΓÄ»ΓÄ»ΓÄ»ΓÄ»ΓÄ»ΓÄ»ΓÄ»ΓÄ»ΓÄ»ΓÄ»ΓÄ»ΓÄ»ΓÄ»[122/134]ΓÄ»

 FAIL  test/spa/react/repos/ActivityListPane.test.tsx > ActivityListPane > Server-side search results > highlights selected search result with ring
AssertionError: the given combination of arguments (undefined and string) is invalid for this assertion. You can use an array, a map, an object, a set, a string, or a weakset instead of a string
 Γ¥» test/spa/react/repos/ActivityListPane.test.tsx:1489:37
    1487|             });
    1488|             const card = document.querySelector('[data-task-id="sr-selΓÇª
    1489|             expect(card?.className).toContain('ring-2');
       |                                     ^
    1490|         });
    1491| 

ΓÄ»ΓÄ»ΓÄ»ΓÄ»ΓÄ»ΓÄ»ΓÄ»ΓÄ»ΓÄ»ΓÄ»ΓÄ»ΓÄ»ΓÄ»ΓÄ»ΓÄ»ΓÄ»ΓÄ»ΓÄ»ΓÄ»ΓÄ»[123/134]ΓÄ»

 FAIL  test/spa/react/repos/ActivityListPane.test.tsx > ActivityListPane > Server-side search results > shows Load more results button when searchHasMore is true
TestingLibraryElementError: Unable to find an element by: [data-testid="search-load-more-btn"]

Ignored nodes: comments, script, style
<body>
  <div>
    <div
      class="relative flex-1 flex flex-col overflow-hidden"
    >
      <div
        class="p-4 text-center text-sm text-[#848484] flex-1"
        data-testid="queue-empty-state"
      >
        <div>
          No tasks in queue
        </div>
      </div>
    </div>
  </div>
</body>
 Γ¥» Object.getElementError ../../node_modules/@testing-library/dom/dist/config.js:37:19
 Γ¥» ../../node_modules/@testing-library/dom/dist/query-helpers.js:76:38
 Γ¥» ../../node_modules/@testing-library/dom/dist/query-helpers.js:52:17
 Γ¥» ../../node_modules/@testing-library/dom/dist/query-helpers.js:95:19
 Γ¥» test/spa/react/repos/ActivityListPane.test.tsx:1500:27
    1498|                 onLoadMoreSearchResults: vi.fn(),
    1499|             });
    1500|             expect(screen.getByTestId('search-load-more-btn')).toBeTruΓÇª
       |                           ^
    1501|             expect(screen.getByTestId('search-load-more-btn').textContΓÇª
    1502|         });

ΓÄ»ΓÄ»ΓÄ»ΓÄ»ΓÄ»ΓÄ»ΓÄ»ΓÄ»ΓÄ»ΓÄ»ΓÄ»ΓÄ»ΓÄ»ΓÄ»ΓÄ»ΓÄ»ΓÄ»ΓÄ»ΓÄ»ΓÄ»[124/134]ΓÄ»

 FAIL  test/spa/react/repos/ActivityListPane.test.tsx > ActivityListPane > Server-side search results > calls onLoadMoreSearchResults when Load more results is clicked
TestingLibraryElementError: Unable to find an element by: [data-testid="search-load-more-btn"]

Ignored nodes: comments, script, style
<body>
  <div>
    <div
      class="relative flex-1 flex flex-col overflow-hidden"
    >
      <div
        class="p-4 text-center text-sm text-[#848484] flex-1"
        data-testid="queue-empty-state"
      >
        <div>
          No tasks in queue
        </div>
      </div>
    </div>
  </div>
</body>
 Γ¥» Object.getElementError ../../node_modules/@testing-library/dom/dist/config.js:37:19
 Γ¥» ../../node_modules/@testing-library/dom/dist/query-helpers.js:76:38
 Γ¥» ../../node_modules/@testing-library/dom/dist/query-helpers.js:52:17
 Γ¥» ../../node_modules/@testing-library/dom/dist/query-helpers.js:95:19
 Γ¥» test/spa/react/repos/ActivityListPane.test.tsx:1513:36
    1511|                 onLoadMoreSearchResults: onLoadMore,
    1512|             });
    1513|             fireEvent.click(screen.getByTestId('search-load-more-btn')ΓÇª
       |                                    ^
    1514|             expect(onLoadMore).toHaveBeenCalledTimes(1);
    1515|         });

ΓÄ»ΓÄ»ΓÄ»ΓÄ»ΓÄ»ΓÄ»ΓÄ»ΓÄ»ΓÄ»ΓÄ»ΓÄ»ΓÄ»ΓÄ»ΓÄ»ΓÄ»ΓÄ»ΓÄ»ΓÄ»ΓÄ»ΓÄ»[125/134]ΓÄ»

 FAIL  test/spa/react/repos/ActivityListPane.test.tsx > ActivityListPane > Server-side search results > shows loading state on Load more results button
TestingLibraryElementError: Unable to find an element by: [data-testid="search-load-more-btn"]

Ignored nodes: comments, script, style
<body>
  <div>
    <div
      class="relative flex-1 flex flex-col overflow-hidden"
    >
      <div
        class="p-4 text-center text-sm text-[#848484] flex-1"
        data-testid="queue-empty-state"
      >
        <div>
          No tasks in queue
        </div>
      </div>
    </div>
  </div>
</body>
 Γ¥» Object.getElementError ../../node_modules/@testing-library/dom/dist/config.js:37:19
 Γ¥» ../../node_modules/@testing-library/dom/dist/query-helpers.js:76:38
 Γ¥» ../../node_modules/@testing-library/dom/dist/query-helpers.js:52:17
 Γ¥» ../../node_modules/@testing-library/dom/dist/query-helpers.js:95:19
 Γ¥» test/spa/react/repos/ActivityListPane.test.tsx:1526:27
    1524|                 onLoadMoreSearchResults: vi.fn(),
    1525|             });
    1526|             expect(screen.getByTestId('search-load-more-btn').textContΓÇª
       |                           ^
    1527|             expect(screen.getByTestId('search-load-more-btn')).toHavePΓÇª
    1528|         });

ΓÄ»ΓÄ»ΓÄ»ΓÄ»ΓÄ»ΓÄ»ΓÄ»ΓÄ»ΓÄ»ΓÄ»ΓÄ»ΓÄ»ΓÄ»ΓÄ»ΓÄ»ΓÄ»ΓÄ»ΓÄ»ΓÄ»ΓÄ»[126/134]ΓÄ»

 FAIL  test/spa/react/repos/ActivityListPane.test.tsx > ActivityListPane > Server-side search results > running tasks are still shown with client-side filter while searching
AssertionError: expected null to be truthy

- Expected: 
null

+ Received: 
false

 Γ¥» test/spa/react/repos/ActivityListPane.test.tsx:1548:68
    1546|                 searchTotal: 1,
    1547|             });
    1548|             expect(document.querySelector('[data-task-id="r-1"]')).toBΓÇª
       |                                                                    ^
    1549|         });
    1550| 

ΓÄ»ΓÄ»ΓÄ»ΓÄ»ΓÄ»ΓÄ»ΓÄ»ΓÄ»ΓÄ»ΓÄ»ΓÄ»ΓÄ»ΓÄ»ΓÄ»ΓÄ»ΓÄ»ΓÄ»ΓÄ»ΓÄ»ΓÄ»[127/134]ΓÄ»

 FAIL  test/spa/react/repos/ActivityListPane.test.tsx > ActivityListPane > Server-side search results > calls onSearchQueryChange when search input changes
TestingLibraryElementError: Unable to find an element by: [data-testid="queue-search-input"]

Ignored nodes: comments, script, style
<body>
  <div>
    <div
      class="relative flex-1 flex flex-col overflow-hidden"
    >
      <div
        class="p-4 text-center text-sm text-[#848484] flex-1"
        data-testid="queue-empty-state"
      >
        <div>
          No tasks in queue
        </div>
      </div>
    </div>
  </div>
</body>
 Γ¥» Object.getElementError ../../node_modules/@testing-library/dom/dist/config.js:37:19
 Γ¥» ../../node_modules/@testing-library/dom/dist/query-helpers.js:76:38
 Γ¥» ../../node_modules/@testing-library/dom/dist/query-helpers.js:52:17
 Γ¥» ../../node_modules/@testing-library/dom/dist/query-helpers.js:95:19
 Γ¥» test/spa/react/repos/ActivityListPane.test.tsx:1558:37
    1556|             });
    1557|             fireEvent.keyDown(document, { key: 'f', ctrlKey: true });
    1558|             fireEvent.change(screen.getByTestId('queue-search-input'),ΓÇª
       |                                     ^
    1559|             expect(onSearchQueryChange).toHaveBeenCalledWith('test');
    1560|         });

ΓÄ»ΓÄ»ΓÄ»ΓÄ»ΓÄ»ΓÄ»ΓÄ»ΓÄ»ΓÄ»ΓÄ»ΓÄ»ΓÄ»ΓÄ»ΓÄ»ΓÄ»ΓÄ»ΓÄ»ΓÄ»ΓÄ»ΓÄ»[128/134]ΓÄ»

 FAIL  test/spa/react/repos/ActivityListPane.test.tsx > ActivityListPane > Server-side search results > shows loading indicator when searchLoading is true
TestingLibraryElementError: Unable to find an element by: [data-testid="queue-search-input"]

Ignored nodes: comments, script, style
<body>
  <div>
    <div
      class="relative flex-1 flex flex-col overflow-hidden"
    >
      <div
        class="p-4 text-center text-sm text-[#848484] flex-1"
        data-testid="queue-empty-state"
      >
        <div>
          No tasks in queue
        </div>
      </div>
    </div>
  </div>
</body>
 Γ¥» Object.getElementError ../../node_modules/@testing-library/dom/dist/config.js:37:19
 Γ¥» ../../node_modules/@testing-library/dom/dist/query-helpers.js:76:38
 Γ¥» ../../node_modules/@testing-library/dom/dist/query-helpers.js:52:17
 Γ¥» ../../node_modules/@testing-library/dom/dist/query-helpers.js:95:19
 Γ¥» test/spa/react/repos/ActivityListPane.test.tsx:1571:37
    1569|             // Search loading indicator only visible when search bar iΓÇª
    1570|             fireEvent.keyDown(document, { key: 'f', ctrlKey: true });
    1571|             fireEvent.change(screen.getByTestId('queue-search-input'),ΓÇª
       |                                     ^
    1572|             expect(screen.getByTestId('search-loading-indicator')).toBΓÇª
    1573|         });

ΓÄ»ΓÄ»ΓÄ»ΓÄ»ΓÄ»ΓÄ»ΓÄ»ΓÄ»ΓÄ»ΓÄ»ΓÄ»ΓÄ»ΓÄ»ΓÄ»ΓÄ»ΓÄ»ΓÄ»ΓÄ»ΓÄ»ΓÄ»[129/134]ΓÄ»

 FAIL  test/spa/react/repos/ActivityListPane.test.tsx > ActivityListPane > Server-side search results > search placeholder says "Search all conversationsΓÇª"
TestingLibraryElementError: Unable to find an element by: [data-testid="queue-search-input"]

Ignored nodes: comments, script, style
<body>
  <div>
    <div
      class="relative flex-1 flex flex-col overflow-hidden"
    >
      <div
        class="p-4 text-center text-sm text-[#848484] flex-1"
        data-testid="queue-empty-state"
      >
        <div>
          No tasks in queue
        </div>
      </div>
    </div>
  </div>
</body>
 Γ¥» Object.getElementError ../../node_modules/@testing-library/dom/dist/config.js:37:19
 Γ¥» ../../node_modules/@testing-library/dom/dist/query-helpers.js:76:38
 Γ¥» ../../node_modules/@testing-library/dom/dist/query-helpers.js:52:17
 Γ¥» ../../node_modules/@testing-library/dom/dist/query-helpers.js:95:19
 Γ¥» test/spa/react/repos/ActivityListPane.test.tsx:1578:34
    1576|             renderPane({ history: [makeHistoryTask()] });
    1577|             fireEvent.keyDown(document, { key: 'f', ctrlKey: true });
    1578|             const input = screen.getByTestId('queue-search-input');
       |                                  ^
    1579|             expect(input.getAttribute('placeholder')).toBe('Search allΓÇª
    1580|         });

ΓÄ»ΓÄ»ΓÄ»ΓÄ»ΓÄ»ΓÄ»ΓÄ»ΓÄ»ΓÄ»ΓÄ»ΓÄ»ΓÄ»ΓÄ»ΓÄ»ΓÄ»ΓÄ»ΓÄ»ΓÄ»ΓÄ»ΓÄ»[130/134]ΓÄ»

 FAIL  test/spa/react/repos/ActivityListPane.test.tsx > ActivityListPane > Server-side search results > reverts to normal view when searchResults is null
AssertionError: expected null to be truthy

- Expected: 
null

+ Received: 
false

 Γ¥» test/spa/react/repos/ActivityListPane.test.tsx:1589:73
    1587|             });
    1588|             expect(screen.queryByText(/Search Results/)).toBeNull();
    1589|             expect(document.querySelector('[data-task-id="h-normal"]')ΓÇª
       |                                                                         ^
    1590|         });
    1591|     });

ΓÄ»ΓÄ»ΓÄ»ΓÄ»ΓÄ»ΓÄ»ΓÄ»ΓÄ»ΓÄ»ΓÄ»ΓÄ»ΓÄ»ΓÄ»ΓÄ»ΓÄ»ΓÄ»ΓÄ»ΓÄ»ΓÄ»ΓÄ»[131/134]ΓÄ»

 FAIL  test/spa/react/repos/ActivityListPane.test.tsx > taskMatchesFilter: exclusion logic > excludes by flat mode field when payload.mode is absent
AssertionError: expected true to be false // Object.is equality

- Expected
+ Received

- false
+ true

 Γ¥» test/spa/react/repos/ActivityListPane.test.tsx:1646:84
    1644| 
    1645|     it('excludes by flat mode field when payload.mode is absent', () =ΓÇª
    1646|         expect(taskMatchesFilter({ type: 'chat', mode: 'ask' }, new SeΓÇª
       |                                                                                    ^
    1647|     });
    1648| 

ΓÄ»ΓÄ»ΓÄ»ΓÄ»ΓÄ»ΓÄ»ΓÄ»ΓÄ»ΓÄ»ΓÄ»ΓÄ»ΓÄ»ΓÄ»ΓÄ»ΓÄ»ΓÄ»ΓÄ»ΓÄ»ΓÄ»ΓÄ»[132/134]ΓÄ»

 FAIL  test/spa/react/repos/ActivityListPane.test.tsx > taskMatchesSearch: promptPreview support > matches by promptPreview field
AssertionError: expected false to be true // Object.is equality

- Expected
+ Received

- true
+ false

 Γ¥» test/spa/react/repos/ActivityListPane.test.tsx:1664:78
    1662| describe('taskMatchesSearch: promptPreview support', () => {
    1663|     it('matches by promptPreview field', () => {
    1664|         expect(taskMatchesSearch({ promptPreview: 'hello world' }, 'heΓÇª
       |                                                                              ^
    1665|     });
    1666| 

ΓÄ»ΓÄ»ΓÄ»ΓÄ»ΓÄ»ΓÄ»ΓÄ»ΓÄ»ΓÄ»ΓÄ»ΓÄ»ΓÄ»ΓÄ»ΓÄ»ΓÄ»ΓÄ»ΓÄ»ΓÄ»ΓÄ»ΓÄ»[133/134]ΓÄ»

 FAIL  test/spa/react/repos/ActivityListPane.test.tsx > taskMatchesSearch: promptPreview support > falls back to promptPreview when prompt is absent
AssertionError: expected false to be true // Object.is equality

- Expected
+ Received

- true
+ false

 Γ¥» test/spa/react/repos/ActivityListPane.test.tsx:1676:83
    1674| 
    1675|     it('falls back to promptPreview when prompt is absent', () => {
    1676|         expect(taskMatchesSearch({ promptPreview: 'fallback text' }, 'ΓÇª
       |                                                                                   ^
    1677|     });
    1678| 

ΓÄ»ΓÄ»ΓÄ»ΓÄ»ΓÄ»ΓÄ»ΓÄ»ΓÄ»ΓÄ»ΓÄ»ΓÄ»ΓÄ»ΓÄ»ΓÄ»ΓÄ»ΓÄ»ΓÄ»ΓÄ»ΓÄ»ΓÄ»[134/134]ΓÄ»

[2m Test Files [22m [1m[31m1 failed[39m[22m[90m (1)[39m
[2m      Tests [22m [1m[31m134 failed[39m[22m[2m | [22m[1m[32m45 passed[39m[22m[90m (179)[39m
[2m   Start at [22m 14:44:54
[2m   Duration [22m 2.49s[2m (transform 893ms, setup 83ms, collect 860ms, tests 378ms, environment 523ms, prepare 111ms)[22m

